PASS AC-K211a board canonical single BOM byte-level
PASS AC-K211a board has no CR bytes
PASS AC-K211a stale-board count = exactly 1 done row (R1072 natural stale)
PASS AC-K211a migrated row byte length = 2522 (pre-registered)
PASS AC-K211a md5 of migrated row (pre) identical to pre-registered: 342c98e2767a1a104c9f83a37b7dc4f6
PASS AC-K211a claim row pre-landed on disk before cut action (write order held)
PASS AC-K211a post-claim open rows = exactly 5 [claim + O-013-4 + legal gated + R777 gated + bootstrap]
PASS AC-K211a rule header anchor occurs exactly once
PASS AC-K211a board claim-landed = 12970 B (11077 + claim 1893 + LF 1)
PASS AC-K211a claim line byte-content == pre-registered CLAIM payload
PASS AC-K211b 10-month archive pre sections = 116
PASS AC-K211b 10-month archive pre bytes = 502309
PASS AC-K211b 10-month archive has no R1073 section yet
PASS AC-K211b 10-month archive ends with single newline (pure-append precondition)
PASS AC-K211b 10-month archive has no BOM (byte-level)
PASS AC-K211b 09-month archive zero-touch pre-op == git HEAD blob (byte match)
PASS AC-K211b 09-month archive md5 baseline in place
PASS AC-K211a state pre-closeout = round-start 79037 B (untouched by claim/knife steps)
PASS AC-K211a state closeout tail anchor (R1072 tokens tail) unique
PASS AC-K211a claim line on disk == payload (verbatim)
INFO FIN/ST cross fixed-point converged in 2 iterations (FIN=11166 ST=81688)
PASS AC-K211c pre-write FIN self-check 11166
PASS AC-K211c pre-write ST self-check 81688
PASS AC-K211c pre-write state parse (tick 1073, log 62->64)
PASS AC-K211c counter hygiene: state lines free of 'idle' substring
PASS AC-K211c counter hygiene: state lines free of 'no-pullable' substring
PASS AC-K211c counter hygiene: state lines free of 'no_pullable' substring
PASS AC-K211b 10-month archive pure-append prefix byte-identical
PASS AC-K211b 10-month archive 502309 -> 504843 B (pre-registered 504843)
PASS AC-K211b 10-month archive sections 116 -> 117
PASS AC-K211b section R1073 header found on re-read
PASS AC-K211b md5 of migrated line (post re-read) identical: 342c98e2767a1a104c9f83a37b7dc4f6
INFO oct archive pure-append 502309 -> 504843 B
PASS AC-K211c board final = FIN 11166 B (fixed-point honored)
PASS AC-K211c board canonical header prefix byte-identical with cut-211 record (rule header intact)
PASS AC-K211c R1072 stale row removed from main board
PASS AC-K211c board post-cut done rows = 1 (R1073 current-round)
PASS AC-K211c board post-cut open rows = 4 standing
PASS AC-K211c rule header carries cut-211 record exactly once
PASS AC-K211c R1073 claim flipped to done exactly once
PASS AC-K211c board final canonical single BOM intact, no CR bytes
PASS AC-K211c board final ends with single newline
PASS AC-K211c 4 standing open rows byte-identical to claim-landed baseline (b_post restored lossless, k208-repair pattern)
PASS AC-K211c flipped closure carries measured FIN/ST values
PASS AC-K211b 09-month archive zero-touch post-op (disk bytes pre==post)
PASS AC-K211b 09-month archive md5 unchanged post-op
INFO board 11077 -> 11166 B (claim-landed 12970 -> final 11166)

== qa/board-R1073.log board-rule knife cut-211 ==
AC-K211a PASS stale-board census: exactly 1 stale done row (R1072, 2522 bytes, md5 342c98e2767a1a104c9f83a37b7dc4f6) + 4 standing open rows + rule header intact + claim row pre-landed before the knife (board claim-landed 12970 bytes, arc10 pre 502309 bytes sections 116, 09-archive md5 19783a35cfc4e57eb24eda5916a07702 zero-touch)
AC-K211b PASS 1 row verbatim migrated to docs/archive/backlog-done-2026-10.md section R1073 (pure-append prefix assertion, per-line md5 identical, arc10 502309 -> 504843 bytes, sections 116 -> 117)
AC-K211c PASS board final state = rule header (archive-history cut-211 record exactly once) + R1073 current-round done row (flip carries measured values FIN=11166 ST=81688) + 4 open rows + 0 stale rows (board 12970 -> 11166 bytes)
AC-K211d PASS evidence = this log SUITE PASS
AC-K211e PENDING delivery = R1073 row done flip (done) + commit message carries cut-211 record (verified at commit)
SUITE PASS 5/5 (K211e delivery leg verified at commit; post-closeout cross-verify appended below)
NOTE: cut-only short round (R1059/R1061/R1064/R1065/R1067/R1068/R1069/R1071/R1072 isomorph); single-pass clean run, verify-then-write held throughout (k211 step script all assertions passed before any disk write; composition = pre + flipped claim + closure + LF + b_post per the k208-repair corrected pattern, b_post-loss defect class pre-empted; FIN/ST cross fixed-point converged bf=11166 sf=81688 in 2 iterations). Round score 1 = ledger-maintenance mechanism file per Executive Protocol v1.1.
MINOR (honest record): claim-landing step ran its post-write byte-offset assertions with char offsets against CJK text (2 asserts failed after a character-level-correct insertion); disk state immediately re-verified green by a fresh read-only probe (BOM/no-CR/single-LF/stale md5/claim position/header anchor all pass), and the knife below re-asserted every one of those invariants pre-write. Zero pollution; write-then-verify did not reach state/export/heartbeat.
PREDICT: state 79037 -> 81688 B (tick 1072->1073; log 62->64 via closeout pair), export tick row 1072->1073 + R1073 results row (398->399) + sd recount 37/24/2/6 -> 39/24/2/7, heartbeat R1073 row (LF, no BOM)

== POST-CLOSEOUT CROSS-VERIFY ==
PASS state.json final = 81688 B (== ST cited in board closure); tick 1072->1073; log 62->64 (closeout pair); json.loads + PowerShell ConvertFrom-Json dual-parser pass; top fields preserved (last_order/last_decision_rows/benchmarks_refreshed/last_gord_tbl_rows/last_dec_tokens)
PASS sd zero-drift chain: round-start mechanical 37/24/2/6 == stored (pre-check); post-closeout 39/24/2/7 == export self_drive (F3 machine-derived)
PASS export: tick row 1072->1073; results 398->399 (+R1073 cut-211 row, score 1); sd 37/24/2/6->39/24/2/7; ceo_face.current=R1073; next_milestone fold chain (R211 adjudicated not-triggered at R1073, R212=R1074 next); export_ts refreshed 2026-10-04T07:16:02.198296+08:00; latest_artifact unchanged; do/depts/outs flat
PASS heartbeat R1073 row appended (pure-append, LF tail, no BOM)
PASS board closure citations materialized on disk: FIN=11166 (board 11166B), ST=81688 (state 81688B), arc10 502309->504843 B sections 116->117
PASS AC-K211e receipt legs: R1073 done flip in register (board row); commit leg verified at commit (carries cut-211 record)
SUITE PASS - AC-K211a..e all green; delivery AC-K211e completed by commit carrying cut-211 record
