=== board cut-103 evidence (R813) ===
pre-op board: 8370B, done/open counts below
PASS AC-K103b pre-op 10-month archive == git HEAD blob text (claim row edit touches backlog.md only)
PASS AC-K103b pre-op 09-month archive == git HEAD blob
PASS AC-K103a stale done rows == 1, identity R810, [done 2026-10-01] marker (count=1)
PASS AC-K103a open rows == 4 (R813 claim + O-013-4 + legal gated + bootstrap) (count=4)
md5 of R810 row (pre-migration): b98a8c6427d66698706bbec81ae1a506
PASS AC-K103b pure-append prefix (10-month archive)
PASS AC-K103b exactly one new '## R813' section header
PASS AC-K103b row present in new section, md5-identical (b98a8c6427d66698706bbec81ae1a506)
PASS AC-K103b 10-month archive pre sections==8 (got 8)
PASS AC-K103b 10-month archive sections 8 -> 9
PASS AC-K103c own R813 claim row flipped exactly once
PASS AC-K103c post-cut board: done rows == 1 (own R813 current-round row only)
PASS AC-K103c post-cut board: open rows == 3 preserved (count=3)
PASS AC-K103c header unchanged by cut
post-op board: 6504B (pre 8370B); post-op 10-month archive: 29337B (+2534B section)
WROTE: src/os/backlog.md, docs/archive/backlog-done-2026-10.md
post-write re-read: board on-disk == built post board PASS
post-write re-read: 10-archive on-disk == built post archive PASS
post-write re-read: 09-archive untouched on-disk PASS

board cut-103 verdict: AC-K103a..e ALL PASS (a=count, b=verbatim md5+pure-append+09 zero-touch, c=final board flip+migrate, d=this log verify-then-write, e=state log line + commit marker 'board cut-103')
