== qa/board-R1106.log cut-223 + closeout (AC-K223a..e, R1102-row migration, s1-s6) ==
PASS pre.board.claimrow | L07 R1106 claim fresh checkbox (pre-registration honored, landed first)
PASS pre.board.stale | L08 stale R1102 done row 3208 B md5 ed5f4a1d901b709a0831637119f5a2e2 (exactly 1 stale done row)
PASS pre.board.opencount | standing open rows=4 (746B/2359B/608B/689B), done rows=1 (stale only)
PASS pre.board.hdr.anchor.once | rule-header anchor in place, knife-223 mentions = claim row only (2 in-row), header zero
PASS pre.arc10.size | bytes=533146, sections=128, lastsec=R1102, ends-LF, no-BOM
PASS pre.arc09.md5untouched | md5=19783a35cfc4e57eb24eda5916a07702 (pre-registered value reproduced)
PASS s2.arc10.append | pure-append prefix asserted, sections 128->129, lastsec=R1106, row verbatim in-sec (md5 same), 536365 B
PASS s3.board1.fixedpoint | board1=13608 B iterations ok (embedded == actual, converged in 2 passes)
PASS s3.stale.gone | R1102 stale row removed, R1106 row flipped done once, 4 open rows intact, knife-223 note in header exactly once, 16 lines
PASS s4.round.clean (banned substrings zero-hit on final board)
PASS s5.heartbeat | R1106 line appended (ascii, CRLF, 2030 bytes)

== SUITE (AC-K223a..e) ==
AC-K223a PASS stale-row census = exactly 1 stale done row (R1102, 3208 B, md5 ed5f4a1d901b709a0831637119f5a2e2) + 4 standing open rows (746/2359/608/689 B) + header intact + claim row landed first (this round) [board 16028B with claim, arc10 533146B, 128 sections, arc09 md5 verified]
AC-K223b PASS R1102 row verbatim to docs/archive/backlog-done-2026-10.md sec R1106 (pure-append prefix asserted, per-line md5 same, 09 archive untouched, sections 128->129, arc10 533146B->536365B)
AC-K223c PASS board fixed point = rule header (knife-223 record exactly once) + R1106 done row (claim flipped with measured values) + 4 open rows + 0 stale rows (16028B->13608B, 16 lines)
AC-K223d PASS evidence = qa/reorg-R1106.log + qa/board-R1106.log (this file) SUITE
AC-K223e PENDING receipt = done flip on board + commit carrying P-2026-09-25-18 (P-51 rule; completed at commit)
SUITE PASS (AC-K223a..e; e-delivery completed by commit)
INFO final.metrics | arc10 533146B->536365B (128->129 sections), board 16028B->13608B, state 80006B->73788B (fold 70668 -> closeout 73788), export sd 33/24/2/4 -> 33/24/2/4 symmetric flat
