# BigDomain fold R231 + board-law knife cut-226 + heartbeat backfill closeout evidence log (R1115, 2026-10-04)
# claim row pre-registered on src/os/backlog.md before migration (AC-K226a); fold evidence in qa/reorg-R1115.log
# criteria: AC-K226a..e + closeout legs of AC-R2311..R2315; all checks verify-then-write

PASS pre.board.claim.landed | - [ ] R1115 ???fold R231
PASS pre.board.stale.isR1112
PASS pre.board.stale.bytes | bytes=3153
PASS pre.board.stale.md5
PASS pre.board.rows | done R1112=1, unchecked=5 (4 open + 1 claim), claim=1
PASS pre.board.open4
PASS pre.board.hdr.anchor.once
PASS pre.board.claim.matches.data
PASS pre.arc10.size | bytes=542863
PASS pre.arc10.nobom
PASS pre.arc10.endslf
PASS pre.arc10.sections | secs=131
PASS pre.arc09.md5untouched
PASS s2.prefix.intact
PASS s2.tail.layout
PASS s2.row.verbatim.once
PASS s2.size | arc10 542863B->546028B
PASS s2.sections.132 | secs=132
PASS s2.arc09.stilluntouched
INFO s2.migration | R1112 stale row 3153B verbatim pure-appended as oct archive sec R1115 (131->132)
PASS s3.stale.removed
PASS s3.hdr.anchor.once
PASS s3.flip.prefix
PASS s3.board1.fixedpoint | board1=13486
PASS s3.board1.stable | board1=13486
PASS s3.stale.gone
PASS s3.done.flip.once
PASS s3.header.cut226.once
PASS s3.open4.intact
PASS s3.linecount | n=16
PASS s3.done.row.pos
PASS s3.open.pos
INFO s3.board.final | header + R1115 done row + 4 open rows, stale rows=0, board 15911B->13486B
PASS s4.state.roundtrip | len rt=70686 raw=70686
PASS s4.pre.tick
PASS s4.pre.logcount | n=56
PASS s4.pre.lastlog.summary
PASS s4.round.clean.idlefast
PASS s4.round.clean.nopullable
PASS s4.round.clean.idle
PASS s4.tokens.clean.idlefast
PASS s4.tokens.clean.nopullable
PASS s4.tokens.clean.idle
PASS s4.round.anchored
PASS s4.notraillf
PASS s4.post.tick
PASS s4.post.logcount
PASS s4.post.lastround
PASS s4.post.lasttokens
PASS s4.fin.margingate | final 74033B margin 4467B under the 78500B gate
PASS s4.baseline.kept.last_order | val='2026-09-28 22:1x'
PASS s4.baseline.kept.last_decision_rows | val=256
PASS s4.baseline.kept.benchmarks_refreshed | val='2026-10-04'
PASS s4.baseline.kept.last_gord_tbl_rows | val=154
PASS s4.baseline.kept.last_dec_tokens | val='C-20260927-01,C-20260927-02,C-20260928-02,C-20260929-01,C-20260929-02,C-20260929-03,D-20260924-01,D-20260924-02,D-20260924-03,D-20260924-04,D-20260924-05,D-20260924-06,D-20260924-07,D-20260924-08,D-20260924-09,D-20260924-10,D-20260924-11,D-20260925-01,D-20260925-02,D-20260925-03,D-20260925-04,D-20260925-05,D-20260925-06,D-20260925-07,D-20260925-08,D-20260925-09,D-20260925-10,D-20260925-11,D-20260926-01,D-20260926-02,D-20260926-03,D-20260926-04,D-20260926-05,D-20260926-06,D-20260926-07,D-20260926-08,D-20260926-09,D-20260926-10,D-20260926-11,D-20260927-01,D-20260927-02,D-20260927-03,D-20260927-04,D-20260927-05,D-20260927-06,D-20260927-07,D-20260927-08,D-20260927-09,D-20260927-10,D-20260928-01,D-20260928-02,D-20260928-03,D-20260928-04,D-20260928-05,D-20260928-06,D-20260929-01,D-20260929-02,D-20260929-03,D-20260929-04,D-20260929-05,D-20260929-06,D-20260929-07,D-20260930-01,D-20260930-02,D-20260930-03,D-20260930-04,D-20260930-05,D-20260930-06,D-20260930-07,D-20260930-08,D-20260930-09,D-20260930-11,D-20260930-12,D-20260930-13,D-20260930-14,D-20260930-15,D-20260930-16,D-20260930-17,D-20260930-18,D-20260930-19,D-20260930-20,D-20260930-21,D-20260930-22,D-20260930-23,D-20260930-24,D-20260930-25,D-20260930-26,D-20260930-27,D-20260930-28,D-20260930-29,D-20260930-30,D-20260930-31,D-20260930-32,D-20260930-33,D-20260930-34,D-20260930-35,D-20260930-36,D-20260930-37,D-20260930-38,D-20260930-39,D-20260930-40,D-20260930-41,C-20260930-04,C-20260930-05,C-20260930-06,D-20261001-01,D-20261001-02,D-20261001-03,D-20261001-04,D-20261001-05,D-20261001-06,D-20261001-07,C-20261001-01,C-20261001-02,C-20261001-03,C-20260101-01,D-20261001-08,C-20261002-01,D-20261002-01,D-20261002-02,D-20261002-03,D-20261002-04,D-20261002-05,D-20261002-06,D-20261002-07,D-20261002-08,D-20261002-09,D-20261003-01,D-20261003-02,D-20261003-03,D-20261003-04,D-20261004-01,D-20261004-02,D-20261004-03,D-20261004-04,D-20261004-05,D-20261004-06'
INFO s4.state.json | tick 1114->1115, log 56->58 items, final 74033B (margin 4467B under 78500B gate), roundtrip-verified serialization
PASS s5.pre.notendslf | R1113 tail row missing terminator (honest note, fixed this closeout)
PASS s5.r1114.ascii
PASS s5.r1114.crlf.free
PASS s5.r1115.ascii
PASS s5.r1115.crlf.free
PASS s5.hb.appended
PASS s5.hb.prefix.intact
PASS s5.hb.last.isR1115
PASS s5.hb.backfill.infile
INFO s5.heartbeat | R1113 tail terminator fixed (CRLF), R1114 backfill row (421 B) + R1115 row (827 B) appended ascii CRLF
PASS s6.pre.bom
PASS s6.export.roundtrip | len rt=386469 raw=386469
PASS s6.nm.anchor.once
PASS s6.tickrow.found
PASS s6.tickrow.pre | val=1112
PASS s6.sd.window
PASS s6.sd.pre
PASS s6.sd.recount.post | live (33, 24, 2, 4) == predicted (33, 24, 2, 4)
PASS s6.post.tickrow
PASS s6.post.lastresult
PASS s6.post.sd
PASS s6.post.nm
PASS s6.post.current
INFO s6.export | export_ts refreshed, ceo_face.current=R1115, nm fold R231 closed, results tick 1115 + R231/cut-226 row (414->415), sd recount 33/24/2/4 -> 33/24/2/4
PASS final.state.parse
INFO final.metrics | arc10 542863B->546028B (131->132 sections), board 15911B(with claim landed) -> 13486B final, state 78552B -> 70686B fold -> 74033B final, heartbeat: R1113 terminator fix + R1114 backfill + R1115 row, qa logs: qa/reorg-R1115.log + qa/board-R1115.log
INFO commit.template | R1115: fold R231 water-level reorg + board knife cut-226 + heartbeat backfill tri-item round (R1112 isomorph, score 1); window [R230 roll + R1112..R1114 three pairs] 7->1 kept=0, state 78552B->74033B final (fold 70686B margin 7814B); R1112 stale row 3153B verbatim to oct archive sec R1115 (131->132); board 15911B->13486B final = header + R1115 row + 4 open rows; heartbeat R1114 backfill (lag=1 debt) + R1113 terminator fix + R1115 row; export tick 1112->1115 + sd 37/24/2/6->33/24/2/4; AC-R2311..R2315+AC-K226a..e = qa/reorg-R1115.log+qa/board-R1115.log (P-2026-09-25-18) [via BigDomain-OSLoop]

SUITE PASS (AC-K226a..e all green; AC-R2315 delivery legs verified: state pair in register, commit follows with P-2026-09-25-18)
