# qa/board-R653.log - board-law knife 80 (standing-carry round R653, R651/R641/R637 pattern)
# Round: 2026-09-30 07:07 +08:00 | round-start first-measure 75039B under the 80000B waterline, no re-org R60 trigger | ten-face scan all PASS flat
# Targets: src/os/backlog.md done row "- [x] R652 state.json re-org R59 ... [done 2026-09-30]" (1 row, pre-registered at R652 closeout as next-round board-law migration target) -> docs/archive/backlog-done-2026-09.md section "## R653"
# Standing source: P-2026-09-25-18 clause-4 board-law enforcement (knife 80) + R532 heartbeat every-round standing law
#
# === PRE-REGISTERED CRITERIA (written BEFORE any mutation, honesty law) ===
# AC-K80a: pre-op anchors recorded below before mutation (backlog.md bytes+sha256, archive bytes+sha256, the one target row present on board with done mark, board [x] row count == 1, board [ ] row count == 3, heartbeat ends with newline)
# AC-K80b: archive append is pure append (new archive bytes == old bytes + appended section, prefix byte-asserted; BOM bytes at file head unchanged; section header exactly "## R653")
# AC-K80c: verbatim migration (the R652 done row inside the archive section is byte-identical to the pre-op extracted board row; board loses exactly that one line, every other board line byte-identical)
# AC-K80d: main board end-state = header + exactly 3 open rows (R640+ AC-RG4 re-verify / D-20260929-03 gated / bootstrap), zero "- [x]" rows on board
# AC-K80e: heartbeat R653 row appended (prior bytes untouched, trailing-newline handled); knife script itself pure ASCII; all check results appended to this log
# === END PRE-REGISTRATION ===
PASS AC-K80a: pre-op anchors: board 5256B sha256=42cdff6927ddf7a16ed158a4cef6692ff6c8f4f6d0904cebdd29aee225987456 (BOM=True), archive 318377B sha256=0ce81afd1476abe923a429b8475c41e6d5c5ecab8cbe237f3a4c6d586518d172, heartbeat 192702B (ends-with-newline verified); board [x] rows=1 [ ] rows=3; migration target present (R652 done row 911B sha256=0c8fe1d858f2d99b5aa4afb3b7db0d0ee0dd48d8661c8a07ffec2b52aadf4a52)
PASS AC-K80b: archive pure append: old 318377B -> new 319300B (+923B), prefix byte-asserted, section header "## R653" present
PASS AC-K80c: verbatim: R652 row 911B byte-identical inside archive section; board byte math 5256 - 912 == 4344 (exact line removal, all other board lines byte-identical)
PASS AC-K80d: board end-state: 0 [x] rows, 3 [ ] rows (AC-RG4 re-verify / D-03 gated / bootstrap), header intact, 4344B
PASS AC-K80e: heartbeat R653 row appended (prior 192702B untouched, trailing-newline handled, new 194805B); knife script source pure ASCII
PASS POST-WRITE: re-read equals intended bytes for all three files; archive prefix intact; board [x]=0 [ ]=3; heartbeat tail row anchored
KNIFE80 DONE: AC-K80a..e + POST-WRITE all green; board 5256B -> 4344B, archive 318377B -> 319300B, heartbeat 192702B -> 194805B, tick 652->653 closeout to follow
PASS ENCODING: knife script pure ASCII (11056B, non-ascii bytes=0)
