qa/eventtickets-R1767.log - virtual event ticket face (AC-ET1..ET7)
generated by R1767 closeout; three sections: standalone suite /
RUNNER regression slice / matrix regen+check.

===== [1] standalone suite: python src/sandbox/ledger/test_eventtickets.py =====
PASS AC-ET1: one row per session_key: 2 rows after 2 legal registrations; same-key re-registration rejected E_ET_DUP_SESSION with zero rows (1==2); declared labels persist (s1=0 s2=1); capacity None legal / capacity 2 legal; all 11 bad params rejected (empty key=E_ET_BAD_SESSION; none key=E_ET_BAD_SESSION; empty title=E_ET_BAD_SESSION; negative start=E_ET_BAD_SESSION; end==start=E_ET_BAD_SESSION; end<start=E_ET_BAD_SESSION; zero price=E_ET_BAD_PRICE; bool price=E_ET_BAD_PRICE; limit 0=E_ET_BAD_SESSION; capacity 0=E_ET_BAD_SESSION; non-bool ai flag=E_ET_BAD_SESSION); register envelope carries the disclaimer
PASS AC-ET2: both window edges inclusive: bob bought at tick 10 and tick 20 (charged 100->90, price_paid=5 immutable copy of the registered price); one tick outside refuses fail-closed E_ET_WINDOW (tick 9) and E_ET_WINDOW (tick 21) with zero charge (100==100) and zero rows (2==2); each purchase bound to a real spend tx (type=spend, debit leg)
PASS AC-ET3: bob at limit 2: third ticket rejected E_ET_LIMIT BEFORE the spend (90==90); carol's independent counter passes her own gate (two legal in-limit tickets, distinct txs); same-(buyer,ref) replay rejected E_ET_DUP_TICKET before the spend; carol's third ticket rejected E_ET_LIMIT at her own limit; only the two legal buys charged (100->90)
PASS AC-ET4: cap-2 session: two distinct buyers (alice, dave) passed, a third buyer (carol) rejected E_ET_SOLD_OUT BEFORE the spend with zero charge (90==90) - the cap counts the session, not the buyer; the uncapped session legally holds 4 tickets (> the capped session's whole capacity)
PASS AC-ET5: ticketless erin refused E_ET_NO_TICKET at the gate with zero check-in rows (liveroom unattended-admission law: no ticket, no entry); out-of-window admission refused E_ET_WINDOW zero rows; ticket holders bob+carol admitted (tickets_held=2 each, append-only rows in arrival order); re-check-in rejected E_ET_DUP_CHECKIN; admission moved zero tokens (ledger_tx 12==12)
PASS AC-ET6: empty disclaimer refuses construction E_ET_NO_DISCLAIMER; every presentation face carries the declared label (session_view ai_label=1, buy returns 1/0, admit returns 0, active_sessions rows labeled); direct SQL ai_label=2 refused by the CHECK (True); all six view envelopes (session_view / session_board / attendees / active_sessions / buy return / admit return) carry the resident disclaimer; derived counts read pure (s1 tickets=4 buyers=2 attendees=2); pure reads move zero tokens (balances unchanged)
PASS AC-ET7: all 14 bad args rejected (pool buyer=E_ET_BAD_ACCOUNT; empty ref=E_ET_BAD_ARGS; bool window buy=E_ET_BAD_ARGS; negative window buy=E_ET_BAD_ARGS; str session id=E_ET_BAD_ARGS; bool session id=E_ET_BAD_ARGS; unknown session buy=E_ET_UNKNOWN_SESSION; pool admit=E_ET_BAD_ACCOUNT; bool window admit=E_ET_BAD_ARGS; unknown session admit=E_ET_UNKNOWN_SESSION; bad active_sessions tick=E_ET_BAD_ARGS; unknown session_view=E_ET_UNKNOWN_SESSION; unknown board=E_ET_UNKNOWN_SESSION; unknown attendees=E_ET_UNKNOWN_SESSION); zero side effects (rows (2, 6, 2) unchanged, all balances unchanged); module pure ASCII (0 non-ascii); zero network imports (0); zero UPDATE surface (window/limit/capacity/has-ticket all COUNT faces); zero RNG (no random in source); config.json byte-stable
SUITE PASS 7/7

===== [2] full regression slice: reconcile_all.py qa/reconcile-all-R1767.log =====
| SUITE PASS 7/7
PASS suite ledger-proposal exit=0 pass-lines=7 fail-lines=0 criteria=7 0.3s
  | PASS AC-ET1: one row per session_key: 2 rows after 2 legal registrations; same-key re-registration rejected E_ET_DUP_SESSION with zero rows (1==2); declared labels persist (s1=0 s2=1); capacity None legal / capacity 2 legal; all 11 bad params rejected (empty key=E_ET_BAD_SESSION; none key=E_ET_BAD_SESSION; empty title=E_ET_BAD_SESSION; negative start=E_ET_BAD_SESSION; end==start=E_ET_BAD_SESSION; end<start=E_ET_BAD_SESSION; zero price=E_ET_BAD_PRICE; bool price=E_ET_BAD_PRICE; limit 0=E_ET_BAD_SESSION; capacity 0=E_ET_BAD_SESSION; non-bool ai flag=E_ET_BAD_SESSION); register envelope carries the disclaimer
  | PASS AC-ET2: both window edges inclusive: bob bought at tick 10 and tick 20 (charged 100->90, price_paid=5 immutable copy of the registered price); one tick outside refuses fail-closed E_ET_WINDOW (tick 9) and E_ET_WINDOW (tick 21) with zero charge (100==100) and zero rows (2==2); each purchase bound to a real spend tx (type=spend, debit leg)
  | PASS AC-ET3: bob at limit 2: third ticket rejected E_ET_LIMIT BEFORE the spend (90==90); carol's independent counter passes her own gate (two legal in-limit tickets, distinct txs); same-(buyer,ref) replay rejected E_ET_DUP_TICKET before the spend; carol's third ticket rejected E_ET_LIMIT at her own limit; only the two legal buys charged (100->90)
  | PASS AC-ET4: cap-2 session: two distinct buyers (alice, dave) passed, a third buyer (carol) rejected E_ET_SOLD_OUT BEFORE the spend with zero charge (90==90) - the cap counts the session, not the buyer; the uncapped session legally holds 4 tickets (> the capped session's whole capacity)
  | PASS AC-ET5: ticketless erin refused E_ET_NO_TICKET at the gate with zero check-in rows (liveroom unattended-admission law: no ticket, no entry); out-of-window admission refused E_ET_WINDOW zero rows; ticket holders bob+carol admitted (tickets_held=2 each, append-only rows in arrival order); re-check-in rejected E_ET_DUP_CHECKIN; admission moved zero tokens (ledger_tx 12==12)
  | PASS AC-ET6: empty disclaimer refuses construction E_ET_NO_DISCLAIMER; every presentation face carries the declared label (session_view ai_label=1, buy returns 1/0, admit returns 0, active_sessions rows labeled); direct SQL ai_label=2 refused by the CHECK (True); all six view envelopes (session_view / session_board / attendees / active_sessions / buy return / admit return) carry the resident disclaimer; derived counts read pure (s1 tickets=4 buyers=2 attendees=2); pure reads move zero tokens (balances unchanged)
  | PASS AC-ET7: all 14 bad args rejected (pool buyer=E_ET_BAD_ACCOUNT; empty ref=E_ET_BAD_ARGS; bool window buy=E_ET_BAD_ARGS; negative window buy=E_ET_BAD_ARGS; str session id=E_ET_BAD_ARGS; bool session id=E_ET_BAD_ARGS; unknown session buy=E_ET_UNKNOWN_SESSION; pool admit=E_ET_BAD_ACCOUNT; bool window admit=E_ET_BAD_ARGS; unknown session admit=E_ET_UNKNOWN_SESSION; bad active_sessions tick=E_ET_BAD_ARGS; unknown session_view=E_ET_UNKNOWN_SESSION; unknown board=E_ET_UNKNOWN_SESSION; unknown attendees=E_ET_UNKNOWN_SESSION); zero side effects (rows (2, 6, 2) unchanged, all balances unchanged); module pure ASCII (0 non-ascii); zero network imports (0); zero UPDATE surface (window/limit/capacity/has-ticket all COUNT faces); zero RNG (no random in source); config.json byte-stable
  | SUITE PASS 7/7
PASS suite ledger-eventtickets exit=0 pass-lines=7 fail-lines=0 criteria=7 0.2s
PASS suites 74/74 green, expected criteria total=727
  | 1 double-entry-balance PASS
  | 2 balance-sign-law PASS
  | 3 materialized-vs-derived PASS
  | 4 zero-sum-and-mint-identity PASS
  | 5 ref-idempotence PASS
  | 6 content-gate-refs PASS
  | 7 orphan-entries PASS
  | 8 cap-scan-and-adjust-lines PASS
  | RECONCILE PASS (8/8 checks)
PASS reconcile ledger-demo exit=0 (expect 0, clean eight checks)
  | 1 double-entry-balance PASS
  | 2 balance-sign-law PASS
  | 3 materialized-vs-derived FAIL n=1 
  | 4 zero-sum-and-mint-identity FAIL n=1 sum=1 issued=801 equity=-800
  | 5 ref-idempotence PASS
  | 6 content-gate-refs PASS
  | 7 orphan-entries PASS
  | 8 cap-scan-and-adjust-lines PASS
  | RECONCILE FAIL (2/8 checks failed)
PASS reconcile tamper-control exit=2 (expect 2, FAIL detected)
  | reconcile: PASS checks=8/8
  |   [mode] notify db: C:\Users\sjs20\AppData\Local\Temp\reconcile-all-rwaz031h\pay_notify.db (explicit)
  |   [ok] status_scan: orders by status: {"created": 1, "granted": 2}
  |   [ok] receipt_match: receipt coverage ok
  |   [ok] grant_match: grant coverage ok, no dangling paid
  |   [ok] amount_match: amounts consistent (receipt = locked order price)
  |   [ok] conversion: conversion entries consistent (1 checked)
  |   [ok] fiat_scan: ledger schema carries zero fiat fields
  |   [ok] revoke_ref: revoke rows reference grant history (1 checked)
  |   [ok] revoke_dead: revocation dead-account discipline ok (1 pairs checked)
PASS reconcile pay-demo exit=0 (expect 0, clean eight checks)
  | reconcile: FAIL checks=7/8
  |   [mode] notify db: C:\Users\sjs20\AppData\Local\Temp\reconcile-all-rwaz031h\pay_notify.db (explicit)
  |   [ok] status_scan: orders by status: {"created": 1, "granted": 2}
  |   [ok] receipt_match: receipt coverage ok
  |   [ok] grant_match: grant coverage ok, no dangling paid
  |   [FAIL] amount_match: receipt/order amount mismatch: ['52e3420277e866a4']
  |   [ok] conversion: conversion entries consistent (1 checked)
  |   [ok] fiat_scan: ledger schema carries zero fiat fields
  |   [ok] revoke_ref: revoke rows reference grant history (1 checked)
  |   [ok] revoke_dead: revocation dead-account discipline ok (1 pairs checked)
PASS reconcile pay-tamper exit=2 (expect 2, FAIL detected)
  | reconcile: FAIL checks=6/8
  |   [mode] notify db: C:\Users\sjs20\AppData\Local\Temp\reconcile-all-rwaz031h\pay-notify-tampered.db (explicit)
  |   [ok] status_scan: orders by status: {"created": 1, "granted": 2}
  |   [ok] receipt_match: receipt coverage ok
  |   [ok] grant_match: grant coverage ok, no dangling paid
  |   [ok] amount_match: amounts consistent (receipt = locked order price)
  |   [ok] conversion: conversion entries consistent (1 checked)
  |   [ok] fiat_scan: ledger schema carries zero fiat fields
  |   [FAIL] revoke_ref: revoke rows without grant history: ['rv-dangling-demo']
  |   [FAIL] revoke_dead: dead account AV-PAY-DEMO-1/tpl_pay_success_pending_ceo sent after cutoff: ['sn-dead-demo']
PASS reconcile pay-tamper-revokes exit=2 (expect 2, revoke FAILs detected and named)
  | PASS: 6 checks clean (member=C:\Users\sjs20\AppData\Local\Temp\reconcile-all-rwaz031h\member.db pay=C:\Users\sjs20\AppData\Local\Temp\reconcile-all-rwaz031h\member-pay.db ledger=C:\Users\sjs20\AppData\Local\Temp\reconcile-all-rwaz031h\member-ledger.db)
PASS reconcile member-demo exit=0 (expect 0, clean six checks)
  | FAIL: 1 finding(s); first: check5: credit event 3f7e99be07aef4dc: audit row missing
  |   - check5: credit event 3f7e99be07aef4dc: audit row missing
PASS reconcile member-tamper exit=2 (expect 2, FAIL detected)
RUNNER PASS (74/74 suites green, reconcile controls 7/7, 187.7s)

===== [3] suite matrix regen (--evidence qa/reconcile-all-R1767.log) + --check =====
PASS generated docs/sandbox-suite-matrix.md (8261 bytes) - registry suites=74 criteria=727 evidence=qa/reconcile-all-R1767.log green=74/74
PASS hygiene: pure-ascii source, zero network imports
check rc=0 (0=byte-identical)
PASS check: docs/sandbox-suite-matrix.md byte-identical (8261 bytes, 74 suites, 727 criteria)
