# qa/export-consistency-R1705.log - closeout flush verification (checker + live eol)
## Section 1: export derived-face consistency checker
exit=0
PASS self_drive.idle_fast_mention_lines stored=0
PASS self_drive.log_lines_in_window stored=22
PASS self_drive.no_pullable_mention_lines stored=1
PASS self_drive.proposals_open stored=1
PASS self_drive.proposals_total stored=3
PASS self_drive.queue_explore_open stored=10
PASS self_drive.queue_main_open stored=6
PASS self_drive.queue_tech_open stored=10
PASS self_drive.substantive_non_idle_mention_lines stored=8
PASS self_drive.window stored='2026-10-04..2026-10-10'
PASS self_drive.window_days stored=7
PASS results.tick_row stored='1705'
PASS ceo_face.current non-empty stored='present'
PASS ceo_face.latest_artifact non-empty stored='present'
PASS ceo_face.next_milestone non-empty stored='present'
PASS container do non-empty stored='present'
PASS container depts non-empty stored='present'
PASS container outs non-empty stored='present'
PASS container results non-empty stored='present'
INFO export_ts parseable '2026-10-10T03:08:48+08:00' (age 0.0h)
PASS checker source pure ASCII stored='0'
SUMMARY pass=21 fail=0 state_tick=1705 window=2026-10-04..2026-10-10 W=22 idle=0 nop=1 sub=8 proposals=3/1 queues=6/10/10
VERDICT PASS

## Section 2: live state.json eol check after closeout write
exit=0
{
  "file": "C:\\Users\\sjs20\\Desktop\\FluxGroup\\domain\\BigDomain\\src\\os\\state.json",
  "mode": "check",
  "bytes": 76848,
  "total_lf": 34,
  "crlf": 34,
  "bare_lf": 0,
  "lone_cr": 0,
  "ends_with_eol": false,
  "layout_ok": true
}
