PASS self_drive.idle_fast_mention_lines stored=0
FAIL self_drive.log_lines_in_window stored=26 recomputed=30
PASS self_drive.no_pullable_mention_lines stored=1
PASS self_drive.proposals_open stored=1
PASS self_drive.proposals_total stored=3
PASS self_drive.queue_explore_open stored=10
PASS self_drive.queue_main_open stored=6
FAIL self_drive.queue_tech_open stored=10 recomputed=11
FAIL self_drive.substantive_non_idle_mention_lines stored=12 recomputed=14
PASS self_drive.window stored='2026-10-04..2026-10-10'
PASS self_drive.window_days stored=7
FAIL results.tick_row stored='1739' recomputed=1742
PASS ceo_face.current non-empty stored='present'
PASS ceo_face.latest_artifact non-empty stored='present'
PASS ceo_face.next_milestone non-empty stored='present'
PASS container do non-empty stored='present'
PASS container depts non-empty stored='present'
PASS container outs non-empty stored='present'
PASS container results non-empty stored='present'
INFO export_ts parseable '2026-10-10T15:17:48+08:00' (age 2.8h)
PASS checker source pure ASCII stored='0'
SUMMARY pass=17 fail=4 state_tick=1742 window=2026-10-04..2026-10-10 W=30 idle=0 nop=1 sub=14 proposals=3/1 queues=6/11/10
VERDICT FAIL exit 2
