PASS self_drive.idle_fast_mention_lines stored=0
FAIL self_drive.log_lines_in_window stored=22 recomputed=20
PASS self_drive.no_pullable_mention_lines stored=1
PASS self_drive.proposals_open stored=1
PASS self_drive.proposals_total stored=3
PASS self_drive.queue_explore_open stored=10
PASS self_drive.queue_main_open stored=6
PASS self_drive.queue_tech_open stored=10
FAIL self_drive.substantive_non_idle_mention_lines stored=8 recomputed=7
PASS self_drive.window stored='2026-10-04..2026-10-10'
PASS self_drive.window_days stored=7
FAIL results.tick_row stored='1723' recomputed=1724
PASS ceo_face.current non-empty stored='present'
PASS ceo_face.latest_artifact non-empty stored='present'
PASS ceo_face.next_milestone non-empty stored='present'
PASS container do non-empty stored='present'
PASS container depts non-empty stored='present'
PASS container outs non-empty stored='present'
PASS container results non-empty stored='present'
INFO export_ts parseable '2026-10-10T09:11:56+08:00' (age 0.3h)
PASS checker source pure ASCII stored='0'
SUMMARY pass=18 fail=3 state_tick=1724 window=2026-10-04..2026-10-10 W=20 idle=0 nop=1 sub=7 proposals=3/1 queues=6/10/10
VERDICT FAIL exit 2
