
===== SECTION 1: standalone suite run (test_fingerprint_regen.py) =====
PASS AC-BF1 CLI face: --help exits 0 and documents --update
PASS AC-BF2 live check on shipped chains: exit 0 + CLEAN domains=5
PASS AC-BF2 per-domain rows: exactly five PASS domain= lines
PASS AC-BF5 cross-validation annotation present in PASS rows
PASS AC-BF1 --check is read-only: shipped chains bytes unchanged
PASS AC-BF5 determinism: double --check stdout byte-identical
PASS AC-BF3 drift detection: exit 2 + ledger FAIL + other four domains still reported PASS
PASS AC-BF4 --update on drifted copy: exit 0 + post-check CLEAN
PASS AC-BF4 re-freeze closes the loop: post-update --check exit 0
PASS AC-BF4 undrifted --update: no-op verdict + zero byte drift
PASS AC-BF4 steps-present refusal: exit 2 + zero disk mutation
PASS AC-BF2 self-assembled domain set: wiring gap FAILs fail-closed instead of silent skip
PASS AC-BF2 malformed chain: read_chains refusal propagates exit 2 (E_CHAIN_FORMAT)
PASS AC-BF6 hygiene: fingerprint_regen.py source is pure ASCII
PASS AC-BF6 hygiene: real import lines carry zero network libs
PASS AC-BF6 hygiene: shipped trio (schema_migrate.py / migration_chains.json / test_schema_migrate.py) untouched
SUITE PASS 16/16

===== SECTION 2: hygiene - shipped trio git status (expect empty) =====
(empty = trio untouched)

===== SECTION 3: full regression (RUNNER excerpt from qa/reconcile-all-R1713.log) =====
  | PASS AC-BF1 CLI face: --help exits 0 and documents --update
  | PASS AC-BF2 live check on shipped chains: exit 0 + CLEAN domains=5
  | PASS AC-BF2 per-domain rows: exactly five PASS domain= lines
  | PASS AC-BF5 cross-validation annotation present in PASS rows
  | PASS AC-BF1 --check is read-only: shipped chains bytes unchanged
  | PASS AC-BF5 determinism: double --check stdout byte-identical
  | PASS AC-BF3 drift detection: exit 2 + ledger FAIL + other four domains still reported PASS
  | PASS AC-BF4 --update on drifted copy: exit 0 + post-check CLEAN
  | PASS AC-BF4 re-freeze closes the loop: post-update --check exit 0
  | PASS AC-BF4 undrifted --update: no-op verdict + zero byte drift
  | PASS AC-BF4 steps-present refusal: exit 2 + zero disk mutation
  | PASS AC-BF2 self-assembled domain set: wiring gap FAILs fail-closed instead of silent skip
  | PASS AC-BF2 malformed chain: read_chains refusal propagates exit 2 (E_CHAIN_FORMAT)
  | PASS AC-BF6 hygiene: fingerprint_regen.py source is pure ASCII
  | PASS AC-BF6 hygiene: real import lines carry zero network libs
  | PASS AC-BF6 hygiene: shipped trio (schema_migrate.py / migration_chains.json / test_schema_migrate.py) untouched
  | SUITE PASS 16/16
PASS suite fingerprint-regen exit=0 pass-lines=16 fail-lines=0 criteria=16 4.0s
  | PASS fixture-gap-replay: new face picked showroom-R1700.log, old glob face would have picked reconcile-all-R1699.log (naming-gap difference proven)
  | PASS fixture-none-eligible: default None + main exit=2
  | PASS fixture-runner-fail-fallback: skipped z-newest-fail.log, picked a-older-pass.log
  | PASS fixture-self-evidence-skip: skipped suite-matrix-self-R9999.log, picked a-other.log
  | PASS fixture-duplicate-labels-refused: fell to a-clean.log
  | PASS fixture-count-mismatch-refused: fell to a-clean.log
  | PASS fixture-tie-name-asc: 3-way same-mtime tie -> a-ace.log
  | PASS fixture-tie-ineligible-mix: skipped a-fail.log inside tie, picked z-tie-pass.log (older m-old-pass.log not reached)
  | PASS fixture-all-flattened: 4 files one mtime -> a-ace.log x3
  | PASS listdir-order-independence: reversed enumeration -> same winner a-ace.log
  | PASS live-tie-probe: reconcile-all-R1712.log x3 identical, tie_peers=1 (no live tie)
  | PASS live-default-discovery: newest eligible = reconcile-all-R1712.log
  | PASS explicit-evidence-lenient: runner-only log accepted, 49 suites no-evidence
  | PASS check-roundtrip-tmp: identical exit 0, tamper exit 2
  | PASS hygiene-self-checks: pure-ascii, zero network imports
  | SUITE PASS (15/15 cases)
PASS suite suite-matrix-discovery exit=0 pass-lines=15 fail-lines=0 criteria=15 0.9s
PASS suites 49/49 green, expected criteria total=533
  | 1 double-entry-balance PASS
  | 2 balance-sign-law PASS
  | 3 materialized-vs-derived PASS
  | 4 zero-sum-and-mint-identity PASS
  | 5 ref-idempotence PASS
  | 6 content-gate-refs PASS
  | 7 orphan-entries PASS
  | 8 cap-scan-and-adjust-lines PASS
  | RECONCILE PASS (8/8 checks)
PASS reconcile ledger-demo exit=0 (expect 0, clean eight checks)
  | 1 double-entry-balance PASS
  | 2 balance-sign-law PASS
  | 3 materialized-vs-derived FAIL n=1 
  | 4 zero-sum-and-mint-identity FAIL n=1 sum=1 issued=801 equity=-800
  | 5 ref-idempotence PASS
  | 6 content-gate-refs PASS
  | 7 orphan-entries PASS
  | 8 cap-scan-and-adjust-lines PASS
  | RECONCILE FAIL (2/8 checks failed)
PASS reconcile tamper-control exit=2 (expect 2, FAIL detected)
  | reconcile: PASS checks=6/6
  |   [ok] status_scan: orders by status: {"created": 1, "granted": 2}
  |   [ok] receipt_match: receipt coverage ok
  |   [ok] grant_match: grant coverage ok, no dangling paid
  |   [ok] amount_match: amounts consistent (receipt = locked order price)
  |   [ok] conversion: conversion entries consistent (1 checked)
  |   [ok] fiat_scan: ledger schema carries zero fiat fields
PASS reconcile pay-demo exit=0 (expect 0, clean six checks)
  | reconcile: FAIL checks=5/6
  |   [ok] status_scan: orders by status: {"created": 1, "granted": 2}
  |   [ok] receipt_match: receipt coverage ok
  |   [ok] grant_match: grant coverage ok, no dangling paid
  |   [FAIL] amount_match: receipt/order amount mismatch: ['52e3420277e866a4']
  |   [ok] conversion: conversion entries consistent (1 checked)
  |   [ok] fiat_scan: ledger schema carries zero fiat fields
PASS reconcile pay-tamper exit=2 (expect 2, FAIL detected)
  | PASS: 6 checks clean (member=C:\Users\sjs20\AppData\Local\Temp\reconcile-all-5fmsj97k\member.db pay=C:\Users\sjs20\AppData\Local\Temp\reconcile-all-5fmsj97k\member-pay.db ledger=C:\Users\sjs20\AppData\Local\Temp\reconcile-all-5fmsj97k\member-ledger.db)
PASS reconcile member-demo exit=0 (expect 0, clean six checks)
  | FAIL: 1 finding(s); first: check5: credit event 3f7e99be07aef4dc: audit row missing
  |   - check5: credit event 3f7e99be07aef4dc: audit row missing
PASS reconcile member-tamper exit=2 (expect 2, FAIL detected)
RUNNER PASS (49/49 suites green, reconcile controls 6/6, 103.8s)
full log: qa/reconcile-all-R1713.log

===== SECTION 4: matrix regen + --check =====
PASS generated docs/sandbox-suite-matrix.md (6335 bytes) - registry suites=49 criteria=533 evidence=qa/reconcile-all-R1713.log green=49/49
PASS hygiene: pure-ascii source, zero network imports
PASS check: docs/sandbox-suite-matrix.md byte-identical (6335 bytes, 49 suites, 533 criteria)

(Deliverable: fingerprint_regen.py + test_fingerprint_regen.py + reconcile_all SUITES row 48->49; AC-BF1..BF7 pre-registered in state/queue/tech.md before code - honesty law)
