BigDomain holiday 24h readiness self-check R693 (order O-2026-0930-1540 subsidiary slice + O-2026-0930-1530 domain sweep receipt)
ts: 2026-09-30 15:27:36 +08:00

== [1] scheduled task BigDomain-OSLoop (24h autonomous operation anchor) ==
Folder: \
HostName:      DASHENG
TaskName:      \BigDomain-OSLoop
Next Run Time: 2026/9/30 15:34:00
Status:        Running
Logon Mode:    Interactive only

== [2] git state (tree/HEAD/origin) ==
git porcelain dirty lines: 0
HEAD 3bbc4e1 | 2026-09-30 15:18:46 +0800 | R692 waiting-state declaration (score 0 protected-exemption): nine-face scan all-PASS; GORD O-2026-0930-1521 @Biggame knowledge-only; D-20260930-19 consumption steps done, CEO physicals unchanged; D-20260930-25 handover read; D-20260929-03 legal external zero hits; board cut 92; heartbeat+state tick 692 [via BigDomain-OSLoop]
origin: git@github.com:BigRain-11122/BigDomain.git
branch: main | ahead/behind vs origin/main: 0	0

== [3] state.json size + parse ==
state.json bytes: 81947
state.json JSON OK tick=692 log_items=63

== [4] drive C free space ==
C: free 768.3 GB / used 1,093.6 GB

== [5] docker retest (tech queue open item, non-blocking check) ==
docker: NOT FOUND (tech queue open item stands; non-blocking for OSLoop 24h ops)

== [6] domain sweep: files > 10MB top 15 (.git excluded) ==

== [7] junk dir checks ==
__pycache__ exists: 0.01 MB, git-tracked files under it: 0
docs/_trash-20260928: removed (R683 closeout verified)
logs/round.lock (launcher-managed): True

== [8] gitignore ports for round artifacts ==
logs/state-log-archive-2026-09.md ignored: True
qa/holiday-readiness-R693.log ignored: False

== [9] D-20260929-03 legal external trigger-check dual path ==
repo docs hits: 0 | group docs hits: 0 | window 10-02 12:00

== [7b] junk cleanup action (O-2026-0930-1530) ==
__pycache__ removed (untracked regenerable bytecode cache, 0.01MB); post-removal exists: False
