AC-R1401a/AC-R1401b (re-verified) pre-op identity: backup logs/state-preop-R893.bak == git HEAD blob == 81,898 B
PHASE-A state verified: 77,748 B tick 893 log 58 items; summary 4947 B (three-pair R890..R892) + closeout 3071 B + tokens line; probe pre {"W": 60, "idle": 37, "idle_round": 8, "nop": 3, "paren": 33, "round": 27, "tokens": 11, "sub": 8} -> post {"W": 56, "idle": 37, "idle_round": 8, "nop": 3, "paren": 33, "round": 23, "tokens": 9, "sub": 6} (all 8 keys in-register); head 55 verbatim 66,941 B; catalog 216+3=219; top fields flat; json.loads + PS ConvertFrom-Json dual-gauge pass
PHASE-A archive verified (logs/ gitignore domain, disk-anchored): markers 132 -> 133; §R893 append section header + body == pre-op backup 81,898 B byte-identical; total 11,679,111 -> 11,761,090 B; prefix integrity asserted at fold-pass write time (write_tr prefix re-verify)
C. export derived: tick 890->893, R140 results row appended, self_drive W 56 / sub 6, idle 37 / nop 3, queues 6/2/2, proposals 1/1 disk-recounted
D. heartbeat row appended x1 (tick 893 current, lag 0 kept) ts= 2026-10-02T09:49:19+08:00
export written (temp+replace, re-read asserted: export_ts + results 271 rows + tick row 893)
process honest note 1 (pass-1, aborted zero-write): candA closeout model omitted the retained R892 pair -> false-PASS budget 77,238B; honest guard aborted before any disk write; model corrected -> candA true budget 79,702B FAIL over 78,500B gate -> three-pair window statutory (R888/R885 isomorph); fold executed once in pass-2
process honest note 2 (pass-2 abort, no data damage): post-write state verification exp_len formula typo (56+len(retained) instead of 58+len(retained)) fired after the state.json write; disk state fully correct (PHASE-A re-verified above: size/probe/catalog/head/archive/backup all in-register); this continuation pass completed heartbeat/export/db10/board-flip/qa-logs in-round; claim-row window text amended in-round from stale pass-1 wording to the executed three-pair statutory outcome before flip
AC-R1401a pre-op == git HEAD blob: 81,898 bytes (round-start first-measure, scan/getsize dual-gauge); backup logs/state-preop-R893.bak byte-identical (re-verified)
AC-R1401c archive pure-append: 11,679,111 -> 11,761,090 B; markers 132 -> 133; §R893 append section == pre-op byte-identical (re-verified)
AC-R1402a window = [R139 prior summary + R890..R892 three pairs] 7 lines 12,577 B (content); candA two-pair trial [R139 + R890..R891] 5 lines 10,185 B
AC-R1402b head block 55 items content = 66,941 B == R890/R888 register (head file-region 67,408 B incl. JSON framing); window line prefixes verified R890..R892 continuous 3 pairs zero-missing
AC-R1402c removed lines substring-verified: no-pullable 1 (R139 prior-summary honest tag, new summary account re-embeds +1) / tokens 3 / idle-fast 0 (abolished-path tag, window and new lines carry zero)
AC-R1402d P/D/O catalog (regex dedup, prior-embedded snowball + new first-appearance): 219 tokens = R139 prior-summary embedded catalog 216 snowball + 3 new [C-R1391, C-K132a, C-HB890] (mechanical AC- prefix substring hits, zero hand-picked); missing=[] asserted; snowball prefix == prior verified against backup
AC-R1402e window statutory: two-pair final budget 79,702 B > 78,500B gate = NOT satisfied -> three-pair window statutory (R888/R885 isomorph), final budget 77,748 B <= 78,500B gate satisfied in-fold
probe pre-op : {"W": 60, "idle": 37, "idle_round": 8, "nop": 3, "paren": 33, "round": 27, "tokens": 11, "sub": 8} (== R892 closeout on-register, re-verified from backup)
probe post   : {"W": 56, "idle": 37, "idle_round": 8, "nop": 3, "paren": 33, "round": 23, "tokens": 9, "sub": 6}
B. incremental-register law: W 60->56 (window 7 out, summary+closeout+tokens 3 in); round 27->23 (window 6 R-regex hits out: 3 closeout + 3 tokens lines; own closeout + tokens pair in); tokens 11->9 (window 3 out, own 1 in); sub 8->6 (window three pair-lines increments folded away at fold landing, own closeout +1, landing back on the R890 post register 6); idle 37 flat / idle_round 8 flat; nop 3 flat (R139 prior-summary honest tag folded away -1, accounting line re-embeds the same tag +1, one-out-one-in); paren 33 flat (pure-date-prefix summary replaced 1:1, zero drift) - registered, asserted
AC-R1403b top fields: DEC/ORD/GORD/BENCH baselines all flat this round, zero field drift, tick 892->893 only; last_dec_tokens 121 flat
AC-R1403c final: json.loads pass; log 58 items = 55 verbatim head + 1 summary + 2 closeout; head region byte-identical except tick digit; canonical form == json.dumps(indent=2)
AC-R1404 final size: 77,748 B, margin 752 B under 78,500B gate; post-fold 74,220 B
AC-R1405e-equivalent delivery: state log line + board row + commit contains P-2026-09-25-18 and cut-133 tags (P-51)
