# qa/reorg-R1704.log - fold R461 water-level reorg evidence (R1704 round-start, P-2026-09-25-18 knife 461)
# Round-start gauge: 78723B disk > 78500B gate (margin -223B) -> fold R461 fires per R1703 carry-forward note.
# Tool: src/os/logs_toolkit.py fold --round R1704 --fold-no 461 --window-tail 7 (positive-gate tool, R1688/R1690 artifact)

## Section 0: E_STATE_LAYOUT first-run reject + EOL byte surgery (honest record)
First fold dry-run refused: 'E_STATE_LAYOUT: CRLF layout not found' - byte scan found state.json
fully LF-normalized (36 LF / 0 CRLF) by the R1703 closeout write. R1697 closeout-EOL-disease recurrence.
Surgery: bare-LF -> CRLF x36 (pure line-ending restore; content bytes untouched;
content_eq=True verified by re-strip comparison; pre-surgery state preserved in git HEAD).
Post-surgery: 78759B (+36 CR bytes), JSON parse OK (tick 1703, log 27).

## Section 1: first dry-run tail-4 (gate-exceed reject)
window=tail 4 lines (R1702 pair + R1703 pair), window_content_bytes=5049
token_missing(0)=[] token_ok=true, but gate_ok=false  predicted_bytes=77058  reserve=3000
would_fail=["gate-exceed"] -> window extended to tail 7 (R1699 gate-exceed extension precedent)

## Section 2: tail-7 token draft iteration (honest record)
catalog --tail 7: 136 tokens in window (3 roll lines carry heavy token sets).
Draft v1 used range shorthand (AC-DS1..DS7 style) -> missing_in_roll=127 (PAT extraction is
literal per token; range shorthand fails literal presence check) -> rewritten to full literal
136-token enumeration clause -> catalog pass=true (missing=[]).

## Section 3: dry-run recheck (all gates green)
{"token_ok": true, "gate_ok": true, "predicted_bytes": 70022, "reserve_bytes": 3000, "gate": 78500, "would_fail": [], "new_log_len": 21}
window=tail 7 lines (R1275 roll + R1610..R1698 roll + R1699..R1701 roll + R1702 pair + R1703 pair), window_content_bytes=13705
preop_sha16=b97f89fa36c43b85  backup=logs/state-preop-R1704.bak

## Section 4: execute
{"mode": "execute", "post_bytes": 70022, "predicted_eq_actual": true, "appendix_bytes": 13939, "archive_appended": true, "backup_written": true}
archive=logs/state-log-archive-2026-10.md (append verbatim 7 lines, header: R1704 fold append, pre-op sha16 b97f89fa36c43b85)

## Section 5: post-fold gauge
{"disk_bytes": 70022, "gate": 78500, "log_lines": 21, "log_content_bytes": 67334, "margin_bytes": 8478, "fold_needed": false, "tick": 1703}

## Section 6: post-hoc catalog zero-loss (window from pre-op backup vs roll line)
First attempt mistakenly fed the whole pre-op backup as window (37 lines / 400 tokens) -> rejected
as evidence; corrected: window = last 7 log lines extracted from pre-op backup to win7 file.
{"window_lines": 7, "tokens_total": 136, "missing_in_roll": [], "pass": true}

## Note
Console display mojibake on Chinese summary_head field = GBK console rendering only; state.json/archive/backup files are UTF-8 on disk (byte-verified by predicted_eq_actual + gauge re-read).
AC-R4611 EOL layout disease recurrence detected + byte surgery (content_eq verified); AC-R4612 tail-4 gate-exceed honest reject + window extension; AC-R4613 token catalog 136/136 literal-embed green (range-shorthand rejection honestly recorded); AC-R4614 execute predicted==actual 70022B; AC-R4615 post gauge margin 8478B fold_needed=false; AC-R4616 post-hoc catalog zero-loss pass; evidence=this file.
