AC-R1541a tree clean pre-op + no index.lock: git status --porcelain empty
AC-R1541a pre-op == git HEAD blob: 80578 bytes (round-start first-measure 80578B, scan/getsize dual-gauge, HEAD==disk byte-identical)
AC-R1543a serializer roundtrip convention detect: no BOM, trailing-LF=False, canonical json.dumps(indent-2) form
AC-R1542a window = [R152 prior summary + R920..R921 two pairs] 5 lines 11189 B (content); two-pair = minimal continuous window (all pairs since prior fold included, no smaller candidate exists); head block 55 items verbatim (content 66941 B)
AC-R1542b head block 55 items content = 66941 B == R920/R918 register (head file-region 67408 B incl. JSON framing); window line prefixes verified R920..R921 continuous 2 pairs zero-missing
AC-R1542c removed-lines substring-verified (register-metric inputs): no-pullable 1 (R152 prior-summary accounting-embedded tag only; R920/R921 standing/mechanism pairs carry zero declaration tag; new summary accounting re-embeds +1) / tokens 2 / idle-fast 0 (abolished-path tag, window and new lines carry zero)
AC-R1542d P/D/O catalog (regex dedup, prior-embedded snowball + new first-appearance): 261 tokens = R152 prior-summary embedded catalog 258 snowball + 3 new ['C-R1531', 'C-K148a', 'C-K149a'] (mechanical AC- prefix substring hits, zero hand-picked); missing=[] asserted (set-equality, order = prior embedded order + new, R890 composition law)
probe pre-op : {"W": 58, "idle": 37, "idle_round": 8, "nop": 3, "paren": 33, "round": 25, "tokens": 10, "sub": 7}  (== R920-post register + R921 pair +2/+1, structural symmetry, zero drift; criterion = R744-registered, regex boundary ^2026-(09-2[5-9]|09-30|10-0[12]) carried from R848)
probe calibration: 2 backups all 8 keys reproduce R920-era in-register values exactly (state-preop-R920.bak / state-preop-R918.bak both = {nop4 era, R919 declaration tag in cycle}); live pre nop3 vs backup-era nop4 = in-cycle declaration-tag accounting difference (R921 standing-carry pair carries no tag), honest note, zero effect on binding post register
AC-R1542e compress-precedent list carried mechanically from R152 prior summary (range R758..R918 -> R758..R920, section anchor R918/R151 -> R920/R152, deterministic transform)
AC-HB922a heartbeat pre-op tail = tick 921 (lag 0, single current row this round)
AC-R1542f window statutory: two-pair window = minimal continuous window (all pairs since prior fold included, no smaller candidate exists), projected post register == canonical in-register zero drift on first candidate (R895/R897/R920 isomorph, R893 family), final budget 78465 B <= 78,500B gate satisfied in-fold
post-fold (pre-closeout) size: 75076 B
S_new built: 5719 B text; structural constraints (date+FWparen prefix / nop tag in / sub tag in / no beat / no idle-fast / no tokens:local / no ASCII quote / no backslash) all pass
AC-R1543b top fields: DEC/ORD/GORD/BENCH baselines all flat this round (scan PASS faces), zero field drift, tick 921->922 only; last_dec_tokens 127 flat
AC-R1544 final size: 78465 B, margin 35 B under 78,500B gate; post-fold 75076 B
AC-R1543c final: json.loads pass; log 58 items = 55 verbatim head + 1 summary + 2 closeout; head region byte-identical except tick digit; canonical form == json.dumps(indent-2)
probe post   : {"W": 56, "idle": 37, "idle_round": 8, "nop": 3, "paren": 33, "round": 23, "tokens": 9, "sub": 6}
B. incremental-register law: W 58->56 (window 5 out, summary+closeout+tokens 3 in); round 25->23 (window 4 R-regex hits out: 2 closeout + 2 tokens lines; own closeout + tokens pair in); tokens 10->9 (window 2 out, own 1 in); idle_round 8->8 flat (window zero beat lines carried, own pair zero); idle 37 flat (abolished-path tag, window and new lines carry zero); nop 3->3 flat (window 1 out: R152 prior-summary accounting-embedded tag; new summary accounting re-embeds the same tag +1; net 0 landing back on the in-register 3); sub 7->6 (two pair closeout increments folded away at fold landing -2, own closeout net +1, net -1 landing back on the in-register 6); paren 33 flat (pure-date-prefix summary replaced 1:1, zero drift) - registered, asserted pre-write (definitions calibrated byte-exact against state-preop-R920.bak and state-preop-R918.bak this round, all 8 keys reproducing the R920-era register exactly)
D. heartbeat row composed x1 (tick 922 current, lag 0 kept) ts= 2026-10-02T15:29:53+08:00
C. export latest_artifact: R920-introduced separator loss repaired (R920 split consumed the FW-semicolon but its suffix did not re-embed it - honest register note), separator re-embedded before mechanism marker this round, format restored for next-round split
C. export derived: tick row 920->922 stale-value drift-fix (R556/R542 precedent), R153 results row appended, self_drive W 56 / sub 6, idle 37 / nop 3, queues 6/2/2, proposals 1/1 disk-recounted; window label 2026-09-25..2026-10-02 kept
C. export composed, export_ts = 2026-10-02T15:29:53+08:00 , results rows = 288
AC-R1541c archive pure-append: 12732887 -> 12813546 B; markers 145 -> 146
AC-R1541b backup logs/state-preop-R922.bak written byte-identical
archive write committed (single wb write + prefix re-verified, markers 145->146)
state.json written (temp+replace, re-read asserted: tick 922, log 58 items [55 head + 1 summary + 2 closeout], probe in-register; head == pre-op head 55 items byte-equal except tick digit)
D. heartbeat row appended x1 (tick 922 current, lag 0 kept) ts= 2026-10-02T15:29:53+08:00
export written (temp+replace, re-read asserted: export_ts + results 288 rows + tick row 922 + zero dict-shaped rows)
AC-R1545 delivery: state log line + board row + commit contains P-2026-09-25-18 and cut-150 tags (P-51)
