AC-R3751 PASS pre-op byte-identity re-verified vs HEAD blob (sha16 5fee3ba51bc614f4, blob 1a4356efe102bec4, 80048B, no BOM, no trailing LF, indent=2 round-trip exact; backup state-preop-R1457.bak on disk); calibrations vs R1452/R1454 backups green (window sums 8572B/9100B, sha16 13a01fac3f20ebd0)
AC-R3755 PASS P/D catalog 91 -> 91 mechanical union zero-loss re-verified (new registers: none; extracted 66 tokens over all 7 window lines, all already registered, zero new entry; extraction regex [A-Z]{1,3}-[0-9][0-9A-Za-z-]* carried uniform from R1449/R1452); window shape asserted [R1454 roll line + R1454/R1455/R1456 three pairs] 7 lines 9475B content-sum
AC-R3753a PASS rebuild fixed-point converged in 1 passes and rebuilt artifact is BYTE-IDENTICAL to on-disk state.json (post-fold stage 74539B, closeout stage 77117B) - re-proves roll line, closeout digits, sizes and sd in one shot
AC-R3753b PASS final 77117B under the 78500B gate by 1383B (re-verified on disk)
AC-R3753c PASS sd mechanical recount over on-disk post-fold state log asserted in-script: window 23 / idle 0 / nop 1 / sub 9, log lines-in-window pre-fold 27 -> post-fold 23 [-7 window fold absorbed, +1 roll line, +2 R1457 pair], sub pre-fold 11 -> post-fold 9 [-3 folded round lines R1454 fold / R1455 waiting / R1456 waiting, +1 R1457 fold round line; caliber = date+R#### lines excluding tokens lines, window-anchored ^2026-10-0[1-7] per R1452 method], nop pre-fold 2 -> post-fold 1 [-1 folded R1454 roll line carried the term; new roll line zero-mention honestly noted; residual 1 = 2026-10-05 cold summary line], idle 0 flat [idle-fast path abolished P-2026-09-28-02]
AC-R3753d PASS verify-then-write re-verified: predicted 77117B == actual 77117B on disk (byte-exact size check, byte-identical rebuild)
AC-R3754a PASS python json.loads OK re-read of on-disk artifact (log 26 entries, tick 1457, decRows 212 unchanged, baseline fields untouched)
AC-R3752 PASS archive section R1457 re-verified: 7 window lines verbatim in-section, markers 99->100 (all-markers basis, R1454 98->99 chain carried), fold-append-format subset 27->28 (exact ' fold append' string basis); on-disk 1356545B (local logs/ not in git per .gitignore)
AC-R3756a PASS export roundtrip probe re-verified: BOM utf-8-sig + indent=2, no trailing newline
AC-R3756b PASS export tick row 1454 -> 1457 flushed (R1455/R1456 pair drift resolved), results 565 -> 566
AC-R3756c PASS queue/proposal recounts re-verified 6/2/2 and 3-total/1-open (python open-checkbox recount, export fields agree)
AC-R3756e PASS export post-write probe byte-exact (BOM preserved, no trailing newline)
AC-R3756f PASS export results 566 rows post-write, tick row [12] = 1457, last row = R1457 fold row, sd 23/0/1/9 written (F3 derived from state log)
AC-R3756f2 PASS ceo_face three rows re-verified in place (current=R1457 fold round, latest_artifact=R1457 fold artifact, next_milestone=OSS window5)
AC-R3756d0 PASS HB file-tail CRLF caliber re-verified (junction byte intact, R1443 recurring-defect guard)
AC-R3756d PASS HB R1457 row on-time lag=0 (splitlines caliber -> 1103 rows, last row tick 1457, CRLF file-tail caliber)
AC-R3756-as PASS auto-saves standing step (BD-PROP-002 pilot) re-measured this pass 444.7MB/334 items under 500MB line no clean (pass-1 measurement 444.7MB/334 recorded in closeout)
AC-R3754b PASS dual-parser: PowerShell ConvertFrom-Json external post-write check via explicit UTF8 read OK (state tick=1457 log=26 decRows=212; export results=566 tickrow=1457 lastrow=R1457 fold row=True sd nop=1 win=23 sub=9; HB last row tick1457=True) - pass-1 probe syntax bug (bare tick= token parsed as command name) fixed to positional Write-Output, superseded
AC-R3756g PASS git tracked-dirty set == intended files pre-commit (?? qa/reorg-R1457.log; M docs/status-export.json; M heartbeat.txt; M src/os/state.json) [logs/ gitignored per .gitignore; qa/*.log un-ignored via !qa/*.log negation; full QA log finalized after this check] - pass-1 miss of the ?? line root-caused to core.untrackedCache=true staleness race on the freshly created empty file, re-verified green here
ROUND-CONTEXT INFO nine-face scan ran pre-fold ~14:44 zero FLAG (STATE 80048B over 78500B line by 1548B = fold R375 trigger, R1456 carry-note honored; LEDGER 110 lines conflict=0 atbd_rows=0 lastp all-receipted [P-2026-10-06-05/P-2026-10-07-01/P-2026-10-07-02]; DEC 212 tokens flat; GORD 133 rows gord_new_rows=0 zero new order [last-3 table rows 10-07 batch = R1428/R1448 judged anti-rescan]; ORD/BENCH flat; QA same-day evidence on disk smoke-R1385+reconcile-daily-20261007; HB lag 0; TREE clean in sync; TASKS queue gated: OSS window5 claim window opens 10-07 15:07 post-watchdog scan, in-band delivery 19:00-21:50, hard line 10-08 03:07; claimable=5 all individually gated: OSS pre-window, radar list ETA 10-08 21:40, R777 chronic, bootstrap CEO physicals, daily duties done R1385; proposal window 10-06..10-13 quota cleared BD-PROP-003 R1254; P-32 daily zero-increment)
CARRY-NOTE INFO post-closeout state 77117B margin 1383B under gate; if post-closeout waterline again crosses 78500B then fold R376 = next-round first-measure ruling; window-byte caliber carried: UTF-8 content-sum (9475B this window, R1446 annotation chain); marker caliber: all-markers basis 99->100 (fold-append-format subset 27->28 QA-only, exact ' fold append' string)
PROCESS-NOTE INFO two-pass closeout: pass-1 executed the fold with all data-phase ACs green (state write 77117B, archive verbatim, export flush, HB row) but two verification ACs failed - AC-R3754b PS probe syntax bug (bare tick=... token parsed by PowerShell as a command name, stdout empty rc=1) and AC-R3756g git status missed the freshly created empty ?? qa/reorg-R1457.log (root cause core.untrackedCache=true staleness race, proven by post-hoc probes showing the empty file in git status); pass-2 = verification-only zero-data-writes, every AC re-verified from on-disk evidence + pre-op backup + HEAD, fold artifact proven BYTE-IDENTICAL by full rebuild; both pass-1 FAILs superseded with fixes documented (R1443 rerun-guard precedent, superseded-wrong-basis note per R1454 AC-R3742)
