AC-R1861 pre-op: 82374B dual-gauge, HEAD==disk byte-identical (sha16 8dacad51e33a5e70), tick 1009, log 62 items, no BOM no trailing LF, canonical round-trip PASS; round-start tree = ['M src/os/backlog.md'] (backlog.md single dirty = own R1010 pre-registration row)
AC-R1862 window = [R185 rolling summary + R1007..R1009 three pairs] 7 rows identified (12912B content); kept=0 (window extends to log tail, no fourth pair, R988/R991/R994 isomorph); head block 55 items verbatim (66941B content)
probe pre  : {"W": 60, "idle": 39, "idle_round": 10, "nop": 4, "wait": 1, "round": 27, "tokens": 11, "sub": 6}  (== read-only calibration logs/tmp_r1010_probe.py, register method computed before writing)
AC-R1862 catalog chain: R160 base 286 (tail C-K163a) + 17 archive links R940..R988 + R991 link + R994 link + R996 archive-section link (R180 roll embedded 3) + R998 archive-section link (R181 roll embedded 3) + R1002 archive-section link (R182 roll embedded 2) + R1004 archive-section link (R183 roll embedded 9) + R1007 archive-section link (R184 roll embedded 5) + live R185 roll link 4 = 549, arithmetic continuous, per-link list verified
AC-R1862 catalog: live R185 roll embedded 4 in prior + window new 2 ['AC-R1851', 'P-2026-10-03-02'] (folded-line extraction vs retained-set diff + catalog-set exclusion, R979 engine criterion; P-2026-10-03-02 = ledger lastp token quoted in R1008/R1009 scan-derivation lines, mechanical extraction honest note) + win[0] zero-new residual check = [] clean = 549->551; missing=[] asserted
AC-R1862 compress-precedent list carried mechanically (range end R758..R1004 -> R758..R1007, latest completed fold before this round)
probe post projection: {"W": 56, "idle": 37, "idle_round": 8, "nop": 2, "wait": 1, "round": 23, "tokens": 9, "sub": 6}  (asserted pre-write); export self_drive pre-op mechanical re-derivation (58, 37, 4, 9) vs stored register 54/35/2/9 = W+4/idle+2/nop+2 drift (R1008/R1009 declaration pairs absorbed by standing-carry no-reflush rounds) -> recomputed and corrected this fold per R949/R976 precedent
export self_drive post projection: W/idle/nop/sub = 54/35/2/9 (W 58-7+3, idle head-only after window removal, nop 4-2 window declaration pairs leave, sub = W-idle-tokens-P2 formula carried)
AC-R1864 in-fold projection: post-fold 72435 B, final 75715 B margin 2785 B (<= 78,500B gate satisfied in-fold)
S_new 3021 B / E_new 2994 B / T_new 270 B structural constraints all pass (prefixes, tag accounting, no forbidden tags)
AC-R1863b top fields: ORD/DEC 131 tokens/BENCH/GORD 154 all flat carried verbatim; tick 1009->1010 only, head region byte-identical except tick digit
gated-file trigger check: legal-review draft (HQ secretariat window point 10-03 12:00 passed, multi-path zero hits incl group docs tree; periodic trigger continues on delivery) + BigLife R777 review file quadruple-path zero hits = not delivered, chronic continuation (backlog open rows carry)
PHASE B (--write): verify-then-write sequence
AC-R1861 backup logs/state-preop-R1010.bak written byte-identical (82374B)
AC-R1863c archive pure-append: 15425631 -> 15508088 B; markers 178 -> 179
AC-R1863d state.json written (temp+replace, re-read asserted: tick 1010, log 58 items = 55 head + 1 roll + 2 closeout, GORD 154, probe in-register, dual-gauge parse pass)
AC-R1864 final size: 75715 B, margin 2785 B under 78,500B gate; post-fold 72435 B
export refreshed: export_ts=2026-10-03T13:58:39+08:00 tick-row 1010, R186 result row appended, self_drive 54/35/2/9 zero-hardcode re-derived (pre stored register 54/35/2/9 vs mechanical pre 58/37/4/9 = no-reflush absorption corrected this fold per R949/R976 precedent), method note appended, BOM utf-8-sig parse-back PASS
heartbeat R1010 row appended
AC-R1865 backlog R1010 row closed with measured values (checkbox flipped, claim + done in one row, pre-registration honored)
AC-R1865 delivery: state log R1010 lines + backlog R1010 done row + commit contains P-2026-09-25-18 (P-51 protocol)
GORD companion note: flat baseline this round (scan sha16 DB033ADBF4E8F55B unchanged, tbl_rows 154 flat, gord_new_rows=0, zero new group orders; 12:39 duty-class callout already closed in-window by R1006, receipts addressable). D-20260930-19 consumption steps derived pass: (1) decisions dispatch board zero new company rows (DEC 237 flat, 131 tokens), (2) group orders CEO-physicals zone zero change (bootstrap still blocked). O-013-4 daily duty covered by day-first round R961 (not re-scanned, anti-rescan law). Fold-round write set discipline: backlog + state.json + qa log + export + heartbeat only (git set: 5 files, logs/ gitignored disk-side double insurance).
