AC-R1791 pre-op: 84225B dual-gauge, HEAD==disk byte-identical (sha16 abec671a1460c32b), tick 990, log 62 items, no BOM no trailing LF, canonical round-trip PASS; round-start tree = ['M src/os/backlog.md'] (backlog.md single dirty = own R991 pre-registration row)
AC-R1792 window = [R178 rolling summary + R988..R990 three pairs] 7 rows identified (14764B content); kept=0 (window extends to log tail, no fourth pair, R985/R988 isomorph); head block 55 items verbatim (66941B content)
probe pre  : {"W": 60, "idle": 37, "idle_round": 8, "nop": 2, "wait": 1, "round": 27, "tokens": 11, "sub": 8}  (== read-only calibration this round, register method computed before writing)
AC-R1792 catalog chain: R160 base 286 (tail C-K163a) + 18 archive links R940..R988 = 514, arithmetic continuous, per-link list length verified (base exact-tail asserted, links count-asserted)
AC-R1792 catalog: live R178 roll embedded 4 new (514->518) + window new 5 'AC-R1781/AC-FD19a/AC-CT1/D-20260924-11/AC-FD20a' (folded-line extraction vs retained-set diff + catalog-set exclusion, R979 wide-engine criterion) = 518->523; win[0] zero-new verified; missing=[] asserted
AC-R1792 compress-precedent list carried mechanically (range end R758..R985 -> R758..R988, latest completed fold before this round)
probe post projection: {"W": 56, "idle": 37, "idle_round": 8, "nop": 2, "wait": 1, "round": 23, "tokens": 9, "sub": 6}  (asserted pre-write); export self_drive pre-op re-derivation (58, 35, 2, 11) == stored register
export self_drive post projection: W/idle/nop/sub = 54/35/2/9 (W 58-7+3, nop 2 flat R178-roll carries no tag, sub = W-idle-tokens-P2 formula carried)
AC-R1794 in-fold projection: post-fold 74664 B, final 77507 B margin 993 B (<= 78,500B gate satisfied in-fold)
S_new 5251 B / E_new 2558 B / T_new 269 B structural constraints all pass (prefixes, tag accounting, no forbidden tags)
AC-R1793b top fields flat (DEC 131 tokens / ORD 2026-09-28 22:1x / GORD 152 flat / BENCH 2026-10-03), tick 990->991 only, head region byte-identical except tick digit
gated-file trigger check: legal-review draft (HQ window 10-03 12:00 not yet due) + BigLife R777 review file double-path zero hits = not delivered, chronic continuation (backlog open rows carry)
PHASE B (--write): verify-then-write sequence
AC-R1791 backup logs/state-preop-R991.bak written byte-identical (84225B)
AC-R1793c archive pure-append: 14845225 -> 14929531 B; markers 171 -> 172
AC-R1793d state.json written (temp+replace, re-read asserted: tick 991, log 58 items = 55 head + 1 roll + 2 closeout, probe in-register, dual-gauge parse pass)
AC-R1794 final size: 77507 B, margin 993 B under 78,500B gate; post-fold 74664 B
export refreshed: export_ts=2026-10-03T09:31:08+08:00 tick-row 991, R179 result row appended, self_drive 54/35/2/9 zero-hardcode re-derived, method note appended, BOM utf-8-sig parse-back PASS
heartbeat R991 row appended
AC-R1795 delivery: state log R991 lines + backlog R991 done row + commit contains P-2026-09-25-18 (P-51 protocol)
GORD flat companion note: canonical scan sha16 257A6CC1056A1759 same baseline gord_new_rows=0, last_gord_tbl_rows 152 unchanged, CEO physicals zone unchanged. D-20260930-19 consumption steps derived pass: (1) decisions dispatch board zero new company rows (DEC 131 tokens flat), (2) group orders CEO-physicals zone zero change. Fold-round write set discipline: backlog + state.json + archive + backup + qa log + export + heartbeat only (git set: 5 files, logs/ gitignored disk-side double insurance).
