# qa/reorg-R934.log - state water-line fold R159 (R934, 2026-10-02T18:17:48+08:00)
# mandate: P-2026-09-25-18 (board/fold discipline) seq-4; verify-then-write: all assertions pass before any state write
PASS AC-R1601a round-start tree clean per scan (only own pre-registered qa evidence files from this script start in porcelain) + no index.lock
PASS AC-HB934 heartbeat readable pre-op
PASS AC-R1601a round-start first-measure 81313B scan/getsize dual-gauge, measured 81313B over the 80000B line by 1313B = R933 closeout carry-note cashed
PASS AC-R1601a state.json == git HEAD blob byte-identical (d07d828db6)
PASS AC-R1601a parses, tick 933 pre-op
PASS AC-R1601a log 60 items pre-op
PASS AC-R1601a serializer roundtrip convention: canonical json.dumps(indent-2) form, no BOM, no trailing LF
PASS AC-R1601a state file layout 70 lines
PASS AC-R1601a line0/1/2 brace+tick+log-open
PASS AC-R1601a line63 log close / line69 brace close
PASS AC-R1602a window 5 lines anchored: [R158 prior summary + R932..R933 two pairs]
PASS AC-R1602a window[0] = R158 prior summary signature
PASS AC-R1602a window pair R932
PASS AC-R1602a window pair R933
PASS AC-R1601a calibration backup present: logs/state-preop-R930.bak
CALIBRATION logs/state-preop-R930.bak: window content gauge = 11498B (registered 11498B); head content gauge = 66941B (registered 66941B)
PASS AC-R1601a calibration backup present: logs/state-preop-R932.bak
CALIBRATION logs/state-preop-R932.bak: window content gauge = 11691B (registered 11691B); head content gauge = 66941B (registered 66941B)
GAUGE live window content = 11924B (content-gauge); window file-line bytes = 11963B; head content = 66941B
PASS AC-R1602a window content gauge 11924B register
PASS AC-R1602b head block 55 items verbatim content = 66941 B == R930/R932 register
PASS AC-R1602b head file-region 67408B register (incl. JSON framing)
INFO two-pair = minimal continuous window: whole tail after head block, all pairs since prior fold included, no smaller candidate (R848 rolling-window law)
PASS probe-cal calibration logs/state-preop-R930.bak = W58/idle37/idle_round8/nop3/paren33/round25/sub7/tokens10 == era in-register pre register exactly (all 8 keys)
PASS probe-cal calibration logs/state-preop-R932.bak = W58/idle37/idle_round8/nop3/paren33/round25/sub7/tokens10 == era in-register pre register exactly (all 8 keys)
PASS AC-R1602f probe pre-op W58/idle37/idle_round8/nop3/paren33/round25/sub7/tokens10 == registered pre register, structural symmetry zero drift (criterion R744-registered, regex boundary carried from R848)
PASS probe-cons W == paren + round identity
PASS AC-R1602d prior-embedded catalog parsed from R158 summary
PASS AC-R1602d prior catalog = 279 tokens, set-unique 279
PASS AC-R1602d new first-appearance tokens (mechanical scan-order, zero hand-picked) = [C-R1591,C-K160a,C-K161a,C-HB933]
PASS AC-R1602d missing=[] asserted (set-equality, order = prior embedded order + new, R890 composition law)
PASS AC-R1602d catalog 279+4=283 composed
PASS AC-R1602e compress precedent marker found in R158 summary
PASS AC-R1602e precedent carried mechanically from R158 prior summary (range R758..R930 -> R758..R932, section anchor R930/R157 -> R932/R158): R758..R932 连续滚刀链全列在 archive §R932 节 R158 摘要可寻址
PASS AC-R1602c removed-lines substring-verified: no-pullable 1 (R158 prior-summary accounting-embedded tag only; new summary accounting re-embeds +1) / tokens 2 / idle-fast 0 (abolished-path tag, window and new lines carry zero)
INFO viz probe: healthz 200, data.js 568,484B mtime 18:14:30 (+4,642B vs R933 probe 563,842B), viz html mtime 18:08; CIM cpu17/ram38/lanes3
INFO self-heal check: schtasks BigDomain-OSLoop present (rc=0), next run 2026/10/2 18:24:00 - no re-register needed
INFO S_new built 5899 B text; E_new 2779B; T_new 344B; window file-bytes 11963B; post-fold 75257B; projected final 78395B
PASS AC-R1604 final size budget 78395B <= 78,500B gate (margin 105B) satisfied in-fold; post-fold 75257B
PASS S/E/T-struct no ASCII quote / no backslash
PASS S-struct pure-date+FW-paren prefix
PASS S-struct nop accounting tag embedded exactly once
PASS S-struct idle_round accounting key present
PASS S-struct no abolished-path tag
PASS S-struct no tokens-line marker
PASS S-struct no beat-stamp
PASS entry-struct no idle-fast / no no-pullable tags
PASS tokens-struct no idle-fast / no no-pullable tags
PASS T-struct tokens line prefix
PASS AC-R1602f window statutory: two-pair window projected post register W56/idle37/idle_round8/nop3/paren33/round23/sub6/tokens9 == canonical in-register zero drift on first candidate (R895/R897/R920/R922/R924/R926/R928/R930/R932 isomorph, R893 family)
B. incremental-register law: W 58->56 (window 5 out, summary+closeout+tokens 3 in); round 25->23 (window 4 R-regex hits out: 2 closeout + 2 tokens lines; own closeout + tokens pair in); tokens 10->9 (window 2 out, own 1 in); idle_round 8->8 flat (window zero carry, own pair zero); idle 37 flat (abolished-path tag, window and new lines carry zero); nop 3->3 flat (R158 prior-summary accounting-embedded tag out -1, new summary accounting re-embeds +1, net 0); sub 7->6 (prior summary 1:1 swap + two pair closeout lines out -2, own closeout in +1); paren 33->33 flat (pure-date-prefix summary replaced 1:1) - registered, asserted pre-write
PASS AC-R1603 head region byte-identical except tick digit (constructed from pre-op head, verbatim)
PASS AC-R1603 head region byte length unchanged
PASS AC-R1603b new tail (log close + top fields) byte-identical to pre-op tail; tick 933->934 single move; top fields zero drift (DEC/ORD/GORD/BENCH all flat this round, scan PASS faces)
PASS AC-R1603c pre-write parse: json.loads pass, tick 934, log 58 items = 55 verbatim head + 1 summary + 2 closeout
PHASE A COMPLETE: all read-only assertions passed; entering write phase (claim -> cut-162 -> fold R159 -> heartbeat -> export -> board flip)
PASS AC-K162a backlog BOM canonical single (byte-level, R919 law)
PASS AC-K162a backlog LF-only line endings asserted (CRLF smudge would drift row md5 registers - R934 run3 lesson)
PASS AC-K162a stale done row found: exactly the R933 row at board line 8 (R933 mechanism-round natural stale row, not a miss)
PASS AC-K162a board pre-state: exactly 1 done row (R933) + 3 open rows; header byte-stable, single BOM=True
PASS AC-K162a R933 row md5 == probe register 82880466d0c9e537289c179db11bd43f
PASS claim preregistration landed (R934 unchecked row) on disk, re-read verified
PASS AC-K162b Oct archive LF-only line endings asserted (CRLF smudge guard, R934 run3 lesson)
PASS AC-K162b Oct archive pre-state: R sections = 67 (last=## R933)
PASS AC-K162b pure-append prefix assertion (original bytes are byte-prefix of new archive)
PASS AC-K162b archive sections 67->68 (last=## R934)
PASS AC-K162b migrated row present verbatim in Oct archive section R934
PASS AC-K162b migrated row md5 re-derived from Oct archive = 82880466d0c9e537289c179db11bd43f == board-side pre-op md5
PASS AC-K162b 09 archive zero-touch md5=19783a35cfc4e57eb24eda5916a07702
PASS AC-K162c-i R933 row removed from main board (intermediate: header + R934 unchecked row + 3 open rows)
PASS AC-K162c-i intermediate verified: board has 0 done rows + 1 unchecked R934 claim row + 3 standing open rows (open count = 4 with claim, R932-assert miscalibration fixed); header byte-stable
PASS AC-R1601a fold pre-op porcelain dirty-paths subset of own pre-registered write set (claim+cut writes) dirty=['docs/archive/backlog-done-2026-10.md', 'src/os/backlog.md', 'qa/board-R934.log', 'qa/reorg-R934.log']
PASS AC-R1601b backup logs/state-preop-R934.bak written byte-identical (md5 37116dfcf72656059eb5cd3c8158ee81)
PASS AC-R1601c archive marker baseline 151
PASS AC-R1601c archive pure-append prefix assertion
PASS AC-R1601c archive markers 151 -> 152
PASS AC-R1603c pre-write PS ConvertFrom-Json parse pass on temp file (tick 934)
PASS AC-R1603 state.json written (temp+replace), re-read asserted == built
PASS AC-R1604 final size on disk: 78395B, margin 105B under 78,500B gate; post-fold 75257B
PASS AC-R1603 post-write verification: tick 934, log 58 items, S/E/T at positions 55/56/57
PASS probe-post probe post on written file W56/idle37/idle_round8/nop3/paren33/round23/sub6/tokens9 == registered post register zero drift
PASS AC-R1603 PS ConvertFrom-Json dual-parse pass (tick 934)
PASS AC-HB934 heartbeat pre-op tail = tick 933 single ts prefix (lag 0, no repair needed this round)
PASS AC-HB934 heartbeat tail-1 = tick 932
PASS AC-HB934 heartbeat tail row single ts prefix
PASS AC-HB934 heartbeat row appended x1 (tick 934 current, lag 0 kept, single ts) ts=2026-10-02T18:17:48+08:00
PASS AC-HB934 2026-10-02T18:17:48+08:00
PASS export-lat latest_artifact mechanism marker found exactly once
PASS export-nm next_milestone fold-R159 carry-note marker found
PASS export-row composed export value JSON-safe (no ASCII quote / no backslash)
PASS export-row composed export value JSON-safe (no ASCII quote / no backslash)
PASS export-row composed export value JSON-safe (no ASCII quote / no backslash)
PASS export-row composed export value JSON-safe (no ASCII quote / no backslash)
INFO export tick row located and drift-fixed 932 -> 934
PASS export-method method line ends with quote
PASS export-edit export edit counters ts/current/latest/milestone/method/tick = 1/1/1/1/1/1 (each exactly 1)
PASS export-results R932 fold results row located
PASS export-results R932 row close located, next line = results array close
PASS export-write export written, re-read asserted: results 294 rows (was 293)
PASS export-write tick row 934 in place
PASS export-write zero dict-shaped rows
PASS export-write export_ts refreshed
PASS export-write ceo_face three-line panel in place (current / latest_artifact / next_milestone)
PASS export latest_artifact: mechanism-marker split 2 parts (FW-semicolon form preserved), product head kept verbatim per R930/R932 precedent
PASS export next_milestone: fold carry-note updated R159-pending -> R160-pending
PASS export-self_drive self_drive binding counters land on fixed-point values == probe post register (W56/idle37/nop3/sub6), numerically flat vs stored per fold arithmetic, honestly labeled
PASS export-self_drive disk-recount matches stored: queues 6/2/2, proposals 1/1 (F3 zero hardcode, no field drift)
INFO self_drive re-derived from actual state (F3 zero hardcode): W 56 / sub 6 / idle 37 / nop 3, queues 6/2/2, proposals 1/1 disk-recounted; window label kept
PASS AC-K162c R934 unchecked row present pre-flip
PASS AC-K162c checkbox flip verified by post-write re-read: board = BOM + header + R934 done row (closure note) + 3 open rows; zero stale done rows (done rows = 1 = the current-round row only)
DONE R934 fold R159: window 5 lines 11924B content-gauge -> 1 rolling summary; markers 151->152; log 60->58; final 78395B margin 105B; cut-162 sections 67->68
AC-R1605 delivery carriers: board R934 row (flip) + state log S/E/T lines + commit message carries P-2026-09-25-18 + P-51 (P-51 delivery criterion)
INFO post-write porcelain: ocs/archive/backlog-done-2026-10.md, docs/status-export.json, heartbeat.txt, src/os/backlog.md, src/os/state.json, qa/board-R934.log, qa/reorg-R934.log
CORRECTION INFO post-write porcelain line display bug: first path shown as ocs/... (same leading-space strip off-by-one as run4, display-only in this INFO line; the B3 assertion itself used the fixed parse and passed; actual dirty set = docs/archive/backlog-done-2026-10.md, docs/status-export.json, heartbeat.txt, src/os/backlog.md, src/os/state.json, qa/board-R934.log, qa/reorg-R934.log)
