AC-R1691 pre-op bytes=80307 (getsize same by definition; scan reported 80307 at round start)
AC-R1691 pre-op == git HEAD blob byte-identical
AC-R1691 tick=959 log=62 items, canonical form, round-trip stable, tree clean at round start, write set = backlog+fold+closeout
AC-R1692 window = [R168 roll + R957/R958/R959 three pairs] 7 rows identified; zero kept (window ends at log tail); head block 55 items verbatim
window content bytes (7 rows) = 10902
probe pre: {"W": 33, "round": 27, "tokens": 11, "sub": 31, "idle_round": 11, "idle": 38, "nop": 4, "wait": 3}
AC-R1692 catalog 373+34=407, new tokens: AC-FD8a/AC-FD9a/AC-K168a/AC-R1651/AC-R1661/AC-R1671/AC-R1681/AD-011/AD-042/C-FD8/C-FD8a/C-FD9/C-FD9a/C-K168a/C-R1741/D-20260929-03/D-20260930-19/D-20261001-03/D-20261002-08/D-20261002-09/O-013/O-020/O-20261002-2124-bm-c/OH-20261002-CPH4/P-2026-09-29-13/P-2026-10-02-02/P-2026-10-02-04/P-2026-10-02-05/P-2026-10-02-06/P-2026-10-02-07/P-2026-10-02-08/P-2026-10-02-09/R-20261002-ccgs-adoption-verdict/R-20261002-publishing-face-research, missing=[] asserted
compress precedent chain carried: R758..R958 (mechanical check on R168 roll anchor)
AC-R1692 post-fold+closeout projection: probe register = {"W": 33, "round": 23, "tokens": 9, "sub": 27, "idle_round": 11, "idle": 38, "nop": 3, "wait": 1}
AC-R1694 terminal size = 74414B, margin 4086B <= 78,500B gate
AC-R1692 probe pre->post zero drift vs register asserted
AC-R1693 head block 55 items verbatim; log 58 items; tick 960; top fields preserved (last_order/last_decision_rows 228/benchmarks_refreshed/last_dec_tokens unchanged; last_gord_tbl_rows 152 unchanged - GORD flat round)
roll/close1/close2 structural constraints all pass (prefixes, accounting tags, no beat/quote/backslash)
archive markers before = 161 (in-register expectation 161 per R958 fold close; actual recorded honestly)
export composed (BOM utf-8-sig preserved): export_ts/tick 960/R169 results row/self_drive recount (log_win=56 idle_fast=37 nop=3 substantive=14 main=6 tech=2 explore=2)
AC-R1691 backup logs/state-preop-R960.bak written byte-identical
AC-R1693 archive pure-append: 14033641 -> 14114029 B; markers 161 -> 162
AC-R1693 state.json written (re-read asserted: tick 960, log 58 items = 55 head + 1 roll + 0 kept + 2 closeout, probe in-register, dual-gauge parse pass)
heartbeat R960 row appended
export refreshed (BOM preserved utf-8-sig): tick 960 + R169 results row + self_drive recount written
AC-R1695 delivery: state log R960 lines + backlog R960 done row + commit message carries P-2026-09-25-18 (P-51 protocol)
GORD flat companion note: sha16 257A6CC1056A1759 same R957 baseline, gord_new_rows=0, last_gord_tbl_rows 152 unchanged, CEO physicals zone unchanged (merchant-id/server/domain/filing still pending). D-20260930-19 consumption steps derived pass: (1) decisions dispatch board zero new company rows (DEC 127 tokens flat), (2) CEO physicals zone unchanged.
