{
  "window_lines": 8,
  "tokens_total": 40,
  "tokens": [
    "AC-CP1",
    "AC-FE1",
    "AC-LT1",
    "AC-LT15",
    "AC-LT20",
    "AC-LT4",
    "AC-LT8",
    "AC-MX1",
    "AC-R4531",
    "AC-R4541",
    "AC-R4561",
    "AC-R4571",
    "AC-RP1",
    "AC-SC1",
    "AC-SR1",
    "AC-SR6",
    "AC-TM1",
    "BD-PROP-002",
    "BD-PROP-003",
    "C-20260929",
    "C-20261009-02",
    "C-20261009-03",
    "D-20260930-19",
    "D-20260930-20",
    "D-20261003-02",
    "O-20261009-1430",
    "O-20261009-1715",
    "O-20261009-1740",
    "O-20261009-1746",
    "O-20261009-1750",
    "O-20261009-1755",
    "O-20261009-1815",
    "O-20261009-1830",
    "O-20261009-1845",
    "O-20261009-1915",
    "O-20261009-2150",
    "OH-20261008",
    "OH-20261009-cph4",
    "P-2026-09-25-18",
    "P-32"
  ],
  "missing_in_roll": [],
  "pass": true
}
{
  "section": "eol-fix",
  "finding": "fold gate E_STATE_LAYOUT fail-closed refusal caught close_R1696.py bug: its log append used bare LF (\\n) instead of CRLF (\\r\\n), leaving 4 bare-LF line endings (39 LF total vs 35 CRLF) and breaking the canonical PS 5.1 layout",
  "repair": "byte-surgical: exactly 4 bare LF -> CRLF, everything else byte-identical; JSON content round-trip identity verified; pre-op backup .codely-cli/tmp/state-preop-eolfix-R1697.bak",
  "pre_sha16": "96fe629dbe509720",
  "post_sha16": "aa53a2d205ba047a",
  "bare_lf_fixed": 4,
  "layout_check_after": "30 log item lines, close bracket on own line, all items 16-space",
  "new_pitfall_registered": "closeout scripts must append with \\r\\n; this round's append does"
}
{
  "mode": "dry-run",
  "round": "R1697",
  "fold_no": "458",
  "window_mode": "tail",
  "window_start": 23,
  "window_end": 30,
  "window_lines": 8,
  "window_content_bytes": 12999,
  "summary_head": "2026-10-09（R1694..R1696 滚窗并折摘要·fold R458 收账窗=R1692..R1693 滚窗",
  "preop_sha16": "aa53a2d205ba047a",
  "backup_path": "C:\\Users\\sjs20\\Desktop\\FluxGroup\\domain\\BigDomain\\logs\\state-preop-R1697.bak",
  "archive_file": "C:\\Users\\sjs20\\Desktop\\FluxGroup\\domain\\BigDomain\\logs\\state-log-archive-2026-10.md",
  "archive_header": "# --- R1697 fold append (2026-10-09, 8 lines verbatim: R1692..R1693 roll line carry-forward + R1694 fold pair + R1695/R1696 product pairs + R1696 GORD judgment, fold R458 window, pre-op sha16 aa53a2d205ba047a)",
  "state_path": "C:\\Users\\sjs20\\Desktop\\FluxGroup\\domain\\BigDomain\\src\\os\\state.json",
  "pre_bytes": 84862,
  "new_log_len": 23,
  "token_missing": [],
  "token_ok": true,
  "gate_ok": true,
  "predicted_bytes": 75571,
  "reserve_bytes": 2600,
  "gate": 78500,
  "would_fail": []
}
{
  "mode": "execute",
  "round": "R1697",
  "fold_no": "458",
  "window_mode": "tail",
  "window_start": 23,
  "window_end": 30,
  "window_lines": 8,
  "window_content_bytes": 12999,
  "summary_head": "2026-10-09（R1694..R1696 滚窗并折摘要·fold R458 收账窗=R1692..R1693 滚窗",
  "preop_sha16": "aa53a2d205ba047a",
  "backup_path": "C:\\Users\\sjs20\\Desktop\\FluxGroup\\domain\\BigDomain\\logs\\state-preop-R1697.bak",
  "archive_file": "C:\\Users\\sjs20\\Desktop\\FluxGroup\\domain\\BigDomain\\logs\\state-log-archive-2026-10.md",
  "archive_header": "# --- R1697 fold append (2026-10-09, 8 lines verbatim: R1692..R1693 roll line carry-forward + R1694 fold pair + R1695/R1696 product pairs + R1696 GORD judgment, fold R458 window, pre-op sha16 aa53a2d205ba047a)",
  "state_path": "C:\\Users\\sjs20\\Desktop\\FluxGroup\\domain\\BigDomain\\src\\os\\state.json",
  "pre_bytes": 84862,
  "new_log_len": 23,
  "token_missing": [],
  "token_ok": true,
  "gate_ok": true,
  "predicted_bytes": 75571,
  "reserve_bytes": 2600,
  "gate": 78500,
  "would_fail": [],
  "post_bytes": 75571,
  "predicted_eq_actual": true,
  "appendix_bytes": 13217,
  "archive_appended": true,
  "backup_written": true
}
{
  "section": "census",
  "pass": true,
  "sections_total": 375,
  "section_line_mismatches": [
    {
      "round": "R1317",
      "file": "2026-10",
      "declared": 7,
      "actual": 8,
      "adjudicated": true,
      "reason": "R1314 window line was split into two physical lines at archive write (573+1196 chars, one logical line) - pre-fix line-layer splice-defect era artifact (R1257/R1303/R1312 family; the fragment itself cites the same-type repair). Content byte-preserved, zero data loss. Evidence: qa/logs-census-R1688.log section 2c probe."
    }
  ],
  "unknown_mismatch_count": 0,
  "unknown_dangling_count": 0,
  "archive_tokens_total": 1888,
  "live_tokens_total": 278
}
{
  "section": "five-scan",
  "raw_output": "[STATE] PASS tick=1696 last_order=2026-09-28 22:1x last_decision_rows=268 benchmarks_refreshed=2026-10-09 log_lines=23 state_bytes=75571\n[LEDGER] PASS lines=138 atbd_rows=0 conflict=0 lastp=P-2026-10-08-17,P-2026-10-08-01,P-2026-10-09-01\n[DEC] PASS rows=268 known_tokens=131 (content-addressed; row baseline=268 secondary)\n[GORD] INFO lines=328 tbl_rows=197 atbd=7 sha16=2B828E240DC15FC9 gord_new_rows=2\n  gord_tbl_last3[-3]: | 10-09 16:4x | 「我又改了一些项目名字，同步一下，并把涉及的地方都更新」（**P 系四款改名同步令**·权威=软著申请材料 generate_copyright.py PROJECTS 表 CEO 亲改 16:41+P01/P02/P06/P08 四款材料重生成） | **改名同步批执行回执**：①定谳=镇魂师→**提灯斩鬼**（P01·LanternSlayer）/宿命之门→**...\n  gord_tbl_last3[-2]: | 10-09 23:3x | 「你赶紧干活，要有成果，自己选方向」 | **O-20261009-2340 GM 直执自选方向批（@BigMoney·P6 政体温度计情绪腿·当日真成果交付）**：①选向=O-20261006-1218 P6（外源目录 #1 核心线·此前无人建·机队在飞线零撞车：T-177=指数面/T-178=W17/T-173=题材）——**交付=游资情绪温度计三轴全史**（涨...\n  gord_tbl_last3[-1]: | 10-09 ~23:3x | 「委员会牵头设计好任务和命令下发机制和链条，要科学高效，就是ceo的指令，分发到位且高效执行，有一个很快的链条到各分公司，根据分工什么的，你们科学解决」 | **命令下发机制与链条设计收口令（O-20261009-2336·委员会通道同窗收口·C-20261009-04）**：①命令查重登记=C-20261008-05 传导闭环+cadence §7 时限表+O-...\n  gord_last_line: | 10-09 ~23:3x | 「委员会牵头设计好任务和命令下发机制和链条，要科学高效，就是ceo的指令，分发到位且高效执行，有一个很快的链条到各分公司，根据分工什么的，你们科学解决」 | **命令下发机制与链条设计收口令（O-20261009-2336·委员会通道同窗收口·C-20261009-04）**：①命令查重登记=C-20261008-05 传导闭环+cadence §7 时限表+O-...\n[GROUPSRC] cph4/evolution-ledger.md=origin-main docs/decisions.md=origin-main docs/orders.md=origin-main | canon D-20261001-03: git fetch + git show origin/main:<path>; worktree read = fallback only\n[ORD] PASS last=2026-09-28 22:1x baseline=2026-09-28 22:1x\n[BENCH] PASS days=1 refreshed=2026-10-09\n[QA] PASS today_png=1 today_log=1 bench_today=True\n[HB] PASS hb_tick=1696 state_tick=1696 lag=0\n[TASKS] INFO tasks_unchecked=2 backlog_open=4 blocked_on_ceo=1 claimable=3\n[EXPORT] PASS age_h=0.2 export_ts=2026-10-09T23:38:01+08:00\n[TREE] FLAG dirty=1\n  git:  M src/os/state.json\n"
}
{
  "section": "AC-R4581..R4586 verdicts",
  "AC-R4581": "gauge over-line trigger measured: 84858B disk > 78500B gate (margin -6358B), fold R458 due per R1696 carry-note",
  "AC-R4582": "PASS: catalog zero-loss, 40 tokens extracted from 8-line window, missing_in_roll=0 (draft iteration caught all 40 on first final run)",
  "AC-R4583": "PASS: dry-run window 23..30 (8 lines, 12999B), token_ok, gate_ok predicted 75571B + reserve 2600 <= 78500",
  "AC-R4584": "PASS: execute verify-then-write predicted==actual 75571B, pre-op backup logs/state-preop-R1697.bak (sha16 aa53a2d205ba047a), archive appendix 13217B appended, 8 lines verbatim",
  "AC-R4585": "PASS: census post-fold reverse reconciliation, sections 374->375, unknown_mismatch=0, unknown_dangling=0, 1 known adjudicated mismatch (R1317, in-register)",
  "AC-R4586": "PASS: post-fold gauge 75571B, margin +2929B, fold_needed=false, log 30->23 lines"
}
