PASS AC-R2531 state BOM present + trailing LF present + no CR bytes + pre-op disk bytes = 78748 byte-identical to git HEAD blob (sha16 D4D4B79CA793D17C)
PASS AC-R2531 roundtrip byte-identity (indent2, BOM-less content 78745B + trailing LF)
PASS AC-R2531 round-start tree face: only claim row (src/os/backlog.md) as pre-registered
PASS AC-R2531 calibration probe: export stored sd (5, 1, 1, 1) + R1170 pair delta (+0, +0, +0, +0) == live recount (5, 1, 1, 1) exactly (zero drift: R1170 closeout recount law = own lines in log BEFORE export refresh)
PASS AC-R2532 window line 0 = R252 rolling summary :: 2026-10-05（R1135..R1169 窗口·R252 整编
PASS AC-R2532 window pair = R1170 round+tokens lines (single-round pair), window tail = final log item (R1170 tokens)
PASS AC-R2532 window 3 lines = 9160 B content measure (probe-measured exact value)
PASS AC-R2532 removed-window banned-substring mechanical count = zero hits {'idle-fast'}
PASS AC-R2532 removed-window banned-substring mechanical count = zero hits {'no-pullable'}
PASS AC-R2532 removed-window banned-substring mechanical count = zero hits {'nop'}
PASS AC-R2532 carried token catalog == 47 (R252 carry 47 verbatim; must-have present; last token D-0929-03)
PASS AC-R2532 P/D catalog mechanical dedup == 47 carried + 0 newly registered (BD-PROP guard) []
INFO P/D catalog (47 tokens): D-20260930-19,D-20260927-03,D-20260929-03,D-20260930-18,D-20261001-03,D-20261002-08,D-20261003-02,D-20261004-01,D-20261004-02,D-20261004-03,D-20261004-04,D-20261004-05,D-20261004-06,D-20260930-05,P-2026-09-25-18,P-2026-09-26-08,P-2026-09-28-01,P-2026-10-02-09,P-2026-10-03-01,P-2026-10-03-02,P-32,P-56,P-74,O-2026-0930-013,D-20260930-20,O-2026-0929-013,O-20261004-2300,P-02,P-2026-09-29-06,P-2026-10-04-01,P-2026-10-04-02,O-027,O-2026-0930-027,O-2026-0930-028,O-2026-0930-029,O-2026-0930-030,O-20261004-2255,D-01,D-02,D-03,D-04,D-05,D-20261005-01,O-013,O-029,D-19,D-0929-03
PASS AC-R2532 new roll line banned-substring three-family zero hits
INFO roll line composed 6961 B; carried R1135..R1169 notes verbatim from R252 roll + R1170 fresh note; 36-round score list mechanically derived (35 carried + R1170=1)
INFO predicted post-fold gauge 76530B (naive 76546B - 16B item-structure - 0B removed-esc - 0B new-roll-esc; margin 1970B under the 78500B line)
INFO predicted post-fold recount (3, 1, 1, 0)
PASS AC-R2531 backup logs/state-preop-R1171.bak byte-identical (78748 B)
PASS AC-R2533 top-level seven fields preserved (tick/log/last_order/last_decision_rows/benchmarks_refreshed/last_gord_tbl_rows/last_dec_tokens)
PASS AC-R2533 composed parses, tick 1170 preserved; log items 58 -> 56 (3 -> 1, kept=0); head block 55 items verbatim; log item 55 = R253 rolling summary (composed verbatim, 6961 B)
PASS AC-R2534 post-fold measured 76530 bytes scan-gauge (disk 76533 B), under the 78500B line by 1970 B
INFO pre-op live recount (5, 1, 1, 1) -> post-fold recount (3, 1, 1, 0) (removed 3 window lines incl R252 roll + R1170 pair, added 1 R253 roll line dated 10-05 inside window)
PASS AC-R2534 re-read parses (tick 1170, log 56, roll item intact); state on disk = 76533 B (BOM + trailing LF write convention verified)
AC-R2535 PENDING receipt = state R253 rolling summary + R1171 log lines in register + commit message contains P-2026-09-25-18 (P-51 three-carrier rule)
SUITE PASS 5/5 pre-closeout (R2535 delivery leg verified at commit; post-closeout cross-verify appended by closeout stage)
NOTE dual-item round R1171 (R1170 isomorph): fold R253 + board knife cut-247; round score 1 = ledger maintenance mechanism file per Executive Protocol v1.1.
PASS AC-R2535 post-closeout cross-verify: state log carries R253 rolling summary (item 55) + R1171 round+tokens lines in register (log 58 items, tick 1171, final 79285B / gauge 79282B); commit message carries P-2026-09-25-18 (P-51 three-carrier rule closed at commit)
