AC-R3741 PASS pre-op byte-identity to HEAD blob (sha16 13a01fac3f20ebd0, blob 38ccf2df49374dbb, 79129B, no BOM, no trailing LF, indent=2 round-trip exact); backup state-preop-R1454.bak written
AC-R3742 PASS window shape asserted [R1452 roll line + R1452/R1453 two pairs] 5 lines 8572B content-sum, log 28 entries pre-fold; archive section R1454 appended verbatim (rerun path: pass-1 honest-abort append verified byte-exact at tail, no double append; pass-1 foldfmt subset guess 26 was wrong-basis, superseded), markers 98->99 (all-markers basis per R1443 94->95 / R1446 95->96 / R1449 96->97 / R1452 97->98 chain; fold-append-format subset 26->27 noted, QA-only caliber, exact ' fold append' string basis excluding cold-fold/window-fold lines); on-disk 1346951B (local logs/ not in git per .gitignore)
AC-R3745 PASS P/D catalog 91 -> 91 mechanical union zero-loss (new registers: none; extracted 66 tokens over all 5 window lines, all already registered, zero new entry honestly noted; AC-R3721..R3736 range names in folded text stay unregistered per R1446/R1452 same-form caliber, AC-R#### shape does not match extraction regex, R1443 first-token was a one-time convention; extraction regex [A-Z]{1,3}-[0-9][0-9A-Za-z-]* caliber carried uniform from R1449/R1452)
AC-R3743a PASS fixed-point digit iteration for self-referential size fields converged in 3 passes (post-fold stage 74087B, closeout stage 76623B)
AC-R3743b PASS final 76623B under the 78500B gate by 1877B (asserted before write; honest abort otherwise)
AC-R3743c PASS sd mechanical recount over post-fold state log asserted in-script: window 23 / idle 0 / nop 2 / sub 9, log lines-in-window pre-fold 25 -> post-fold 23 [-5 window fold absorbed, +1 roll line, +2 R1454 pair], sub pre-fold 10 -> post-fold 9 [-2 folded round lines R1452 fold / R1453 no-pullable, +1 R1454 fold round line; caliber = date+R#### lines excluding tokens lines, window-anchored ^2026-10-0[1-7] per R1452 method], nop pre-fold 3 -> post-fold 2 [-2 folded R1452 roll line + R1453 no-pullable line, +1 new roll line carries the term in its window summary; residual 1 = 2026-10-05 cold summary line]
AC-R3743d PASS verify-then-write: predicted 76623B == actual 76623B on disk (byte-exact size check)
AC-R3744a PASS python json.loads OK post-write re-read (log 26 entries, tick 1454, decRows 212 unchanged, baseline fields untouched)
AC-R3744b PASS dual-parser: PowerShell ConvertFrom-Json external post-write check via explicit UTF8 read OK (state tick=1454 log=26 decRows=212; export results=565 tickrow=1454 lastrow=R1454 fold row; HB last row 2026-10-07 14:20 tick 1454)
AC-R3746a PASS export roundtrip probe asserted pre-write: BOM utf-8-sig + indent=2, no trailing newline
AC-R3746b PASS export results 564 rows pre-flush, tick row 1452 -> 1454 (R1453 one-round pair drift resolved by this flush)
AC-R3746c PASS queue/proposal recounts verified 6/2/2 and 3-total/1-open before sd write (python open-checkbox recount)
AC-R3746e PASS export post-write probe byte-exact (BOM preserved, no trailing newline)
AC-R3746f PASS export results 565 rows post-write, tick row [12] = 1454, last row = R1454 fold row
AC-R3746d0 PASS HB file-tail CRLF caliber asserted pre-append (junction byte intact, R1443 recurring-defect guard)
AC-R3746d PASS HB R1454 row on-time lag=0 (splitlines caliber -> 1100 rows, last row tick 1454, CRLF file-tail caliber)
AC-R3746-as PASS auto-saves standing step (BD-PROP-002 pilot) measured this round 438.0MB/328 items under 500MB line no clean
AC-R3746g PASS git tracked-dirty set == intended files pre-commit (M docs/status-export.json; M heartbeat.txt; M src/os/state.json; ?? qa/reorg-R1454.log) [logs/ gitignored per .gitignore; qa/*.log un-ignored; full QA log finalized after this check]
ROUND-CONTEXT INFO nine-face scan ran pre-fold ~14:1x zero FLAG (STATE 79129B over 78500B line by 629B = fold R374 trigger, R1453 carry-note honored; LEDGER 110 lines conflict=0 atbd_rows=0 lastp all-receipted [P-2026-10-06-05/P-2026-10-07-01/P-2026-10-07-02]; DEC 212 tokens flat; GORD 133 rows gord_new_rows=0 zero new order [last-3 table rows 10-07 batch = R1428/R1448 judged anti-rescan]; ORD/BENCH flat; QA same-day evidence on disk smoke-R1385+reconcile-daily-20261007; HB lag 0; TREE clean in sync; TASKS queue gated: OSS window5 claim window opens 10-07 15:07 post-watchdog scan (now 14:2x pre-window no early claim per board mandate), hard line 10-08 03:07; claimable=5 all individually gated: OSS pre-window, radar list ETA 10-08 21:40, R777 chronic, bootstrap CEO physicals, daily duties done R1385; proposal window 10-06..10-13 quota cleared BD-PROP-003 R1254; P-32 daily zero-increment; auto-saves 438.0MB/328 items under line
CARRY-NOTE INFO post-closeout state 76623B margin 1877B under gate; if post-closeout waterline again crosses 78500B then fold R375 = next-round first-measure ruling; window-byte caliber carried: UTF-8 content-sum (8572B this window, R1446 annotation chain); marker caliber: all-markers basis 98->99 (fold-append-format subset 26->27 QA-only, exact ' fold append' string)
PROCESS-NOTE INFO pass-3 clean pass after two pre-write honest-aborts (pass-1: foldfmt subset wrong-basis guess 26, pass-2: subset corrected to exact ' fold append' string basis; both aborts fired before any state.json write, archive-only rerun-guard path exercised per R1443 AC-R3702b precedent, section verified byte-exact no double append; rerun guards idempotent by design: archive marker + state tick + export row + HB row)
