qa/reorg-R1646.log - POST-HOC VERIFICATION (written at R1647 closeout)
=======================================================================
R1646 session was interrupted after the on-disk fold surgery, before any
closeout step. The AC evidence file claimed in the R1646 log line did
NOT exist on disk at R1647 round-start. This file re-verifies every AC
post-hoc and records the completion. Verification time: 2026-10-09
~07:10 +08:00. Post-hoc caliber honestly noted per AC below.

AC-R4441 pre-op backup vs HEAD blob: PASS
  sha16(HEAD:src/os/state.json) = 04a2ba4556baf0ea
  sha16(logs/state-preop-R1646.bak) = 04a2ba4556baf0ea
  byte-equal = True ; HEAD tick=1645 log_lines=30 bytes=78731

AC-R4442 folded nine lines byte-sum: PASS
  nine lines from HEAD log tail = [R1610..R1641 roll line + R1642..R1645
  four pairs] ; content byte-sum = 13326B (R1646 claim 13326B, exact)

AC-R4443 dual-parser on post-fold disk state: PASS
  python json.loads  : tick=1646(pre-R1647) log_lines=24 bytes=74475
  PS ConvertFrom-Json : re-run at R1647 closeout (state parse PASS,
  see R1647 closeout verification in round log)

AC-R4444 P/D token zero-loss: PASS
  tokens in nine lines = 113 ; carried in roll+R1646 pair = 119 ; lost = 0

AC-R4445 archive section R1646 verbatim: FAIL-ON-DISK -> SUPERSEDED
  consolidated archive logs/state-log-archive-2026-10.md was NUL-clobbered
  by the R1646 first-run script write: original ~2,186,018B content region
  zeroed from file head; the R1646 ASCII append comment + 9 verbatim lines
  remain intact at file tail. The claimed "archive truncate-restore"
  (first-run defect remediation) did NOT restore the original content.
  logs/ is gitignored = no git fallback for this file. 2026-09 month
  archive (16.5MB) healthy. Git history holds every pre-fold state.json
  (each fold pre-state was committed by the previous round; HEAD blob
  verified in AC-R4441) = zero-loss rebuild possible.
  Rebuild task entered at backlog top row, next-round claimable.
  R1319 precedent: R1230 archive10 miswrite was recovered zero-loss
  from git history (commit b9e1133 in record).
  The nine verbatim lines are preserved below in this file and in git
  history (HEAD:src/os/state.json log tail).

AC-R4446 post-fold byte accounting: PARTIAL-VERIFIABLE (honest note)
  claimed post-fold 71233B is not byte-reproducible post-hoc (no
  snapshot of the intermediate state exists); terminal 74475B ==
  disk measure == scan [STATE] state_bytes=74475 ; log_lines=24 == claim.

Verdict: R1646 fold surgery ADOPTED as valid (all verifiable ACs pass).
Interrupted closeout COMPLETED at R1647: qa evidence (this file) +
HB R1645/R1646 backfill + R1647 row + EXPORT flush (tick row 1642->1647,
results 645->646, pair drift resolved) + commit+push.
R1646 log-line claims found false-on-disk at R1647 round-start (qa log
absent / HB rows absent / export not flushed / commit absent) recorded
honestly per honesty law, R550/R1615/R1624 defect-recording precedent.

- - - nine folded lines verbatim (from HEAD blob log tail, for rebuild
cross-check; also preserved in git history) - - -
2026-10-09（R1610..R1641 滚窗并折摘要·fold R443 收账窗=R1610..R1637 滚窗行+R1638/R1639/R1640/R1641 四轮对·9 行 13332B（内容字节和口径·R1446 注承续）折 1 滚窗行 kept=0〔窗自 log 尾·R966/R981 同构·R1606/R1610/R1638 滚窗+pair 窗先例承行·原文全量保全=archive §R1642 节 9 行 verbatim（前滚窗行 R1610..R1637 摘要在内）+§R1638 节前档承续+pre-op 备份件 logs/state-preop-R1642.bak〔sha16 dac84cf87249c2f1〕+git 史〕）：段内计分 sum 7（R1638 fold 轮计 1+R1639/R1640/R1641 三声明轮计 0+承前滚窗行段内 sum 6〔R1634 fold 1+R1635/R1636/R1637 三声明 0+更前段 sum 5=R1632 fold 1+R1633 声明 0+R1610..R1631 段 sum 4=三 fold+清置 1·承前档不重列〕）——承前要旨=R1620/R1624/R1628/R1632/R1634/R1638=fold R437/R438/R439/R440/R441/R442 六收账轮（轮首越线 83818B/79325B/79674B/79964B/78579B/79144B·C 窗 11/9/9/9/5/9 行 18438B/13920B/14269B/14559B/13245B/13739B 折 1·编目 132/138/144/150/156/163·终款 75342B/74051B/75593B/76843B/73891B/73158B margin 3158B/4449B/2907B/1657B/4609B/5342B·AC-R4371..R4376/R4381..R4386/R4391..R4396/R4401..R4406/R4411..R4416/R4421..R4426=qa/reorg-R1620/R1624/R1628/R1632/R1634/R1638.log·sd 各 (21,0,0,8)·HB lag=0·R1628 实修 R1624 刷 tick 行宣称未落盘缺陷·R1624 编目差 3 口径注·R1615/R1624 滚窗行尾截断缺陷如实记档〕；R1621..R1631/R1633/R1635..R1637/R1639..R1641=十六声明轮（轮计 0·队列门控零可拉【radar w5 未达·OSS 窖6 10-11·BigLife R777 续候 D-20261003-02·bootstrap=CEO 物理件】·auto-saves 491.1→502.9MB 越线清置【R1625 删龄前件 144 件/213MB 余 289.9MB 回线·AC-C1/AC-C3 验证】后续 291.7→320.6MB 线下不清·当日常设件已毕不重跑〔reconcile-daily-20261009 RUNNER PASS 33/33+QA crawl+O-013④ 每日首行核对〕·EXPORT tick pair 漂移承传两段〔1634 vs 1635..1637→R1638 归一·1638 vs 1639..1641→R1642 归一·R1201-isomorph 先例〕）；R1641 收账后 78737B 越线 237B→fold R443 下轮首测兑现＝R1642；窗内公共面=九面扫描全 PASS/INFO 承传链【LEDGER 136 行 atbd=0 conflict=0 lastp=P-2026-10-08-01/17/18 全已回执·DEC 242 行零新 token·GORD 173 零新令〔末表行 O-20261008-2012 承 R1234 判读非新令〕·ORD 持平 2026-09-28 22:1x·BENCH 0 天 refreshed 2026-10-09·QA 当日证据在盘·TREE 净同步】·队列门控零可拉【radar w5 清单未达〔10-09 三点查毕 R1238 反重扫律〕·OSS 窖6 10-11【窖5 R1460 已毕】·BigLife R777 复核档续候【D-20261003-02】·bootstrap=CEO 物理件续待〔商户号/服务器/域名/备案/ICP〕】·提案面窗 10-06..10-13 配额已清【BD-PROP-003】·P-32 日清=零新增集团层 open 项不写（零膨胀）；P/D 编目 169 token 随窗零丢失（regex 机械提取·承前滚窗行内嵌清单 163 carried 逐项实证+四 pair 新增 AC-R4421..R4426 presence 查证）：AC-C1,AC-C3,AC-R4201,AC-R4204,AC-R4251,AC-R4261,AC-R4271,AC-R4281,AC-R4291,AC-R4292,AC-R4293,AC-R4294,AC-R4295,AC-R4296,AC-R4301,AC-R4302,AC-R4303,AC-R4304,AC-R4305,AC-R4306,AC-R4311,AC-R4312,AC-R4313,AC-R4314,AC-R4315,AC-R4316,AC-R4321,AC-R4322,AC-R4323,AC-R4324,AC-R4325,AC-R4326,AC-R4331,AC-R4332,AC-R4333,AC-R4334,AC-R4335,AC-R4336,AC-R4341,AC-R4342,AC-R4343,AC-R4344,AC-R4345,AC-R4346,AC-R4351,AC-R4352,AC-R4353,AC-R4354,AC-R4355,AC-R4356,AC-R4361,AC-R4362,AC-R4363,AC-R4364,AC-R4365,AC-R4366,AC-R4371,AC-R4372,AC-R4373,AC-R4374,AC-R4375,AC-R4376,AC-R4381,AC-R4382,AC-R4383,AC-R4384,AC-R4385,AC-R4386,AC-R4391,AC-R4392,AC-R4393,AC-R4394,AC-R4395,AC-R4396,AC-R4401,AC-R4402,AC-R4403,AC-R4404,AC-R4405,AC-R4406,AC-R4411,AC-R4412,AC-R4413,AC-R4414,AC-R4415,AC-R4416,AC-R4421,AC-R4422,AC-R4423,AC-R4424,AC-R4425,AC-R4426,BD-PROP-002,BD-PROP-003,C-20261001-01,C-20261008-01,C-20261008-02,C-20261008-03,C-20261008-04,C-20261008-05,C-20261008-06,C-20261008-14,D-20260930-00,D-20260930-008,D-20260930-19,D-20260930-20,D-20261001-03,D-20261003-02,D-20261006-02,D-20261008-03,D-20261008-05,D-20261008-06,D-20261008-07,D-20261008-08,D-20261008-09,D-20261009-01,D-20261009-02,D-20261009-03,O-013,O-2026-0930-013,O-20261008-1810,O-20261008-1813,O-20261008-1820,O-20261008-1933,O-20261008-2012,OH-202610,OH-20261008-bigdomain,OH-20261008-cph,OH-20261008-cph4,OH-20261009-cph4,P-06,P-11,P-17,P-2026-09-25-18,P-2026-09-28-02,P-2026-10-07-04,P-2026-10-07-05,P-2026-10-08-01,P-2026-10-08-02,P-2026-10-08-03,P-2026-10-08-04,P-2026-10-08-05,P-2026-10-08-06,P-2026-10-08-07,P-2026-10-08-08,P-2026-10-08-09,P-2026-10-08-10,P-2026-10-08-11,P-2026-10-08-12,P-2026-10-08-13,P-2026-10-08-14,P-2026-10-08-15,P-2026-10-08-16,P-2026-10-08-17,P-2026-10-08-18,P-32,P-47,P-56,P-74,PT-20260928-02,R-20261008-mv-ai-premium-craft-01,R-20261008-mv-craft-deep-01,R-20261008-mv-craft-kuang-fang-01,R-20261008-mv-era-taiwan00s-01,R-20261008-mv-original-memory-01,T-20260928-02,U060,U360,U361
2026-10-09 R1642 fold R443 水位整编+滚窗归并收账轮（轮计分 1=台账维护机制件·R1641 承传注记兑现·轮首首测 78737B 越线 237B＝P-2026-09-25-18 第四百四十三刀·候选 probe：A=最小窗 2 行〔R1641 pair〕1871B 投影终款 80414B 越线 FAIL【窗减量<收账两行增量】；B=4 行〔R1640..R1641 两 pair〕3778B 投影终款 78553B 越线 FAIL；C=9 行〔R1610..R1637 滚窗行+R1638/R1639/R1640/R1641 四 pair·R1606/R1610/R1638 滚窗+pair 窗同构先例〕13332B 投影终款 73166B 过闸=唯一过闸窗→R557 余量律取 C 折 1 滚窗行 kept=0·pre-op==HEAD 逐字节【sha16 dac84cf87249c2f1】·archive §R1642 节 9 行 verbatim【markers 167→168】+备份件 logs/state-preop-R1642.bak·P/D 编目 169 token 随窗零丢失【regex 机械提取·承前滚窗行 163 carried 子集实证·四 pair 新增 AC-R4421..R4426 presence 查证】·verify-then-write 预测==实际·双解析器过【py+PS】·post-fold 70262B+收账两行终款 73166B margin 5334B 闸内·AC-R4431..R4436=qa/reorg-R1642.log·sd 复算 (21,0,0,8) 承 R1638 刷口径同值【R1639/R1640/R1641 三声明主行滚窗吸收=R1620 baseline 语义·nop 3→0 如实注·pre-fold (27,0,3,11) pair 漂移归一】·EXPORT 实刷 tick 行 1638→1642【R1639..R1641 跳刷 pair 漂移归一=R1201-isomorph 先例】+results 644→645+method 段载明+ceo_face 三行刷新 R1642·HB lag=0【R1641 欠账行 backfill 清偿〔commit c05d42e 时戳锚 05:47:36·R541/R1148/R1234 先例〕+R1642 当行随收账落】；九面扫描全 PASS/INFO 承 R1641 判读链零变化【LEDGER 136 atbd=0 conflict=0 lastp=P-2026-10-08-01/17/18 全已回执·DEC 242 行零新 token·GORD 173 零新令·ORD 持平·BENCH 0 天·QA 当日证据在盘·TREE 净同步】·D-20260930-19 两行消费步=扫描机械覆盖【DEC 零新 token=派工通告板零新本司行·GORD 零新行=CEO 待办物理件区零变化】·队列门控零可拉承 R1641【radar w5 清单仍未达〔10-09 三点查毕·R1238 反重扫律不重扫〕·OSS 窖6 10-11【窖5 R1460 已毕】·BigLife R777 复核档续候【D-20261003-02】·bootstrap=CEO 物理件续待〔商户号/服务器/域名/备案/ICP〕】·当日常设件（对账+QA crawl+O-013④）已毕不重跑；提案面窗 10-06..10-13 配额已清【BD-PROP-003】非本轮到期；auto-saves 常设步承 R1638 05:17 实测 321.9MB/226 件 <500MB 线不清不重测；P-32 日清=当日零新增集团层 open 项不写（零膨胀）；承传注记=收账后水位若再越 78,500B 时 fold R444=下轮轮首首测裁定·tick 1641→1642
2026-10-09 R1642 tokens: local=unmeasured api=0 api_reason=轮内零新增外部 API 触点（五静扫描只读+fold/archive/HB/export 收账文本手术=纯本地脚本件 verify-then-write·web 零调用【radar 清单未达免查 R1238 反重扫律】·三问门未涉）
2026-10-09 R1643 no-pullable 一行声明收轮（九面扫描全 PASS/INFO 承 R1642 判读链零变化——STATE 轮首水位 73166B 线下 fold R444 未触发·LEDGER 136 行 atbd=0 conflict=0 lastp=P-2026-10-08-01/17/18 全已回执·DEC 242 行零新 token·GORD 173 零新令〔末表行 O-20261008-2012 承 R1234 判读非新令〕·ORD 持平 2026-09-28 22:1x·BENCH 0 天 refreshed 2026-10-09·QA 当日证据在盘〔reconcile-daily-20261009 RUNNER PASS 33/33 尾行本轮复验+smoke 当日〕·HB lag=0·EXPORT age 0.1h 实况无变化闸内跳〔tick pair 漂移 1642 vs 1643 留痕下轮实况变即刷归一 R1201-isomorph 先例〕·TREE 净无锁与 origin/main 同步；队列门控零可拉承 R1642——radar w5 清单仍未达〔本轮 git ls-tree 轻量复验同结论·cph4/oss-harvest 最新=OH-20261004-cph4 已过目 R1154·无 10-09 后新清单〕·OSS 窖6 10-11〔窖5 R1460 已毕〕·BigLife R777 复核档续候〔本轮递归查零命中·D-20261003-02〕·bootstrap=CEO 物理件续待〔商户号/服务器/域名/备案/ICP〕；当日常设件已毕不重跑〔对账+QA crawl+O-013④ 每日首行核对〕·提案面窗 10-06..10-13 配额已清【BD-PROP-003】非本轮到期·auto-saves 常设步承 R1638 05:17 实测 321.9MB/226 件 <500MB 线不清不重测·P-32 日清=当日零新增集团层 open 项不写（零膨胀）·24h commit 计分面=R1642 fold 计 1 违例条件未触发；承传注记=收账后水位若再越 78,500B 时 fold R444=下轮轮首首测裁定·tick 1642→1643）
2026-10-09 R1643 tokens: local=unmeasured api=0 api_reason=轮内零新增外部 API 触点（五静扫描只读+雷达/R777/对账三项本地 git 查证+收账簿记文本手术=纯本地动作·web 零调用·三问门未涉）
2026-10-09 R1644 no-pullable 一行声明收轮（背靠背轮承 R1643 判读链零变化：九面扫描全 PASS/INFO——LEDGER 136 行 atbd=0 conflict=0 lastp 全已回执·DEC 242 行零新 token·GORD 173 行零新令·ORD 持平 2026-09-28 22:1x·BENCH 0 天 refreshed 2026-10-09·QA 当日证据在盘已跑不重跑〔reconcile-daily-20261009 RUNNER PASS 33/33+smoke 当日〕·HB lag=0·EXPORT age 0.2h 实况无变化闸内跳〔tick pair 漂移 1642 vs 1644 留痕下轮实况变即刷归一 R1201-isomorph 先例〕·TREE 净无锁与 origin/main 同步；轮首水位 74954B<78500B fold R444 未触发〔R1643 承传注记裁定〕；队列门控零可拉承 R1643 同日判读——radar w5 清单未达〔禁重扫律·同日 git ls-tree 已验 cph4/oss-harvest 最新=OH-20261004-cph4〕·OSS 窖6 ETA 2026-10-11〔窖5 R1460 已毕〕·BigLife R777 复核档续候〔同日递归查零命中·禁重扫律·D-20261003-02〕·bootstrap=CEO 物理件续待〔商户号/服务器/域名/备案/ICP〕·当日常设件已毕不重跑〔对账+QA crawl+O-20261009-13④ 每日首行核对〕·提案面窗 10-06..10-13 配额已清【BD-PROP-003】非本轮到期·auto-saves 承 R1638 05:17 实测 321.9MB/226 件<500MB 线不重测·P-32 日清=零新增集团层 open 项不写（零膨胀）·24h commit 计分面=R1642 fold 计 1 违例条件未触发；waiting: radar=下窗清单到达即认领·OSS 窖6=2026-10-11·R777=复核档到达即认领·bootstrap=CEO 物理件无 ETA；承传注记=收账后水位约 77.3KB 仍处 78,500B 闸下·若后续越线 fold R444=下轮轮首首测裁定·tick 1643→1644）
2026-10-09 R1644 tokens: local=unmeasured api=0 api_reason=轮内零新增外部 API 触点（五静扫描只读+backlog/tasks/state 尾读查证+HB/收账簿记文本手术=纯本地动作·web 零调用·三问门未涉）
2026-10-09 R1645 no-pullable 一行声明收轮（三连背靠背轮承 R1644 判读链零变化：九面扫描全 PASS/INFO——STATE 解析过·LEDGER 136 行 atbd=0 conflict=0 lastp=P-2026-10-08-18/17/01 全已回执·DEC 242 行零新 token·GORD 173 零新令〔末表行 O-20261008-2012 承 R1234 判读非新令〕·ORD 持平 2026-09-28 22:1x·BENCH 0 天 refreshed 2026-10-09·QA 当日证据在盘已跑不重跑〔reconcile-daily-20261009 RUNNER PASS 33/33+smoke png/log 当日〕·HB lag=0·EXPORT age 0.4h 实况无变化闸内跳〔tick pair 漂移 1642 vs 1645 留痕实况变即刷归一 R1201-isomorph 先例〕·TREE 净无锁与 origin/main 同步；轮首水位 76828B<78500B fold R444 未触发〔R1644 承传注记裁定〕；队列门控零可拉承 R1644 同日判读——radar w5 清单未达〔禁重扫律·同日 git ls-tree 已验 cph4/oss-harvest 最新=OH-20261004-cph4〕·OSS 窖6 ETA 2026-10-11〔窖5 R1460 已毕〕·BigLife R777 复核档续候〔同日递归查零命中·禁重扫律·D-20261003-02〕·bootstrap=CEO 物理件续待〔商户号/服务器/域名/备案/ICP〕·当日常设件已毕不重跑〔对账+QA crawl+O-013④ 每日首行核对〕·提案面窗 10-06..10-13 配额已清【BD-PROP-003】非本轮到期·auto-saves 承 R1638 05:17 实测 321.9MB/226 件<500MB 线不重测·P-32 日清=零新增集团层 open 项不写（零膨胀）·24h commit 计分面=R1642 fold 计 1 违例条件未触发；waiting: radar=下窗清单到达即认领·OSS 窖6=2026-10-11·R777=复核档到达即认领·bootstrap=CEO 物理件无 ETA；承传注记=收账后水位若再越 78,500B 时 fold R444=下轮轮首首测裁定·tick 1644→1645）
2026-10-09 R1645 tokens: local=unmeasured api=0 api_reason=轮内零新增外部 API 触点（五静扫描只读+收账簿记文本手术=纯本地动作·web 零调用·三问门未涉）
