AC-R3701 PASS pre-op src/os/state.json byte-identical to git HEAD blob (content sha16 c945cce503c0ee45, 79935 bytes, asserted in-script before any write; round-start first-measure 79935B over the 78500B gate by 1435B = R1442 post-closeout over-line carry-note cashed, 370th knife); backup logs/state-preop-R1443.bak written
AC-R3701b PASS backup logs/state-preop-R1443.bak == HEAD blob asserted (local logs/ not in git per .gitignore rule, triple insurance = archive + preop .bak + git history)
AC-R3701c PASS serialization probe: no BOM, no trailing LF (R731 standing caliber), indent=2 round-trip exact
AC-R3702a PASS window shape asserted [R1440 roll line + R1440/R1441/R1442 three pairs] 7 lines, log 30 entries pre-fold
AC-R3702b PASS rerun idempotent path: existing section R1443 verified byte-exact at archive tail, markers 94->95 already in place, no double append (first honest-abort pass appended archive before its pre-write abort; guard added per R1440 process-note precedent)
AC-R3702f PASS archive on disk == expected content 1310092B (local logs/ not in git, git history carries pre-fold state)
AC-R3705 PASS P/D catalog 79 -> 80 mechanical union zero-loss (expected 1 new register: AC-R3691 from R1440 closeout text AC-R3691..R3696 range first-token convention; finditer full-match single-pattern extraction documented in-script; register-diff check vs old set asserted; 80-token listing embedded in roll line)
AC-R3700 PASS DEC batch tokens all-new asserted: C-20261006-03,D-20261007-04,D-20261007-05,D-20261007-06 (baseline append +4, last_decision_rows 204->212)
AC-R3706-as PASS auto-saves standing step (BD-PROP-002 pilot) measured this round 408.8MB/306 items under 500MB line no clean
AC-R3703a PASS fixed-point digit iteration for self-referential size fields converged in 3 passes (post-fold stage 73688B + closeout pair -> final 75873B, margin 2627B under the 78500B gate)
AC-R3703b PASS final 75873B under the 78500B gate by 2627B (asserted before write; honest abort otherwise)
AC-R3703c PASS sd mechanical recount over post-fold state log asserted in-script: window 23 / idle 0 / nop 1 / sub 9, log 26 entries final
AC-R3706a PASS export roundtrip probe asserted pre-write: BOM utf-8-sig + indent=2, no trailing newline
AC-R3706b PASS export results 560 rows pre-flush, tick row 1440 (R1441/R1442 two-round pair drift resolved by this flush) -> 1443, new fold row appended (score 1)
AC-R3706c PASS queue/proposal recounts verified 6/2/2 and 3-total/1-open before sd write (python open-checkbox recount)
AC-R3706d0 FAIL HB file-tail CRLF caliber asserted pre-append
AC-R3703d PASS verify-then-write: predicted 75873B == actual 75873B on disk (os.path.getsize byte-exact check)
AC-R3704a PASS python json.loads OK (log 26 entries, tick 1443, decRows 212, dec baseline +4) in-script post-write re-read
AC-R3706e PASS export post-write probe byte-exact (BOM preserved, no trailing newline)
AC-R3706f PASS export results 561 rows post-write
AC-R3706d FAIL HB R1443 row on-time lag=0 (splitlines caliber 1088 -> 1088 rows, row appended with CRLF per file-tail caliber)
AC-R3704b FAIL dual-parser: PowerShell ConvertFrom-Json external post-write check via explicit UTF8 read run as subprocess: state tick=1443 log=26 decRows=212 export results=561 tickrow=1 hb_last_tick=1442
AC-R3706g FAIL git tracked-dirty set == exactly the three intended files pre-commit (docs/status-export.json; heartbeat.txt; qa/reorg-R1443.log; src/os/state.json); qa log written after this line; logs/ and .codely-cli/ gitignored
PROCESS-NOTE one honest-abort pass then clean finish (honest record, R1440 precedent form): first pass aborted at three pre-write assertions with zero state.json/export/HB write (abort point = after archive append and preop backup, both idempotent-safe; the abort was itself assertions doing their job, no false-claim window existed): (1) serialization probe expected trailing LF but the standing caliber is no-trailing-LF (R731 caliber, confirmed by byte probe probe_nolf_match=True on pre-op file); (2) marker regex counted only the fold-append wording (23 hits) instead of the all-headers caliber ^# --- (94 pre-append, 95 after this section); (3) idle recount was unscoped and caught the 2026-09-26/27 head-line mention (historical note, outside the 10-01..10-07 window), window-scoped caliber per BD-PROP-001 applied; this finish pass fixed all three calibers, added the idempotent archive rerun guard (existing section verified byte-exact, no double append), and completed all steps
ROUND-CONTEXT nine-face scan ran pre-fold ~12:15 (LEDGER 109 lines conflict=0 atbd_rows=0 lastp P-2026-10-06-05/P-2026-10-07-01/P-2026-09-29-13 all acked; DEC FLAG 4 new tokens judged in-round knowledge-only zero BigDomain execution plane per D-20260930-20 delivery law with full IDs: D-20261007-04 receipt-writeoff batch 21 [BigDomain zero-new-row note 5 received] executor HQ/BigCompute, D-20261007-05 governance-day aggregate review [our SOP inventory R1154 already delivered, zero new face] executor HQ/CPH4 E1 reopen, D-20261007-06 three-case revisit readout [C-01 gap re-present window 10-14 -> BigCompute; C-03-1 re-visit 10-14], C-20261006-03 fleet density scheduling law referenced inside D-06 row revisit 10-13 -> BigCompute/bm-c; GORD tbl_rows=132 gord_new_rows=0 zero new mandates [10-07 rows judged R1428 anti-rescan]; ORD flat; BENCH 0 days refreshed 2026-10-07; QA today evidence in place smoke-R1385+reconcile-daily-20261007; HB lag=0; TREE clean in-sync no lock); queue gated zero pullable (OSS window-5 claim window opens 10-07 15:07 after duty scan, now 12:1x before window no early claim R1385..R1442 same judgment, in-band delivery 19:00-21:50, hardline 10-08 03:07; radar window-5 list ETA 10-08 21:40; BigLife R777 chronic R1238 anti-rescan; bootstrap CEO physicals merchant-id/server/domain/filing/ICP unchanged; reconcile-daily + O-013(4) done today R1385 no rerun; proposal window 10-06..10-13 quota cleared BD-PROP-003 R1254); D-20260930-19 two consumption steps = scan mechanical coverage (dispatch board read zero new BigDomain rows, CEO physicals zone zero change); P-32 daily clear zero new group-level open items no HQ write; near-24h commit scoring face: R1440 fold 1 + this round 1, all-zero condition not triggered
CARRY-NOTE post-closeout state 75873B margin 2627B under gate; if post-closeout waterline again crosses 78500B then fold R371 = next-round round-start first-measure decides; round score 1 = ledger maintenance mechanism item (fold) + DEC batch scan-judgment receipt carried in the same round line per R907/R581 single-line precedent
AC-R3706d0r PASS CRLF inserted at the junction byte (R1442 row trailing CRLF restored per file-tail caliber, R1145 same-type recurring defect repaired same-round)
AC-R3706d PASS HB R1443 row on-time lag=0 post-repair (splitlines caliber 1088 -> 1089 rows, last row tick 1443, prior row tick 1442, file ends CRLF)
AC-R3704a PASS state.json untouched by repair, byte-verified: 75873B on disk, tick 1443, log 26 entries, decRows 212
AC-R3706f PASS export untouched by repair, byte-verified: 561 results, tick row [12] = 1443, last row = R1443 fold row
AC-R3704b PASS dual-parser (post-repair): PowerShell ConvertFrom-Json external check, direct-index results[12] (pass-2 single-match pipeline-unroll quirk [0][0] char-index fixed): state tick=1443 log=26 decRows=212 export results=561 tickrow=1443 hb_last_tick=1443
AC-R3706g PASS git tracked-dirty set == the four intended commit files (docs\status-export.json; heartbeat.txt; qa\reorg-R1443.log; src\os\state.json); qa log = pass-1 abort leftover overwritten by this repair; logs/ and .codely-cli/ gitignored
SECOND-PASS REPAIR (same round R1443, honest record): pass 2 completed the fold core with state.json/export byte-verified in-pass (final 75873B margin 2627B under gate, AC-R3703d/R3704a/R3706e/R3706f PASS) but failed three checks honestly: (1) AC-R3706d0 FAIL = heartbeat.txt did NOT end with CRLF because the R1442 row had been written without a trailing CRLF (pre-existing before this round, R1145 same-type recurring defect); the pass-2 append had no CRLF backfill step and merged the R1443 row into the R1442 line (1088 rows, no new row); (2) AC-R3704b FAIL = PowerShell single-match pipeline unroll made [0][0] a char index returning "1" for the tick row; command rewritten to direct results[12] indexing; (3) AC-R3706g FAIL = git dirty set included qa/reorg-R1443.log left over from the pass-1 abort write. Repair executed after the three findings: CRLF inserted at the junction byte (both rows now CRLF-terminated), all checks re-run and green above
