INFO export stored self_drive = (5, 1, 1, 1) ; formula live recount = (5, 1, 1, 1) ; pair delta since last refresh = (0,0,0,0) (log 58 items byte-identical to R1176 closeout commit = zero drift by construction)
PASS AC-R2591 state BOM + trailing LF + no CR + pre-op disk bytes = 80096 byte-identical to git HEAD blob (sha16 66576A0B632661BF)
PASS AC-R2591 roundtrip byte-identity (indent2, BOM-less content 80093B + trailing LF); round-start first-measure scan gauge 80093B over the 78500B line by 1593B = R1176 carry-note honored
PASS AC-R2591 backup logs/state-preop-R1177.bak byte-identical (80096 B)
PASS AC-R2591 round-start tree face: only claim row (src/os/backlog.md) as pre-registered
PASS AC-R2591 calibration probe: export stored sd (5,1,1,1) + pair delta (+0,+0,+0,+0) == live (5,1,1,1) (zero drift this fold window)
PASS AC-R2592 window line 0 = R258 rolling summary :: 2026-10-05（R1135..R1175 窗口·R258 整编第二百五十八刀压窗｛P-
PASS AC-R2592 window pair = R1176 round+tokens lines (single-round pair), window tail = final log item (R1176 tokens)
PASS AC-R2592 window 3 lines = 10508 B content measure (probe-measured exact value)
PASS AC-R2592 removed-window banned-substring mechanical count = zero hits {'idle-fast': 0, 'no-pullable': 0, 'nop': 0} (originals addressable via pre-op backup + git history)
PASS AC-R2592 41-round carried score list mechanically located (41 values)
PASS AC-R2592 carried token catalog == 48 (R258 carry verbatim; must-have P-51 present; last token P-51)
PASS AC-R2592 P/D catalog mechanical dedup == 48 carried + 0 newly registered (BD-PROP guard; boundary guard) zero new tokens, dual-window zero new order numbers
PASS AC-R2592 new roll line banned-substring three-family zero hits
PASS AC-R2592 42-round score list mechanically derived (41 carried + R1176=1); mechanical round-number column R1135..R1176 continuous, zero gaps
INFO roll line composed 7897 B; carried R1135..R1175 notes verbatim from R258 roll + R1176 fresh note
INFO naive predicted gauge 77466B (window 10508B out, roll 7897B in, item-structure -16B for 2 removed items); exact serialized prediction 77466B; margin 1034B under the 78500B line
INFO predicted post-fold recount (3, 1, 1, 0) by delta math (pair removal -2 w / -1 sub, paren roll swap zero); formula recomputed (3, 1, 1, 0)
PASS AC-R2593 top-level seven fields preserved (tick/log/last_order/last_decision_rows/benchmarks_refreshed/last_gord_tbl_rows/last_dec_tokens)
PASS AC-R2593 composed parses, tick 1176 preserved; log items 58 -> 56 (3 -> 1, kept=0); head block 55 items verbatim; log item 55 = R259 rolling summary (composed verbatim, 7897 B)
PASS AC-R2594 post-fold measured 77466 bytes scan-gauge (disk 77469 B), under the 78500B line by 1034 B
PASS AC-R2594 dual-parser pass (json.loads + PS ConvertFrom-Json, tick 1176, log 56 items)
AC-R2595 PENDING receipt = state R259 rolling summary + R1177 log lines in register + commit message contains P-2026-09-25-18 (P-51 three-carrier rule)
SUITE PASS 5/5 pre-closeout (R2595 delivery leg verified at commit; post-closeout cross-verify appended by closeout stage)
PASS AC-R2595 post-closeout cross-verify: tick 1177 log 58, rolling row at index 55 head='2026-10-05（R1135..R1176 窗口·R259 整编第二百五十九'
SUITE PASS 6/6 post-closeout (R2591..R2595 all green; R1176 done row migrated sec R1177; state final 80248B)
