qa/reorg-R1500.log - fold R395 water-level reorg evidence (R1500, P-2026-09-25-18 395th knife, two-leg run)
PASS PRE-OP AC-R3951 tree face clean (in-sync with origin/main, no index.lock)
PASS PRE-OP AC-R3951 no-BOM + trailing LF + zero CR (round-start first-measure disk 78962B, over the 78500B gate by 462B = R1499 carry-note cashed, 395th knife)
PASS PRE-OP AC-R3951 disk 78962 == HEAD blob byte-identical (sha16 c571fc62c035779a)
PASS PRE-OP AC-R3951 HEAD commit face = state.json + heartbeat only (R1499 waiting-round commit 8625005)
PASS PRE-OP AC-R3951 backup logs/state-preop-R1500.bak written byte-identical (78962 B, local logs/ gitignored asserted)
PASS PRE-OP AC-R3951 top-level 7 fields intact (tick 1499, log 27): tick,last_order,last_decision_rows,benchmarks_refreshed,last_gord_tbl_rows,last_dec_tokens,log
PASS PRE-OP AC-R3951 window [R1498 roll line + R1498/R1499 two pairs] 5 lines 10860B (probe: 6222+2740+220+1490+188=10860)
PASS PRE-OP AC-R3951 window line heads/tails anchored (R1498 fold pair + R1499 waiting pair, roll heng-tail at 2527)
PASS PRE-OP AC-R3951 P/D catalog 96 tokens, window extraction 10 unique all-in-register -> 96->96 zero new (honest note; must-have P-2026-09-25-18 present, uniform regex [A-Z]{1,3}-[0-9][0-9A-Za-z-]* carried, R1491 evidence caliber; full-window strict sweep also all-in-register)
PASS PRE-OP AC-R3951 sd probe: stored (22,0,1,9) at R1498 flush; live now (24,0,1,10) = R1499 pair drift carried, resolved at this flush (R1201-isomorph precedent)
PASS PRE-OP AC-R3951 queue recount 6/2/2 open-checkbox + proposals 3 total / 1 open (BD-PROP-001/002/003 in-register, no 004)
PASS PRE-OP AC-R3951 auto-saves standing step (BD-PROP-002 pilot) measured 414.5MB/306 items under 500MB line no clean
PASS PRE-OP AC-R3951 archive trailing LF + fold-append markers 119 (last = R1498), pure-append basis verified
PASS FOLD AC-R3952 new roll line composed 6716B (window header R1498..R1499 10860B + R1498 fold section + R1499 waiting section + heng-tail carried; banned three-family zero hits, must-haves present)
PASS ARCHIVE AC-R3952 pure-append + prefix byte-identical; section R1500 = header + 5 window lines verbatim, re-verified byte-exact vs pre-op backup window (markers 119->120, fold-append subset 47->48)
PASS FOLD AC-R3953 fold-stage assembled and simulated green: post-fold gauge 74786B (log 27 -> 23, head idx 000..021 verbatim, idx 022 = new roll, 6 scalar fields unchanged)
PASS FOLD AC-R3954 verify-then-write: first run predicted closeout 78510B over-gate by 10B -> INTERCEPTED zero state bytes written -> closeout-line trim amendment (R1232/R1472 amend precedent; window already at log tail, trim-not-widen) -> re-run predicted post-fold 74786B + closeout final 78374B margin 126B, BOTH size gates simulated green before first byte written
PASS FOLD AC-R3953 fold stage written byte-exact: disk 74786B == prediction, json.loads green (tick 1499, log 23)
PASS CLOSEOUT AC-R3953 closeout written byte-exact: final disk 78374B == prediction (tick 1499->1500, last_gord_tbl_rows 133->1 GORD archive-wave baseline, log 25, tail trio = roll/R1500 round/tokens, scalars other than tick+gord unchanged)
PASS CLOSEOUT AC-R3953 state face re-verified from disk by continuation leg: head block 22 items verbatim vs pre-op backup, 4 scalars unchanged, sd post-closeout recount (22, 0, 1, 9) == stored terminal net-zero drift (R1499 pair resolved)
PASS CLOSEOUT AC-R3954 dual-parser: python json.loads OK + PowerShell ConvertFrom-Json external check green (state tick=1500 log=25 decRows=212 gord=1; export results=587 sd=22/0/1/9)
PASS AC-R3955 P/D catalog 96 -> 96 mechanical union zero-loss, zero new registers honestly noted (window-extracted unique 10, all already in catalog; register-diff empty asserted pre-write; must-have P-2026-09-25-18 present)
PASS AC-R3956 HB debt cleared double-row: R1499 backfill (commit 8625005 time-anchor 22:16, R541/R1269/R1429 precedent, content derived from state log) + R1500 row lag=0 (anchored header regex re-verified from disk, pure-append vs HEAD prefix byte-identical, trailing LF preserved, 1146 newline-terminated rows, no new CR bytes introduced by appended rows)
PASS AC-R3956 export flush: export_ts 2026-10-07T22:37:14+08:00; tick row 1498 -> 1500 (R1499 no-flush pair drift resolved by this flush, R1201-isomorph precedent); results 586 -> 587 (new fold row, score 1); sd re-derived 22/0/1/9 mechanical recount asserted; ceo_face current row updated to R1500 fold round incl GORD visualization-order acknowledgment, latest_artifact + next_milestone carried verbatim (R1460 OSS slice remains latest real artifact); roundtrip probe asserted pre-write and post-write; BOM utf-8-sig + indent=2 no trailing newline
PROCESS-NOTE two-leg run (leg-1 fold-r1500.py master + leg-2 fold-r1500-cont.py continuation): leg-1 intercepted twice and honestly recorded - (a) first-run verify-then-write size gate caught predicted closeout 78510B over 78500B by 10B (zero state bytes written at that interception; closeout-line trim amendment applied, re-run passed; window already at log tail so amend = trim-not-widen, R1232/R1472 amend family); (b) HB lag-check regex defect (unanchored rb'tick (\d+)' matching the row-body "tick 1499->1500" text) fired AFTER both HB rows were already appended (rows correct on disk; defect check-side only, zero data impact; R1498 PROCESS-NOTE(b) same-family precedent); leg-2 re-verified state/archive/HB from disk + git history with anchored header regex \| tick (\d+) \| and completed export surgery, PS leg and this evidence; zero data loss, triple insurance intact (archive + preop backup + git history)
ROUND-CONTEXT nine-face scan ran pre-fold ~22:2x zero FLAG except STATE over-gate (fold R395 trigger) and HB lag=1 (cleared this round) (STATE 78962B over 78500B line by 462B = R1499 carry-note honored; LEDGER 112 lines conflict=0 atbd_rows=0 lastp all-receipted [P-2026-10-06-05/P-2026-10-07-01/P-2026-10-07-02]; DEC 212 rows content-addressed flat; GORD INFO shape-change judgment: group orders.md restructured by host archive-wave 133->132 lines, tbl_rows 133->1, single tail row = CEO silicon-city visualization iteration order 10-07 ~22:0x -> response column already executed (silicon-window v4 in service, same-window acceptance 5/5, O-20261007-2240-bm-c dispatches bm-a/bm-b per-machine deployment receipt <=10-08 12:00) = host/machine-fleet face, BigDomain face = status-export data-interface freshness already kept (age 0.2h, ceo_face three rows in place) -> non-execution-face acknowledged no action, baseline last_gord_tbl_rows 133->1; ORD/BENCH flat (bench 1d refreshed 10-07); QA same-day evidence on disk smoke-R1385+reconcile-daily-20261007+charter crawl M-slice; TREE clean in-sync no lock) and queue gated zero pullable (radar window-5 list ETA 10-08 21:40; BigLife R777 chronic anti-scan R1468 interval recheck done today; bootstrap CEO physicals merchant-id/server/domain/filing/ICP unchanged; reconcile-daily + O-013(4) done today R1385 no rerun; OSS window-5 done R1460; proposal window 10-06..10-13 quota cleared BD-PROP-003 R1254); D-20260930-19 two consumption steps = scan mechanical coverage (dispatch board zero new BigDomain rows; CEO physicals area archived by wave, zero arrival signal); P-32 daily clear zero-new no HQ write
CARRY-NOTE post-closeout state 78374B margin 126B under gate; if post-closeout waterline again crosses 78500B then fold R396 = next-round round-start first-measure decides; round score 1 = ledger maintenance mechanism item
