qa/reorg-R1502.log - fold R396 water-level reorg evidence (R1502, P-2026-09-25-18 396th knife, single clean run)
PASS PRE-OP AC-R3961 tree face clean (in-sync with origin/main, no index.lock)
PASS PRE-OP AC-R3961 no-BOM + trailing LF + zero CR (round-start first-measure disk 80915B, over the 78500B gate by 2415B = R1501 carry-note cashed, 396th knife)
PASS PRE-OP AC-R3961 disk 80915 == HEAD blob byte-identical (sha16 8764651ce25d3409)
PASS PRE-OP AC-R3961 HEAD commit face = state.json + heartbeat only (R1501 judgment-round commit 87554f3)
PASS PRE-OP AC-R3961 backup logs/state-preop-R1502.bak written byte-identical (80915 B, local logs/ gitignored asserted)
PASS PRE-OP AC-R3961 top-level 7 fields intact (tick 1501, log 27): tick,last_order,last_decision_rows,benchmarks_refreshed,last_gord_tbl_rows,last_dec_tokens,log
PASS PRE-OP AC-R3961 window [R1500 roll line + R1500/R1501 two pairs] 5 lines 12786B (probe: 6716+3327+247+2332+164=12786)
PASS PRE-OP AC-R3961 window line heads/tails anchored (R1500 fold pair + R1501 judgment pair, roll heng-tail at 2895)
PASS PRE-OP AC-R3961 P/D catalog 96 tokens, window extraction 17 unique, +7 NEW registered -> 96->103 (honest note; new = C-20261007-04/C-20261007-05/D-20261007-07/O-20261007-1850/O-20261007-2240-bm-c/O-20261007-2255-bm-c/O-20261007-2315-bm-c; must-have P-2026-09-25-18 present, uniform regex [A-Z]{1,3}-[0-9][0-9A-Za-z-]* carried, R1491 evidence caliber; full-window strict sweep consistent same 7)
PASS PRE-OP AC-R3961 sd probe: stored (22,0,1,9) at R1500 flush; live now (24,0,1,10) = R1501 pair drift carried, resolved at this flush (R1201-isomorph precedent)
PASS PRE-OP AC-R3961 queue recount 6/2/2 open-checkbox + proposals 3 total / 1 open (BD-PROP-001/002/003 in-register, no 004)
PASS PRE-OP AC-R3961 auto-saves standing step (BD-PROP-002 pilot) measured 424.3MB/310 items under 500MB line no clean
PASS PRE-OP AC-R3961 archive trailing LF + fold-append markers 120 (last = R1500), pure-append basis verified
PASS FOLD AC-R3962 new roll line composed 8260B (window header R1500..R1501 12786B + R1500 fold section + R1501 judgment section + heng-tail carried; banned three-family zero hits, must-haves present; next-fold anchor uniqueness asserted)
PASS ARCHIVE AC-R3962 pure-append + prefix byte-identical; section R1502 = header + 5 window lines verbatim, re-verified byte-exact vs pre-op backup window (markers 120->121, fold-append subset 48->49)
PASS FOLD AC-R3963 fold-stage assembled and simulated green: post-fold gauge 76357B (log 27 -> 23, head idx 000..021 verbatim, idx 022 = new roll, 6 scalar fields unchanged)
PASS FOLD AC-R3964 verify-then-write two-stage: first composition predicted closeout 79542B over-gate by 1042B -> INTERCEPTED zero state bytes written -> closeout-line trim amendment (R1232/R1472 amend family; window already at log tail, trim-not-widen; mk-chain [R1443 94->95/R1446 95->96/R1449 96->97/R1452 97->98/R1454 98->99/R1457 99->100/R1459 100->101/R1462 101->102/R1464 102->103/R1466 103->104/R1468 104->105/R1470 105->106/R1472 106->107/R1474 107->108/R1476 108->109/R1479 109->110/R1481 110->111/R1483 111->112/R1485 112->113/R1487 113->114/R1489 114->115/R1491 115->116/R1493 116->117/R1496 117->118/R1498 118->119/R1500 119->120/R1502 120->121 chain carried in this evidence line, state-line trim honest note] + nine-face/queue parenthetical compression) -> re-run fixed-point converged (post-fold stage 76357B + closeout pair -> final 78387B, margin 113B under the 78500B gate); BOTH size gates simulated green before first byte written
PASS FOLD AC-R3963 fold stage written byte-exact: disk 76357B == prediction, json.loads green (tick 1501, log 23)
PASS CLOSEOUT AC-R3963 closeout written byte-exact: final disk 78387B == prediction (tick 1501->1502, gord baseline 36 carried flat no splice, log 25, tail trio = roll/R1502 round/tokens, scalars other than tick unchanged)
PASS CLOSEOUT AC-R3963 sd post-closeout recount (22, 0, 1, 9) == stored terminal (22,0,1,9) net-zero drift (R1501 pair resolved)
PASS CLOSEOUT AC-R3964 dual-parser: python json.loads OK + PowerShell ConvertFrom-Json external check green (state tick=1502 log=25 decRows=212 gord=36; export results=588 sd=22/0/1/9)
PASS AC-R3965 P/D catalog 96 -> 103 mechanical union zero-loss, +7 new registers honestly noted (window-extracted unique 17; register-diff asserted pre-write; must-have P-2026-09-25-18 present)
PASS AC-R3966 HB single-row append: R1502 row lag=0 (no backfill debt; R1501 row on disk), anchored header regex \| tick (\d+) \| applied (R1500 PROCESS-NOTE(b) fix carried; trailing LF preserved, 1148 -> 1149 newline-terminated rows, no new CR bytes introduced)
PASS AC-R3966 export flush: export_ts 2026-10-07T23:00:00+08:00; tick row 1500 -> 1502 (R1501 no-flush pair drift resolved by this flush, R1201-isomorph precedent); results 587 -> 588 (new fold row, score 1); sd re-derived 22/0/1/9 mechanical recount asserted; ceo_face current row updated to R1502 fold round incl ledger P-2026-10-07-04/05 equivalence re-receipt acknowledgment, latest_artifact + next_milestone carried verbatim (R1460 OSS slice remains latest real artifact); roundtrip probe asserted pre-write and post-write; BOM utf-8-sig + indent=2 no trailing newline
PROCESS-NOTE two-stage run: (a) first-run verify-then-write size gate caught predicted closeout 79542B over-gate by 1042B (zero state bytes written at that interception); closeout-line trim amendment applied and re-run passed both gates (R1232/R1472 amend family; window already at log tail so amend = trim-not-widen; trimmed items: mk-chain relocated to evidence file AC-R3964 line, nine-face/queue parentheticals compressed, caliber note shortened - all content preserved in this evidence file + export rows); (b) HB lag-check uses anchored header regex \| tick (\d+) \| (R1500 PROCESS-NOTE(b) defect-fix carried, zero data impact); window [R1500 roll + R1500/R1501 two pairs] 5 lines 12786B -> 1 roll line kept=0; original 5 lines verbatim preserved = archive section R1502 + preop backup logs/state-preop-R1502.bak + git history (triple insurance)
ROUND-CONTEXT nine-face scan ran pre-fold ~22:54 zero FLAG except STATE over-gate (fold R396 trigger) (STATE 80915B over 78500B line by 2415B = R1501 carry-note honored; LEDGER 115 lines conflict=0 atbd_rows=0 lastp all-receipted, new P-2026-10-07-04/P-2026-10-07-05 rows read = C-20261007-05/C-20261007-04 committee-formalized equivalents, R1501 receipts by C-number valid per D-20260930-20 equivalence rule, execution fleet bm-a/bm-b/bm-c/watch-shift/secretariat/patrol zero BigDomain face, P-form equivalence re-receipted in this round state log line; DEC 212 rows content-addressed flat; GORD 36 rows gord_new_rows=0 last-3 table rows already judged R1500/R1501 anti-rescan; ORD flat last=2026-09-28 22:1x; BENCH 1d refreshed 10-07; QA same-day evidence on disk smoke-R1385+reconcile-daily-20261007+charter four-items; HB lag=0; TREE clean in-sync no lock) and queue gated zero pullable (radar window-5 list ETA 10-08 21:40; BigLife R777 chronic anti-scan R1238/R1468; bootstrap CEO physicals merchant-id/server/domain/filing/ICP unchanged; reconcile-daily + O-013(4) done today R1385 no rerun; OSS window-5 done R1460; proposal window 10-06..10-13 quota cleared BD-PROP-003 R1254); D-20260930-19 two consumption steps = scan mechanical coverage (dispatch board zero new BigDomain rows; CEO physicals area zero arrival signal); P-32 daily clear zero-new no HQ write
CARRY-NOTE post-closeout state 78387B margin 113B under gate; if post-closeout waterline again crosses 78500B then fold R397 = next-round round-start first-measure decides; round score 1 = ledger maintenance mechanism item
