AC-R1371a tree clean pre-op: git status --porcelain empty
AC-R1371a pre-op == git HEAD blob: 82214 bytes (round-start first-measure 82214B, scan/getsize dual-gauge)
AC-R1373a serializer roundtrip convention detect: no BOM, trailing-LF=False, canonical json.dumps(indent=2) form
AC-R1372a window = [R136 prior summary + R882..R884 three pairs] 7 lines 12893 B (content); head block 55 items verbatim (content 66941 B)
AC-R1372b head block 55 items content = 66941 B == R882 register (head file-region 67408 B incl. JSON framing); window line prefixes verified R882..R884 continuous 3 pairs zero-missing
AC-R1372c removed lines substring-verified (register-metric inputs): no-pullable 1 (expected 1 = R136 prior-summary honest tag, accounting line re-embeds +1) / tokens 3 (expected 3) / idle-fast 0 (expected 0 = abolished-path tag, window and new lines carry zero)
AC-R1372d P/D/O catalog (regex dedup, order of first appearance): 210 tokens = R136 prior-summary embedded catalog 207 snowball + 3 new ['C-R1361', 'C-K129a', 'C-HB882'] (mechanical AC- prefix substring hits, zero hand-picked); missing=[] asserted
probe pre-op : {"W": 60, "idle": 37, "idle_round": 8, "nop": 3, "paren": 33, "round": 27, "tokens": 11, "sub": 8}
AC-HB885a heartbeat pre-op tail = tick 884 (lag 0, single current row this round)
post-fold (pre-closeout) size: 74242 B
AC-R1372e statutory gate: two-pair window final budget 79290 B > 78,500B margin gate (kept R884 pair 2268 B, summary minus R884 annotation 423 B) = AC-R1374 gate unsatisfied -> three-pair window statutory (R882/R879 precedent, in-fold recompute)
AC-R1373b top fields: DEC/ORD/GORD/BENCH baselines all flat this round (scan PASS faces), zero field drift, tick 884->885 only; last_dec_tokens 121 flat
AC-R1374 final size: 77445 B, margin 1055 B under 78,500B gate; post-fold 74242 B
AC-R1373c final: json.loads pass; log 58 items = 55 verbatim head + 1 summary + 2 closeout; head region byte-identical except tick digit; canonical form == json.dumps(indent=2)
probe post   : {"W": 56, "idle": 37, "idle_round": 8, "nop": 3, "paren": 33, "round": 23, "tokens": 9, "sub": 6}
B. incremental-register law: W 60->56 (window 7 out, summary+closeout+tokens 3 in); round 27->23 (window 6 R-regex hits out: 3 closeout + 3 tokens lines; own closeout + tokens pair in); tokens 11->9 (window 3 out, own 1 in); sub 8->6 (window three pair-lines increments folded away at fold landing, own closeout +1, landing back on the R882 post register 6); idle 37 flat / idle_round 8 flat (abolished-path tag, window and new lines carry zero); nop 3 flat (R136 prior-summary honest tag folded away -1, accounting line re-embeds the same tag +1, one-out-one-in); paren 33 flat (whole-log paren-summary count, pure-date-prefix summary replaced 1:1, zero drift) - registered, asserted pre-write (definitions calibrated against archived R868 pre-op snapshot: idle=idle-fast substring, paren=whole-log, sub=round-tokens-idle_round)
D. heartbeat row composed x1 (tick 885 current, lag 0 kept) ts= 2026-10-02T08:07:13+08:00
C. export derived: tick 882->885, R137 results row appended, self_drive W 56 / sub 6, idle 37 / nop 3, queues 6/2/2, proposals 1/1 disk-recounted; window label 2026-09-25..2026-10-02 kept
C. export composed, export_ts = 2026-10-02T08:07:13+08:00 , results rows = 268
AC-R1371c archive pure-append: 11434478 -> 11516773 B; markers 129 -> 130
AC-R1371b backup logs/state-preop-R885.bak written byte-identical
archive write committed (temp+replace, prefix re-verified, markers 129->130)
state.json written (temp+replace, re-read asserted: tick 885, log 58 items, probe in-register, PS ConvertFrom-Json dual-gauge tick=885)
D. heartbeat row appended x1 (tick 885 current, lag 0 kept) ts= 2026-10-02T08:07:13+08:00
export written (temp+replace, re-read asserted: export_ts + results 268 rows + tick row 885)
AC-R1375e-equivalent delivery: state log line + board row + commit contains P-2026-09-25-18 and cut-130 tags (P-51)
