[AC-R621a] PASS pre-op state.json on-disk 81145 bytes == round-start scan first-measure (over the 80000B waterline per R663 carry-note, R536 rule)
[AC-R621b] PASS pre-op bytes == git HEAD blob, 81145 bytes
[AC-R621c] PASS parsed pre-op tick=663 log_len=66 bom=False trailing_nl=True
[AC-R621c-2] PASS roundtrip pre-check: re-serialize unchanged dict == original bytes, zero drift
[AC-R622a] PASS window L57..65 = R61 window summary + R660..R663 round pairs (9 lines)
[AC-R622b] PASS mechanical round column R660..R663 continuous, 4 rounds zero-missing (pair check: each round exactly 1 status line + 1 tokens line)
[AC-R622c] PASS tokens lines 4 all unmeasured wording (official session no metering outlet)
[AC-R622d] PASS P/D/O catalog regex dedup 12 tokens: P-2026-09-25-18,D-20260929-06,D-20260929-03,O-2026-0929-027,O-2026-0929-030,O-2026-0929-023,D-20260924-08,O-2026-0929-028,D-20260924-10,P-2026-09-29-13,O-2026-0929-033,D-20260925-09
[K82-pre] PASS board pre-check: exactly one R660 done row found (1398 bytes, no comma per R660 wording)
[HB-pre] PASS heartbeat R663 row single-date-prefix verified (no fix needed) + R664 row append, pure append (pre-write)
[AC-R621d-pre] PASS archive idempotence pre-check: no pre-existing R664 marker
[AC-R621d-pre2] PASS archive pre-check: 54 pre-existing sections counted
[K82] PASS done-archive pure append prefix assert (pre-write)
[AC-R624a] PASS post-fold (no accounting lines) size 72720 bytes
[AC-R624] PASS final state 75544 bytes, margin 2956 bytes under the 78500B gate (pre-write, fixed-point stable at iter 2)
[K82-bl] PASS backlog top row replaced by R664 done row; R660 row lifted for archive
[AC-R623a] PASS json.loads re-parse: tick=664 log_len=60 head L0..56 verbatim, no trailing comma, top fields preserved (last_order/last_decision_rows/benchmarks_refreshed), on-disk == stated 75544 bytes
[AC-R623a-2] PASS state on-disk == stated 75544 bytes (fixed-point stable)
[AC-R622e] PASS head block L0..56 = 57 items (verbatim carry, re-asserted post-write)
[AC-R621d] PASS archive sec R664 pure append 5319197 -> 5400426 bytes, prefix asserted (54 pre-existing sections untouched, marker count 55)
[HB] PASS heartbeat R664 row appended (standing law R532), pure append
[K82] PASS board-law knife 82: R660 done row 1398 bytes verbatim-migrated to done archive sec R664; backlog top row = R664 done row
[AC-R625a] PASS accounting pair + board rows placeholder check: no unfilled __*__ tokens in state.json/heartbeat/backlog/done-archive
[WATERLINE-CARRY] next-round round-start first-measure decides; over the 80000B line = R63 fold same-pattern
[AC-R623b] PASS PowerShell ConvertFrom-Json independent re-verify: tick=664 log=60 dec=82 ord=2026-09-28 22:1x bench=2026-09-30 (UTF-8 codepath)
[AC-R625] PASS this log + backlog R664 row done + commit carries P-2026-09-25-18 (P-51 triple-carrier)
