[AC-R631a] PASS pre-op state.json on-disk 81417 bytes == round-start scan first-measure (over the 80000B waterline per R667 carry-note, R536 rule)
[AC-R631b] PASS pre-op bytes == git HEAD blob, 81417 bytes
[AC-R631c] PASS parsed pre-op tick=667 log_len=66 bom=False trailing_nl=True
[AC-R631c-2] PASS roundtrip pre-check: re-serialize unchanged dict == original bytes, zero drift
[AC-R632a] PASS window L57..65 = R62 window summary + R664..R667 round pairs (9 lines)
[AC-R632b] PASS mechanical round column R664..R667 continuous, 4 rounds zero-missing (pair check: each round exactly 1 status line + 1 tokens line)
[AC-R632c] PASS tokens lines 4 all unmeasured wording (official session no metering outlet)
[AC-R632d] PASS P/D/O catalog regex dedup 12 tokens: P-2026-09-25-18,D-20260929-06,D-20260929-03,O-2026-0929-027,O-2026-0929-030,O-2026-0929-023,D-20260924-08,O-2026-0929-028,D-20260924-10,P-2026-09-29-13,O-2026-0929-033,D-20260925-09
[K83-pre] PASS board pre-check: exactly one R664 done row found (1399 bytes, to be lifted verbatim to done archive)
[HB-eol] PASS heartbeat trailing EOL resolved to LF (last-line actual; 143 historical CRLF rows elsewhere left verbatim, no history rewrite)
[HB-pre] PASS heartbeat R667 row single-date-prefix verified (no fix needed) + R668 row append, pure append (pre-write)
[HB-fix-pre] PASS heartbeat R666 row ts-placeholder defect detected (exactly 1 occurrence), repair = fill 2026-09-30 09:34 +08:00 per R666 state-log beat note (R189 ledger-hygiene same-pattern, honestly noted)
[AC-R631d-pre] PASS archive idempotence pre-check: no pre-existing R668 marker
[AC-R631d-pre2] PASS archive pre-check: 55 pre-existing sections counted
[K83] PASS done-archive pure append prefix assert (pre-write)
[AC-R634a] PASS post-fold (no accounting lines) size 72726 bytes
[AC-R634] PASS final state 75734 bytes, margin 2766 bytes under the 78500B gate (pre-write, fixed-point stable at iter 2)
[K83-bl] PASS backlog top row replaced by R668 done row; R664 row lifted for archive
[AC-R633a] PASS json.loads re-parse: tick=668 log_len=60 head L0..56 verbatim, no trailing comma, top fields preserved (last_order/last_decision_rows/benchmarks_refreshed), on-disk == stated 75734 bytes
[AC-R633a-2] PASS state on-disk == stated 75734 bytes (fixed-point stable)
[AC-R632e] PASS head block L0..56 = 57 items (verbatim carry, re-asserted post-write)
[AC-R631d] PASS archive sec R668 pure append 5400426 -> 5481925 bytes, prefix asserted (55 pre-existing sections untouched, marker count 56)
[HB-fix] PASS heartbeat R666 row ts-placeholder repaired in place, zero remnants, repaired row now starts 2026-09-30 09:34 +08:00
[HB] PASS heartbeat R668 row appended (standing law R532), pure append on repaired base
[K83] PASS board-law knife 83: R664 done row 1399 bytes verbatim-migrated to done archive sec R668; backlog top row = R668 done row
[AC-R635a] PASS accounting pair + board rows placeholder check: no unfilled __*__ tokens in state.json/heartbeat/backlog/done-archive, no ts-placeholder remnants in heartbeat
[WATERLINE-CARRY] next-round round-start first-measure decides; over the 80000B line = R64 fold same-pattern
[AC-R633b] PASS PowerShell ConvertFrom-Json independent re-verify: tick=668 log=60 dec=82 ord=2026-09-28 22:1x bench=2026-09-30 (UTF-8 codepath)
[AC-R635] PASS this log + backlog R668 row done + commit carries P-2026-09-25-18 (P-51 triple-carrier)
