qa/reorg-R1498.log - fold R394 water-level reorg evidence (R1498, P-2026-09-25-18 394th knife)
PASS PRE-OP AC-R3941 tree face clean (in-sync with origin/main, no index.lock)
PASS PRE-OP AC-R3941 no-BOM + trailing LF + zero CR (round-start first-measure disk 79049B, over the 78500B gate by 549B = R1497 carry-note cashed, 394th knife)
PASS PRE-OP AC-R3941 disk 79049 == HEAD blob byte-identical (sha16 0557207060c59224)
PASS PRE-OP AC-R3941 HEAD commit face = state.json + heartbeat only (R1497 waiting-round commit e8dae37)
PASS PRE-OP AC-R3941 backup logs/state-preop-R1498.bak written byte-identical (79049 B, local logs/ gitignored asserted)
PASS PRE-OP AC-R3941 top-level 7 fields intact (tick 1497, log 27): tick,last_order,last_decision_rows,benchmarks_refreshed,last_gord_tbl_rows,last_dec_tokens,log
PASS PRE-OP AC-R3941 window [R1496 roll line + R1496/R1497 two pairs] 5 lines 10947B (probe: 6777+2253+220+1518+179=10947)
PASS PRE-OP AC-R3941 window line heads/tails anchored (R1496 fold pair + R1497 waiting pair, roll heng-tail at 2820)
PASS PRE-OP AC-R3941 P/D catalog 96 tokens, window extraction 11 unique all-in-register -> 96->96 zero new (honest note; must-have P-2026-09-25-18 present, uniform regex [A-Z]{1,3}-[0-9][0-9A-Za-z-]* carried, R1491 evidence caliber; full-window strict sweep 71 unique also all-in-register)
PASS PRE-OP AC-R3941 sd probe: stored (22,0,1,9) at R1496 flush; live now (24,0,1,10) = R1497 pair drift carried, resolved at this flush (R1201-isomorph precedent)
PASS PRE-OP AC-R3941 queue recount 6/2/2 open-checkbox + proposals 3 total / 1 open (BD-PROP-001/002/003 in-register, no 004)
PASS PRE-OP AC-R3941 auto-saves standing step (BD-PROP-002 pilot) measured under 500MB line no clean (measured at leg-1 compose, interpolated into round line)
PASS PRE-OP AC-R3941 archive trailing LF + fold-append markers 118 (last = R1496), pure-append basis verified
PASS FOLD AC-R3942 new roll line composed 6222B (window header R1496..R1497 10947B + R1496 fold section + R1497 waiting section + heng-tail carried; banned three-family zero hits, must-haves present)
PASS ARCHIVE AC-R3942 pure-append + prefix byte-identical; section R1498 = header + 5 window lines verbatim, re-verified byte-exact vs pre-op backup window (markers 118->119, fold-append subset 46->47)
PASS FOLD AC-R3943 fold-stage assembled and simulated green: post-fold gauge 74292B (log 27 -> 23, head idx 000..021 verbatim, idx 022 = new roll, 6 scalar fields unchanged)
PASS FOLD AC-R3944 verify-then-write: BOTH size gates simulated green before first byte written (post-fold 74292B + closeout pair -> final 77268B, margin 1232B under the 78500B gate)
PASS FOLD AC-R3943 fold stage written byte-exact: disk 74292B == prediction, json.loads green (tick 1497, log 23)
PASS CLOSEOUT AC-R3943 closeout written byte-exact: final disk 77268B == prediction (tick 1497->1498, log 25, tail trio = roll/R1498 round/tokens, scalars other than tick unchanged)
PASS CLOSEOUT AC-R3943 state face re-verified from disk by continuation leg: head block 22 items verbatim vs pre-op backup, 5 scalars unchanged, sd post-closeout recount (22, 0, 1, 9) == stored terminal net-zero drift (R1497 pair resolved)
PASS CLOSEOUT AC-R3944 dual-parser: python json.loads OK + PowerShell ConvertFrom-Json external check green (state tick=1498 log=25 decRows=212 gord=133; export results=586 sd=22/0/1/9)
PASS AC-R3945 P/D catalog 96 -> 96 mechanical union zero-loss, zero new registers honestly noted (window-extracted unique 11, all already in catalog; register-diff empty asserted pre-write; must-have P-2026-09-25-18 present)
PASS AC-R3946 HB R1498 row appended and verified lag=0 (disk == HEAD heartbeat modulo EOL normalization [1 legacy CRLF pair in old rows, HEAD blob LF-normalized; appended row LF-only zero-CR] + exactly one appended row; row-anchor | tick 1498 |; 1143 -> 1144 newline-terminated rows; trailing LF preserved)
PASS AC-R3946 export flush: export_ts 2026-10-07T22:10:42+08:00; tick row 1496 -> 1498 (R1497 no-flush pair drift resolved by this flush, R1201-isomorph precedent); results 585 -> 586 (new fold row, score 1); sd re-derived 22/0/1/9 mechanical recount asserted; ceo_face current row updated to R1498 fold round, latest_artifact + next_milestone carried verbatim (R1460 OSS slice remains latest real artifact); roundtrip probe asserted pre-write and post-write; BOM utf-8-sig + indent=2 no trailing newline
PROCESS-NOTE two-leg run (leg-1 fold-r1498.py master + leg-2 fold-r1498-cont.py continuation): leg-1 intercepted twice and honestly recorded — (a) pre-write span-shape assert caught trailing-LF disk form (R1493+ caliber; zero state bytes written at that interception; fix applied, re-run passed); (b) HB lag-check regex defect fired AFTER the HB row was already appended (row itself correct on disk; defect was check-side only, no data impact); all size gates simulated green before first state byte written; state fold+closeout each written once and byte-verified; leg-2 re-verified state/archive/HB from disk + git history then completed export surgery, PS leg and evidence; zero data loss, triple insurance intact (archive + preop backup + git history)
ROUND-CONTEXT nine-face scan ran pre-fold ~22:0x zero FLAG (STATE 79049B over 78500B line by 549B = fold R394 trigger, R1497 carry-note honored; LEDGER 112 lines conflict=0 atbd_rows=0 lastp all-receipted [P-2026-10-06-05/P-2026-10-07-01/P-2026-10-07-02]; DEC 212 rows content-addressed flat; GORD 133 rows gord_new_rows=0 zero new order [last-3 table rows 10-07 batch = R1428/R1448 judged anti-rescan]; ORD/BENCH flat (bench 1d refreshed 10-07); QA same-day evidence on disk smoke-R1385+reconcile-daily-20261007+charter crawl M-slice; HB lag 0; TREE clean in-sync no lock) and queue gated zero pullable (radar window-5 list ETA 10-08 21:40; BigLife R777 chronic anti-scan R1468 interval recheck done today; bootstrap CEO physicals merchant-id/server/domain/filing/ICP unchanged; reconcile-daily + O-013(4) done today R1385 no rerun; OSS window-5 done R1460; proposal window 10-06..10-13 quota cleared BD-PROP-003 R1254); D-20260930-19 two consumption steps = scan mechanical coverage; P-32 daily clear zero-new no HQ write
CARRY-NOTE post-closeout state 77268B margin 1232B under gate; if post-closeout waterline again crosses 78500B then fold R395 = next-round round-start first-measure decides; round score 1 = ledger maintenance mechanism item
