PASS AC-R2631 state pre-op disk bytes = 80615 (round-start first-measure scan gauge 80612B over the 78500B line by 2112B; R1180 carry-note honored)
PASS AC-R2631 state BOM present + trailing LF present + no CR bytes + roundtrip byte-identity (indent2, BOM-less content + trailing LF)
PASS AC-R2631 pre-parse tick 1180 log items 58
PASS AC-R2631 state pre-op byte-identical to git HEAD blob 80615 vs 80615
PASS AC-R2631 tree carries claim-landed backlog only [' M src/os/backlog.md']
PASS AC-R2631 backup logs/state-preop-R1181.bak byte-identical (80615 B)
INFO calibration probe: pre-op live recount (5, 1, 1, 1)
PASS AC-R2631 export stored sd (5,1,1,1) == live mechanical recount (5,1,1,1), zero drift this fold window
PASS AC-R2632 window line 0 = R262 rolling summary :: 2026-10-05（R1135..R1179 窗口·R262 整编第二百六十二刀压窗｛
PASS AC-R2632 window pair = R1180 round+tokens lines (single-round pair), window tail = final log item (R1180 tokens)
PASS AC-R2632 window 3 lines = 11027 B content measure (roll 8372B + pair 2655B)
PASS AC-R2632 removed-window banned-substring mechanical count = zero hits (originals addressable via pre-op backup + git history)
PASS AC-R2632 carried catalog = R262 roll enumerated list verbatim, 48 unique tokens (register caliber incl short forms); pair regex-extracted tokens all carried; 0 newly registered (BD-PROP guard; boundary guard); must-have P-51 present, last token P-51
PASS AC-R2632 45-round carried score list mechanically located (45 values R1135..R1179)
PASS AC-R2632 new roll line banned-substring three-family zero hits
PASS AC-R2632 46-round score list mechanically derived (45 carried + R1180=1); mechanical round-number column R1135..R1180 continuous, zero gaps
INFO roll line composed 8506 B; carried R1135..R1179 notes verbatim from R262 roll + R1180 fresh note
PASS AC-R2633 top-level seven fields preserved (tick/log/last_order/last_decision_rows/benchmarks_refreshed/last_gord_tbl_rows/last_dec_tokens)
PASS AC-R2633 composed parses, tick 1180 preserved; log items 58 -> 56 (3 -> 1, kept=0); head block 55 items verbatim; log item 55 = R263 rolling summary (composed verbatim, 8506 B)
PASS AC-R2634 post-fold composed scan-gauge 78075 B (disk 78078 B), under the 78500B line by 425 B
INFO pre-op live recount (5, 1, 1, 1) -> post-fold recount (3, 1, 1, 0) (predicted (3,1,1,0) by delta math: pair removal -2 W / -1 sub, paren roll swap zero); formula recomputed exact
PASS AC-R2633 re-read parses (tick 1180, log 56, summary item intact); state on disk = 78078 B (BOM + trailing LF write convention verified)
PASS AC-R2633 PowerShell ConvertFrom-Json dual-parser pass (tick 1180 / log 56)
PASS AC-R2634 post-fold window-line recount stable on re-read (single-pass clean run, verify-then-write held)
PREDICT: round closeout appends R1181 pair -> final W 5, sub 1; final ST bytes ~80778; export tick row 1180->1181 + R1181 results row + sd recount (5, 1, 1, 1)->(3, 1, 1, 0)->(5,1,1,1); heartbeat R1181 row; board cut-257 in qa/board-R1181.log
== qa/reorg-R1181.log fold R263 (263rd compression knife, P-2026-09-25-18 item-5 mainline) ==
AC-R2631 PASS pre-op byte-identical backup logs/state-preop-R1181.bak (80615 bytes; identical to git HEAD blob; tree carries claim-landed backlog only; round-start first-measure scan gauge 80612B over the 78500B line by 2112B = R1180 carry-note honored; BOM + trailing LF + no CR + roundtrip proven; export stored sd (5,1,1,1) == live recount (5,1,1,1) zero drift)
AC-R2632 PASS window [R262 rolling summary + R1180 single-round pair] 3 lines 11027B -> 1 rolling summary line, kept=0; carried R1135..R1179 notes verbatim from R262 roll + R1180 fresh note (fold-R262+cut-256 dual-item closeout, score 1, R1180 isomorph); 46-round score list mechanically derived 45 carried + R1180=1; mechanical round list R1135..R1180 continuous 46/46; removed-window banned-substring zero hits; new roll line banned-substring three-family zero hits; P/D catalog mechanical-dedup boundary-guarded 48 tokens (48 carried + 0 new): must-have P-51 present, last token P-51
AC-R2633 PASS top-level seven fields preserved; roundtrip byte-identity proven pre-fold; json.loads pass (tick 1180, log 58->56 items, item 55 = R263 rolling summary verbatim, 8506B); PowerShell ConvertFrom-Json dual-parser verified (tick 1180 / log 56)
AC-R2634 PASS post-fold measured 78075 bytes scan-gauge (disk 78078 B), under the 78500B line by 425 bytes; window-line recount (5, 1, 1, 1) -> (3, 1, 1, 0) (removed 3 window-dated lines incl 1 pair + R262 roll, added 1 R263 roll line which is paren and not W-counted)
AC-R2635 PENDING receipt = state R263 rolling summary + R1181 log lines in register + commit message contains P-2026-09-25-18 (P-51 three-carrier rule)
SUITE PASS 4/4 pre-closeout (R2635 delivery leg verified at commit; post-closeout cross-verify appended by closeout stage)
NOTE: dual-item round R1181 (R1180 isomorph); round score 1 = ledger-maintenance mechanism file per Executive Protocol v1.1. Single-pass clean run, verify-then-write held throughout.
PASS AC-R2635 post-closeout cross-verify: tick 1181 log 58, rolling row at index 55 head='2026-10-05（R1135..R1180 窗口·R263 整编第二百六十三刀压窗', state final 80749B (gauge 80746B), sd post-closeout recount (5, 1, 1, 1)
SUITE PASS 5/5 post-closeout (R2631..R2635 all green; R1180 done row migrated sec R1181; commit delivery leg verified at commit)
