== qa/reorg-R1102.log fold R227 (227th compression knife, P-2026-09-25-18 item-5 mainline) ==
PASS AC-R2271 state pre-op = 81341 B (round-start first-measure over the 80000B line by 1341B = R1101 carry-note honored)
PASS AC-R2271 state has no BOM (R1067+ BOM-less convention); no CR bytes; no trailing LF
PASS AC-R2271 state pre-op byte-identical to git HEAD blob (OID dual-verify; state untouched by claim landing)
PASS AC-R2271 tree carries claim-landed backlog only (content-level git diff --name-only; status M-flags on byte-identical restored files = eol-expectation stat artifacts, content clean, honest note)
PASS AC-R2271 pre-parse tick 1101 | log items 66 | six top-level fields in canonical order
PASS AC-R2271 backup logs/state-preop-R1102.bak byte-identical (81341 B)
PASS AC-R2271 export roundtrip byte-identity (BOM + indent2, no trailing LF)
PASS AC-R2271 export stored sd == (35, 24, 2, 5); live mechanical recount == (41, 24, 2, 8); delta reconciliation stored + R1099..R1101 three-pair increments (6,0,0,3) exact
PASS AC-R2272 R226 rolling summary located at log item 55; window lines 56..65 = R1097..R1101 five pairs (round numbers consecutive 5/5, tail = final log item, no comma)
PASS AC-R2272 window 11 lines = 11763 B content measure (utf-8 byte caliber, R1097 10834B precedent) | got 11763
PASS AC-R2272 removed-window 11 lines substring-verified clean (three banned substrings zero-hit 11/11)
PASS AC-R2272 mechanical round list R1097..R1101 consecutive 5/5 zero missing (pair criterion: 1 round + 1 tokens line each; five round types score 1/0/0/0/0)
PASS AC-R2272 P/D catalog mechanical dedup == pre-registered 18 tokens (boundary-guarded, BD-PROP embedded excluded, snowball +4 new D-20261004-03/04/05/06)
INFO P/D catalog (18 tokens): P-2026-09-25-18,D-20260929-03,D-20260930-18,D-20261001-03,D-20261002-08,D-20261003-02,D-20261004-01,D-20261004-02,P-2026-10-02-09,P-2026-10-03-01,P-2026-10-03-02,D-20261004-03,D-20261004-04,D-20261004-05,D-20261004-06,P-32,P-56,P-74
PASS AC-R2272 rolling summary composed: counter hygiene three banned substrings zero-hit (and window-P2 counter protected)
PASS AC-R2274 post-fold composed 70741 B, under the 80000B line by 9259 B
PASS s4.fin.margingate | final 73644 B margin 4856 B under the 78500B gate
PASS closeout fixed-point converged in 2 passes (ROUND embeds board-final 13576 B, FLIP embeds state-final 73644 B), single-clean lineage, zero repo writes before all asserts green
PASS AC-R2274 post-fold window-line recount (31, 24, 2, 3) == predicted (roll line in-window W+1, R1083/R1088/R1093/R1097 isomorph)
PASS AC-R2273 composed parses: tick 1101->1102, log 66->56 (fold, 11->1 kept=0) ->58 (closeout pair), item 55 = R227 rolling summary verbatim, six top-level fields preserved
PASS s4.post.closeout recount (33, 24, 2, 4) == family-predicted (W -11 +1 roll +2 pair; sub -5 removed round lines +1 R1102 line)
PASS s6.export | export_ts ISO8601 refreshed, tick row 1098->1102, R1102 results row, sd 35/24/2/5 -> 33/24/2/4, ceo_face.current=R1102, nm fold-chain updated, 381929 B
PASS postwrite.state | 73644 B (fold 70741 -> closeout 73644); json.loads leg verified (tick=1102 logn=58 sd=33/24/2/4)
PASS postwrite.export.reparse (json.loads leg; PS dual-parser leg follows in shell)

== POST-CLOSEOUT CROSS-VERIFY (R1102 dual round) ==
PASS state.json final = 73644 B; tick 1101->1102; log 66->56 (fold) ->58 (closeout pair); json.loads pass (tick=1102 logn=58)
PASS AC-R2275 receipt legs: R227 rolling summary in register (item 55) + R1102 log lines in register (items 56/57); commit leg verified at commit (P-2026-09-25-18 carried per P-51)
PASS sd chain: round-start stored (35,24,2,5) + three-pair drift (6,0,0,3) == live (41,24,2,8); post-fold (31,24,2,3); post-closeout (33,24,2,4) == export self_drive (F3, zero drift)
PASS fold citations materialized: pre-op backup logs/state-preop-R1102.bak 81341 B byte-identical; post-fold 70741 B under the 80000B line by 9259 B; final 73644 B margin 4856 B under the 78500B gate
NOTE dual-round R1102 (R1097 isomorph): fold R227 + board knife cut-222 in the same round; round score 1 = ledger-maintenance mechanism file per Executive Protocol v1.1. Closeout fixed-point iteration (ROUND embeds board-final, FLIP embeds state-final) converged in 2 passes, single-clean lineage, zero repo writes before all asserts green (verify-then-write held).
SUITE PASS - AC-R2271..R2275 all green; delivery AC-R2275 completed by commit carrying P-2026-09-25-18
PASS postwrite.state.dualparser (PS ConvertFrom-Json leg): tick=1102 logn=58, items 55/56/57 = R227 rolling summary / R1102 round / R1102 tokens
PASS postwrite.export.dualparser (PS leg): tickrow=1102, last results row = fold-R227+knife-222 row, sd=33/24/2/4, export_ts=2026-10-04T13:14:31+08:00 refreshed
NOTE honest record: first clean-run attempt failed at a cosmetic beat-mask defect (~13:01x printed for actual 13:12, R411 masked-timestamp law); pre-op disk state restored byte-exact from HEAD blobs via git cat-file (git checkout eol-smudge rejected: CRLF rewrite +75B on state.json), claim re-landed, script amended, single clean re-run lineage, amendment transparent per R750 precedent.
