AC-R1811 pre-op: 80910B dual-gauge, HEAD==disk byte-identical (sha16 79c2e7f594455844), tick 995, log 60 items, no BOM no trailing LF, canonical round-trip PASS; round-start tree = ['M src/os/backlog.md'] (backlog.md single dirty = own R996 pre-registration row)
AC-R1812 window = [R180 rolling summary + R994..R995 two pairs] 5 rows identified (11465B content); kept=0 (window extends to log tail, no third pair, R988/R991/R994 isomorph); head block 55 items verbatim (66941B content)
probe pre  : {"W": 58, "idle": 37, "idle_round": 8, "nop": 2, "wait": 1, "round": 25, "tokens": 10, "sub": 7}  (== read-only calibration this round, register method computed before writing)
AC-R1812 catalog chain: R160 base 286 (tail C-K163a) + 17 archive links R940..R988 + R991 link + R994 link = 523, arithmetic continuous, per-link list length verified (base exact-tail asserted, links count-asserted; R991 link extracts the R178 roll embedded 4=AC-R1771/AC-FD17a/AC-FD18a/AC-AD7; R994 link extracts the R179 roll embedded 5=AC-R1781/AC-FD19a/AC-CT1/D-20260924-11/AC-FD20a)
AC-R1812 catalog: live R180 roll embedded 3 new (523->526) + window new 2 ['AC-R1801', 'AC-FD23a'] (folded-line extraction vs retained-set diff + catalog-set exclusion, R979 engine criterion) + win[0] residual self-heal 1 ['AC-XP1'] (orphan introduced by the R994 summary composition, never catalogued, zero-new check caught it this fold, R985 XL-16/PT-02 self-heal precedent) = 526->529; missing=[] asserted
AC-R1812 compress-precedent list carried mechanically (range end R758..R991 -> R758..R994, latest completed fold before this round; canonical single-paren output)
probe post projection: {"W": 56, "idle": 37, "idle_round": 8, "nop": 2, "wait": 1, "round": 23, "tokens": 9, "sub": 6}  (asserted pre-write); export self_drive pre-op re-derivation (56, 35, 2, 10) == stored register
export self_drive post projection: W/idle/nop/sub = 54/35/2/9 (W 56-5+3, nop 2 flat R180-roll carries no tag, sub = W-idle-tokens-P2 formula carried)
AC-R1814 in-fold projection: post-fold 73480 B, final 76663 B margin 1837 B (<= 78,500B gate satisfied in-fold)
S_new 4067 B / E_new 2898 B / T_new 269 B structural constraints all pass (prefixes, tag accounting, no forbidden tags)
AC-R1813b top fields flat (DEC 131 tokens / ORD 2026-09-28 22:1x / GORD 152 flat / BENCH 2026-10-03), tick 995->996 only, head region byte-identical except tick digit
gated-file trigger check: legal-review draft (HQ window 10-03 12:00 not yet due) + BigLife R777 review file double-path zero hits = not delivered, chronic continuation (backlog open rows carry)
PHASE B (--write): verify-then-write sequence
AC-R1811 backup logs/state-preop-R996.bak written byte-identical (80910B)
AC-R1813c archive pure-append: 15012793 -> 15093784 B; markers 173 -> 174
AC-R1813d state.json written (temp+replace, re-read asserted: tick 996, log 58 items = 55 head + 1 roll + 2 closeout, probe in-register, dual-gauge parse pass)
AC-R1814 final size: 76663 B, margin 1837 B under 78,500B gate; post-fold 73480 B
export refreshed: export_ts=2026-10-03T10:41:53+08:00 tick-row 996, R181 result row appended, self_drive 54/35/2/9 zero-hardcode re-derived, method note appended, BOM utf-8-sig parse-back PASS
heartbeat R996 row appended
AC-R1815 backlog R996 row closed with measured values (checkbox flipped, claim + done in one row, pre-registration honored)
AC-R1815 delivery: state log R996 lines + backlog R996 done row + commit contains P-2026-09-25-18 (P-51 protocol)
GORD flat companion note: canonical scan sha16 257A6CC1056A1759 same baseline gord_new_rows=0, last_gord_tbl_rows 152 unchanged, CEO physicals zone unchanged. D-20260930-19 consumption steps derived pass: (1) decisions dispatch board zero new company rows (DEC 131 tokens flat), (2) group orders CEO-physicals zone zero change. Fold-round write set discipline: backlog + state.json + qa log + export + heartbeat only (git set: 5 files, logs/ gitignored disk-side double insurance).
