INFO export stored self_drive = (5, 1, 1, 1) ; formula live recount = (5, 1, 1, 1) ; pair delta since last refresh = (0,0,0,0) (log 58 items byte-identical to R1175 closeout commit = zero drift by construction)
PASS AC-R2581 state BOM + trailing LF + no CR + pre-op disk bytes = 80170 byte-identical to git HEAD blob (sha16 4AB09325036AAEAD)
PASS AC-R2581 roundtrip byte-identity (indent2, BOM-less content 80167B + trailing LF); round-start first-measure scan gauge 80167B over the 78500B line by 1667B = R1175 carry-note honored
PASS AC-R2581 backup logs/state-preop-R1176.bak byte-identical (80170 B)
PASS AC-R2581 round-start tree face: only claim row (src/os/backlog.md) as pre-registered
PASS AC-R2581 calibration probe: export stored sd (5,1,1,1) + pair delta (+0,+0,+0,+0) == live (5,1,1,1) (zero drift this fold window)
PASS AC-R2582 window line 0 = R257 rolling summary :: 2026-10-05（R1135..R1174 窗口·R257 整编第二百五十七刀压窗｛P-
PASS AC-R2582 window pair = R1175 round+tokens lines (single-round pair), window tail = final log item (R1175 tokens)
PASS AC-R2582 window 3 lines = 10582 B content measure (probe-measured exact value)
PASS AC-R2582 removed-window banned-substring mechanical count = zero hits {'idle-fast': 0, 'no-pullable': 0, 'nop': 0} (originals addressable via pre-op backup + git history)
PASS AC-R2582 40-round carried score list mechanically located (40 values)
PASS AC-R2582 carried token catalog == 48 (R257 carry verbatim; must-have P-51 present; last token P-51)
PASS AC-R2582 P/D catalog mechanical dedup == 48 carried + 0 newly registered (BD-PROP guard; boundary guard) zero new tokens, dual-window zero new order numbers
PASS AC-R2582 new roll line banned-substring three-family zero hits
PASS AC-R2582 41-round score list mechanically derived (40 carried + R1175=1); mechanical round-number column R1135..R1175 continuous, zero gaps
INFO roll line composed 7745 B; carried R1135..R1174 notes verbatim from R257 roll + R1175 fresh note
INFO naive predicted gauge 77314B (window 10582B out, roll 7745B in, item-structure -16B for 2 removed items); exact serialized prediction 77314B; margin 1186B under the 78500B line
INFO predicted post-fold recount (3, 1, 1, 0) by delta math (pair removal -2 w / -1 sub, paren roll swap zero); formula recomputed (3, 1, 1, 0)
PASS AC-R2583 top-level seven fields preserved (tick/log/last_order/last_decision_rows/benchmarks_refreshed/last_gord_tbl_rows/last_dec_tokens)
PASS AC-R2583 composed parses, tick 1175 preserved; log items 58 -> 56 (3 -> 1, kept=0); head block 55 items verbatim; log item 55 = R258 rolling summary (composed verbatim, 7745 B)
PASS AC-R2584 post-fold measured 77314 bytes scan-gauge (disk 77317 B), under the 78500B line by 1186 B
PASS AC-R2584 dual-parser pass (json.loads + PS ConvertFrom-Json, tick 1175, log 56 items)
AC-R2585 PENDING receipt = state R258 rolling summary + R1176 log lines in register + commit message contains P-2026-09-25-18 (P-51 three-carrier rule)
SUITE PASS 5/5 pre-closeout (R2585 delivery leg verified at commit; post-closeout cross-verify appended by closeout stage)
PASS AC-R2585 post-closeout cross-verify: tick 1176 log 58, rolling row at index 55 head='2026-10-05（R1135..R1175 窗口·R258 整编第二百五十八'
SUITE PASS 6/6 post-closeout (R2581..R2585 all green; R1175 done row migrated sec R1176; state final 80096B)
