[AC-R611a] PASS pre-op state.json on-disk 80903 bytes == round-start scan first-measure (over the 80,000B waterline per R659 carry-note, R536 rule)
[AC-R611b] PASS pre-op bytes == git HEAD blob, 80903 bytes
[AC-R611c] PASS parsed pre-op tick=659 log_len=66 bom=False trailing_nl=True
[AC-R611c-2] PASS roundtrip pre-check: re-serialize unchanged dict == original bytes, zero drift
[AC-R612a] PASS window L57..65 = R60 window summary + R656..R659 round pairs (9 lines)
[AC-R612b] PASS mechanical round column R656..R659 continuous, 4 rounds zero-missing (pair check: each round exactly 1 status line + 1 tokens line)
[AC-R612c] PASS tokens lines 4 all unmeasured wording (official session no metering outlet)
[AC-R612d] PASS P/D/O catalog regex dedup 12 tokens: P-2026-09-25-18,D-20260929-06,D-20260929-03,O-2026-0929-027,O-2026-0929-030,O-2026-0929-023,D-20260924-08,O-2026-0929-028,D-20260924-10,P-2026-09-29-13,O-2026-0929-033,D-20260925-09
[K81-pre] PASS board pre-check: exactly one R656 done row found
[AC-R611d-pre] PASS archive idempotence pre-check: no pre-existing R660 marker
[AC-R611d-pre2] PASS archive pre-check: 53 pre-existing sections counted
[AC-R611d] PASS archive sec R660 pure append 5237968 -> 5319197 bytes, prefix asserted (pre-write)
[AC-R611d] PASS archive sec R660 pure append 5237968 -> 5319197 bytes, prefix asserted (53 pre-existing sections untouched, marker count 54)
[AC-R614a] PASS post-fold (no accounting lines) size 72482 bytes
[AC-R614] PASS final state 75120 bytes, margin 3380 bytes under the 78,500B gate (pre-write, fixed-point stable at iter 3)
[AC-R613a] PASS json.loads re-parse: tick=660 log_len=60 head L0..56 verbatim, no trailing comma, top fields preserved (last_order/last_decision_rows/benchmarks_refreshed), on-disk == stated 75120 bytes
[AC-R613a-2] PASS state on-disk == stated 75120 bytes (fixed-point stable)
[AC-R612e] PASS head block L0..56 = 57 items (verbatim carry, re-asserted post-write)
[HB-pre] PASS heartbeat R659 row single-date-prefix verified (no fix needed) + R660 row append, pure append (pre-write)
[HB] PASS heartbeat R660 row appended (standing law R532), pure append
[K81-bl] PASS backlog top row replaced by R660 done row; R656 row lifted for archive
[K81] PASS done-archive pure append prefix assert (pre-write)
[K81] PASS board-law knife 81: R656 done row 1271 bytes verbatim-migrated to done archive sec R660; backlog top row = R660 done row
[AC-R615a] PASS accounting pair + board rows placeholder check: no unfilled __*__ tokens in state.json/heartbeat/backlog/done-archive
[WATERLINE-CARRY] next-round round-start first-measure decides; over the 80,000B line = R62 fold same-pattern
[AC-R613b] PASS PowerShell ConvertFrom-Json independent re-verify: tick=660 log=60 decisions=82 ord=2026-09-28 22:1x bench=2026-09-30 (UTF-8 codepath)
[AC-R615] PASS this log + backlog R660 row done + commit carries P-2026-09-25-18 (P-51 triple-carrier)
