PASS AC-R1161 round-start size 81714 (got 81714)
PASS AC-R1161 pre-op tree clean for state.json (porcelain='')
PASS AC-R1161 pre-op text == HEAD blob text (CRLF-normalized, file=81714B blob=81714B)
backup will be written logs/state-preop-R821.bak (81714 bytes)
PASS AC-R1161 pre-op tick==820
PASS AC-R1161 pre-op log items==62 (got 62)
PASS AC-R1161 serializer roundtrip convention detect nobom/tail_lf (file canonical dumps form)
PASS AC-R1162 window line 0 prefix ok (2026-10-01（R815..R817 窗·...)
PASS AC-R1162 window line 1 prefix ok (2026-10-01 R818（~17:1x b...)
PASS AC-R1162 window line 2 prefix ok (2026-10-01 R818 tokens:...)
PASS AC-R1162 window line 3 prefix ok (2026-10-01 R819（~17:2x b...)
PASS AC-R1162 window line 4 prefix ok (2026-10-01 R819 tokens:...)
PASS AC-R1162 window line 5 prefix ok (2026-10-01 R820（~17:3x b...)
PASS AC-R1162 window line 6 prefix ok (2026-10-01 R820 tokens:...)
PASS AC-R1162 R115 summary at index 55
PASS AC-R1162 window 7 lines content bytes==12448 (got 12448)
PASS AC-R1162 head block 55 items==66941B verbatim (got 66941)
window 7 lines content bytes=12448; head block 55 items=66941 bytes
PASS AC-R1162 removed window lines substring-verified clean 7/7 (idle/nop hits=0)
PASS AC-R1162 window tokens lines==3 (got 3)
P/D/O catalog mechanical dedupe: 229 tokens (includes R115 prior-summary embedded catalog snowball, zero hand-picked)
CATALOG_HEAD=P-2026-09-25-18,C-R1141,C-K104,C-R1131,C-K103,D-20260930-19,P-32,C-R1121,C-K102,O-013,D-PROP-001,C-R1111 ...
post-fold (pre-closeout) size: 73908 B
PASS fixpoint final size stable 77293
PASS AC-R1164 final size 77293 <= 78500 margin gate (margin 1207)
PASS final parse tick 821
PASS final log items==58 (got 58)
PASS last log item is R821 tokens line
PASS head item 0 verbatim
PASS AC-R1162 head block 55 items verbatim zero-change
PASS AC-R1162 folded summary at index 55
PASS closeout account line at index 56
PASS AC-R1163 top fields preserved: last_dec_tokens 117 flat (DEC zero new rows this round)
PASS AC-R1163 top fields preserved: last_decision_rows/last_order/benchmarks_refreshed/last_gord_tbl_rows flat
probe pre-op : {'in_window': 60, 'round': 27, 'tokens': 11, 'idle': 37, 'idle_round': 8, 'nop': 2}
probe post  : {'in_window': 56, 'round': 23, 'tokens': 9, 'idle': 37, 'idle_round': 8, 'nop': 2}
incremental-register law: W 60 -> 56 ; tokens 11 -> 9 ; sub 8 -> 6
PASS self_drive post in_window==56 (got 56)
PASS self_drive post tokens==9 (got 9)
PASS self_drive post idle==37 nop==2 (got 37/2)
PASS self_drive post sub==6 (got 6)
PASS self_drive pre sub==8 incremental-register law (got 8)
PASS self_drive post round==23 idle_round==8 (got 23/8)
PASS AC-R1161 archive pure-append prefix assertion
PASS AC-R1161 archive marker 108->109 (expect 108->109)
PASS AC-R1161 archive pre-op marker count==108 (got 108)
PASS export results tick row 818->821 (found 1)
PASS export pre-op results rows==237 (got 237)
PASS queue disk-recount 6/2/2 (got 6/2/2)
PASS proposals disk-recount total=1 (got 1)
backup written logs/state-preop-R821.bak (81714 bytes)
state.json written 77293 bytes (temp+replace)
archive appended 9721906 -> 9803701 bytes (markers 108->109)
export written, export_ts = 2026-10-01T17:38:17+08:00 , results rows = 238
heartbeat R821 line appended
post-write re-read: state.json parse ok (tick 821, log 58 items) PASS
post-write re-read: export parse ok, ceo_face R821 PASS
post-write re-read: archive prefix intact PASS

final figures: WBYTES=12448 HEADB=66941 PF=73908 FIN=77293 MARGIN=1207
AC-R1163d independent PowerShell ConvertFrom-Json re-parse: PSOK tick=821 log=58 (state.json + status-export dual parse pass, export tick row 821 present count=1)
