PASS AC-R2641 state pre-op disk bytes = 80749 (round-start first-measure scan gauge 80746B over the 78500B line by 2246B; R1181 carry-note honored)
PASS AC-R2641 state BOM present + trailing LF present + no CR bytes + roundtrip byte-identity (indent2, BOM-less content + trailing LF)
PASS AC-R2641 pre-parse tick 1181 log items 58
PASS AC-R2641 state pre-op byte-identical to git HEAD blob 80749 vs 80749
PASS AC-R2641 tree carries claim-landed backlog only [' M src/os/backlog.md']
PASS AC-R2641 backup logs/state-preop-R1182.bak byte-identical (80749 B)
INFO calibration probe: pre-op live recount (5, 1, 1, 1)
PASS AC-R2641 export stored sd (5, 1, 1, 1) == live mechanical recount (5, 1, 1, 1), zero drift this fold window
PASS AC-R2642 window line 0 = R263 rolling summary :: 2026-10-05（R1135..R1180 窗口·R263 整编第二百六十三刀压窗{
PASS AC-R2642 window pair = R1181 round+tokens lines (single-round pair), window tail = final log item (R1181 tokens)
PASS AC-R2642 window 3 lines = 11161 B content measure (roll 8506B + pair 2404B/251B)
PASS AC-R2642 removed-window banned-substring mechanical count = zero hits (originals addressable via pre-op backup + git history)
PASS AC-R2642 carried catalog = R263 roll enumerated list verbatim, 48 unique tokens (register caliber incl short forms)
PASS AC-R2642 pair regex-extracted tokens all carried (D-20260930-19,O-013,P-2026-09-25-18,P-32,P-51); 0 newly registered (BD-PROP guard; boundary guard); must-have P-51 present, last token P-51
PASS AC-R2642 46-round carried score list mechanically located (46 values R1135..R1180)
INFO roll line composed 8658 B; carried R1135..R1180 notes verbatim from R263 roll + R1181 fresh note
PASS AC-R2642 new roll line banned-substring three-family zero hits
PASS AC-R2642 47-round score list mechanically derived (46 carried + R1181=1); mechanical round-number column R1135..R1181 continuous, zero gaps
INFO pre-op live recount (5, 1, 1, 1) -> post-fold recount (3, 1, 1, 0) (predicted (3,1,1,0) by delta math: pair removal -2 W / -1 sub, paren roll swap zero); formula recomputed exact
PASS AC-R2643 top-level seven fields preserved (tick/log/last_order/last_decision_rows/benchmarks_refreshed/last_gord_tbl_rows/last_dec_tokens)
PASS AC-R2643 composed parses, tick 1181 preserved; log items 58 -> 56 (3 -> 1, kept=0); head block 55 items verbatim; log item 55 = R264 rolling summary (composed verbatim, 8658 B)
PASS AC-R2644 post-fold composed scan-gauge 78227 B (disk 78230 B), under the 78500B line by 273 B
PASS AC-R2643 re-read parses (tick 1181, log 56, summary item intact); state on disk = 78230 B (BOM + trailing LF write convention verified)
PASS AC-R2643 PowerShell ConvertFrom-Json dual-parser pass (tick 1181 / log 56)
PASS AC-R2644 post-fold window-line recount stable on re-read (single-pass clean run, verify-then-write held)
PREDICT: round closeout appends R1182 pair -> final W 5, sub 1; final ST bytes ~80927; export tick row 1181->1182 + R1182 results row + sd recount (3,1,1,0)->(5,1,1,1); heartbeat R1182 row; board cut-258 + auto-saves purge evidence in qa/board-R1182.log + qa/cleanup-R1182.log
== qa/reorg-R1182.log fold R264 (264th compression knife, P-2026-09-25-18 item-5 mainline) ==
AC-R2641 PASS pre-op byte-identical backup logs/state-preop-R1182.bak (80749 bytes; identical to git HEAD blob; tree carries claim-landed backlog only; round-start first-measure scan gauge 80746B over the 78500B line by 2246B = R1181 carry-note honored; BOM + trailing LF + no CR + roundtrip proven; export stored sd (5,1,1,1) == live recount (5,1,1,1) zero drift)
AC-R2642 PASS window [R263 rolling summary + R1181 single-round pair] 3 lines 11161B -> 1 rolling summary line, kept=0; carried R1135..R1180 notes verbatim from R263 roll + R1181 fresh note (fold R263 + cut-257 dual-item closeout, score 1, R1181 isomorph); 47-round score list mechanically derived 46 carried + R1181=1; mechanical round list R1135..R1181 continuous 47/47; removed-window banned-substring zero hits; new roll line banned-substring three-family zero hits; P/D catalog mechanical-dedup boundary-guarded 48 tokens (48 carried + 0 new): must-have P-51 present, last token P-51
AC-R2643 PASS top-level seven fields preserved; roundtrip byte-identity proven pre-fold; json.loads pass (tick 1181, log 58->56 items, item 55 = R264 rolling summary verbatim, 8658B); PowerShell ConvertFrom-Json dual-parser verified (tick 1181 / log 56)
AC-R2644 PASS post-fold measured 78227 bytes scan-gauge (disk 78230 B), under the 78500B line by 273 bytes; window-line recount (5, 1, 1, 1) -> (3, 1, 1, 0) (removed 3 window-dated lines incl 1 pair + R263 roll, added 1 R264 roll line which is paren and not W-counted)
AC-R2645 PENDING receipt = state R264 rolling summary + R1182 log lines in register + commit message contains P-2026-09-25-18 (P-51 three-carrier rule)
SUITE PASS 4/4 pre-closeout (R2645 delivery leg verified at commit; post-closeout cross-verify appended by closeout stage)
NOTE: triple-item round R1182 (R1181/R1139 isomorph); round score 1 = ledger-maintenance mechanism file per Executive Protocol v1.1. Single-pass clean run, verify-then-write held throughout.
PASS AC-R2645 post-closeout cross-verify: tick 1182 log 58, rolling row at index 55 head='2026-10-05（R1135..R1181 窗口·R264 整编第二百六十四刀压窗', state final 81110B (gauge 81107B), sd post-closeout recount (5, 1, 1, 1)
SUITE PASS 5/5 post-closeout (R2641..R2645 all green; R1181 done row migrated sec R1182; commit delivery leg verified at commit)
