PASS AC-R2461 state BOM present + trailing LF present + no CR bytes + pre-op disk bytes = 79336 byte-identical to git HEAD blob (sha16 D92700093984D5E6)
PASS AC-R2461 roundtrip byte-identity (indent2, BOM-less content + trailing LF)
PASS AC-R2461 pre-parse tick 1157 log items 60 (round-start first-measure scan gauge 79333B over the 78500B line by 833B = R1157 carry-note honored; disk 79336B; 39B delta vs R1157 closeout-time measure 79294B = append-repair relanding timepoint difference, honest note)
PASS AC-R2461 backup logs/state-preop-R1158.bak byte-identical (79336 B)
PASS AC-R2461 round-start tree face: only claim row (src/os/backlog.md) as pre-registered
PASS AC-R2461 calibration probe: export stored sd (5, 1, 1, 1) + R1157 pair delta (+2 w, +0 idle, +0 nop, +1 sub) == live recount (7, 1, 1, 2) exactly (zero drift this fold window)
PASS AC-R2462 window line 0 = R245 rolling summary :: 2026-10-05（R1135..R1155 窗口·R245 整编第二百四十五刀压窗［P-2026-09-25-18 
PASS AC-R2462 window pairs = R1156/R1157 round+tokens lines, window tail = final log item (R1157 tokens)
PASS AC-R2462 window 5 lines = 9732 B content measure (probe-measured exact value)
PASS AC-R2462 removed-window banned-substring mechanical count = honest display {'idle-fast': [], 'no-pullable': [], 'nop': []} (originals addressable via pre-op backup + git history)
PASS AC-R2462 carried token catalog == 37 (R245 承窗 31+6; must-have trio present; last token O-20261004-2255)
PASS AC-R2462 P/D catalog mechanical dedup == 37 carried + 8 newly registered (must-have D-20261005-01 present; BD-PROP guard) ['D-01', 'D-02', 'D-03', 'D-04', 'D-05', 'D-20261005-01', 'O-013', 'O-029']
INFO P/D catalog (45 tokens): D-20260930-19,D-20260927-03,D-20260929-03,D-20260930-18,D-20261001-03,D-20261002-08,D-20261003-02,D-20261004-01,D-20261004-02,D-20261004-03,D-20261004-04,D-20261004-05,D-20261004-06,D-20260930-05,P-2026-09-25-18,P-2026-09-26-08,P-2026-09-28-01,P-2026-10-02-09,P-2026-10-03-01,P-2026-10-03-02,P-32,P-56,P-74,O-2026-0930-013,D-20260930-20,O-2026-0929-013,O-20261004-2300,P-02,P-2026-09-29-06,P-2026-10-04-01,P-2026-10-04-02,O-027,O-2026-0930-027,O-2026-0930-028,O-2026-0930-029,O-2026-0930-030,O-20261004-2255,D-01,D-02,D-03,D-04,D-05,D-20261005-01,O-013,O-029
PASS AC-R2462 new roll line banned-substring three-family zero hits
INFO roll line composed 4588 B; carried R1135..R1155 notes verbatim from R245 roll + R1156..R1157 fresh notes; 23-round score list mechanically derived (21 carried + R1156=1 + R1157=0)
PASS AC-R2463 top-level six fields preserved (tick/last_order/last_decision_rows/benchmarks_refreshed/last_gord_tbl_rows/last_dec_tokens)
PASS AC-R2463 composed parses, tick 1157 preserved; log items 60 -> 56 (5 -> 1, kept=0); head block 55 items verbatim; log item 55 = R246 rolling summary (composed verbatim, 4588 B)
PASS AC-R2464 post-fold measured 74157 bytes scan-gauge (disk 74160 B), under the 78500B line by 4343 B
INFO pre-op live recount (7, 1, 1, 2) -> post-fold recount (3, 1, 1, 0) (removed 5 window lines incl R245 roll + 2 pairs, added 1 R246 roll line dated 10-05 inside window)
PASS AC-R2464 re-read parses (tick 1157, log 56, roll item intact); state on disk = 74160 B (BOM + trailing LF write convention verified)
AC-R2465 PENDING receipt = state R246 rolling summary + R1158 log lines in register + commit message contains P-2026-09-25-18 (P-51 three-carrier rule)
SUITE PASS 5/5 pre-closeout (R2465 delivery leg verified at commit; post-closeout cross-verify appended by closeout stage)
NOTE dual-item round R1158 (R1142/R1145/R1148/R1151 isomorph): fold R246 + board knife cut-240; round score 1 = ledger maintenance mechanism file per Executive Protocol v1.1.
