AC-R1121a pre-op == git HEAD blob: 81954 bytes (round-start first-measure 81954B cashed)
AC-R1123a serializer roundtrip convention detect: whole file already canonical json.dumps(indent=2)+LF form
AC-R1121b backup logs/state-preop-R810.bak written byte-identical
AC-R1122a window = [R111 prior summary + R807..R809 three pairs] 7 lines 12688 B (content); head block 55 items verbatim 66941 B
AC-R1122b window line prefixes verified R807..R809 continuous 3 rounds (pairs) zero-missing
AC-R1122c removed lines substring-verified: idle-fast 0 (expected 0) / no-pullable 0 (expected 0; the 2 in-register no-pullable lines live in the head, untouched) / tokens 3 (expected 3)
AC-R1122d P/D/O catalog (regex dedup, order of first appearance), 222 tokens (includes R111 prior-summary embedded catalog snowball, zero hand-picked)
CATALOG_HEAD=P-2026-09-25-18,C-R1101,C-K100a,O-013,D-PROP-001,C-R1091,C-K99a,C-R1081,C-K98a,D-20260930-19,C-R1071,C-K97 ...
AC-R1123b top fields: DEC/ORD/GORD/BENCH baselines all flat this round (scan PASS faces), zero field drift, tick 809->810 only
post-fold (pre-closeout) size: 74385 B
AC-K102a stale-board count = exactly 1 done row [R807] + exactly 4 open rows [R810+O-013-4+legal gated+bootstrap], header intact
AC-K102b md5 of R807 row (pre-migration): 5c9078811363231c9079d8176d5b1ba3
AC-K102b 10-month archive pure-append: 24297 -> 26803 B; sections 8 -> 9 ; md5 of migrated line identical
AC-K102b 09-month archive zero-touch pre-op == git HEAD blob verified
AC-R1124 final size: 77608 B, margin 892 B under 78,500B gate; post-fold 74385 B
AC-R1123c final: json.loads pass; log 58 items = 55 verbatim head + 1 summary + 2 closeout; head file-bytes identical (tick digit only); top fields verbatim; canonical form == json.dumps(indent=2)
AC-K102c main board final: header + R810 current-round done row (flipped with closure note) + 3 open rows, zero stale done rows
AC-K102d backlog.md written (temp+replace, re-read asserted)
AC-K102d 10-month archive written (temp+replace, prefix + md5 re-verified post-write)
AC-K102d 09-month archive zero-touch post-op == git HEAD blob re-verified
AC-R1121c archive pure-append: 9394749 -> 9476784 B; markers 104 -> 105
archive write committed (temp+replace, prefix re-verified)
state.json write committed (temp+replace, re-parsed after write)
probe pre-op : {'in_window': 60, 'paren': 32, 'round': 28, 'tokens': 11, 'idle': 37, 'idle_round': 9, 'nop': 2}
probe post   : {'in_window': 56, 'paren': 32, 'round': 24, 'tokens': 9, 'idle': 37, 'idle_round': 9, 'nop': 2}
post sub by R744 formula (round-tokens-idle_round) = 6
incremental-register law: W 60 -> 56 ; tokens 11 -> 9 ; sub 8 -> 6 (symmetric with R804/R807 fold counters 56/9/37/2)
export derived: tick 807->810, R112 results row appended, self_drive W 56 symmetric-flat / sub 8 -> 6 fold-derived, idle 37 / nop 2 flat, queues 6/2/2 disk-recounted, proposals 1/1 disk-recounted
export written, export_ts = 2026-10-01T15:50:47+08:00 , results rows = 234
heartbeat row appended ts= 2026-10-01T15:50:47+08:00
qa/board-R810.log written, 12 lines
AC-R1123d independent PowerShell ConvertFrom-Json re-parse: PSOK tick=810 log=58
