AC-R1851 pre-op: 83200B dual-gauge, HEAD==disk byte-identical (sha16 2ddebed72dee1d5e), tick 1006, log 62 items, no BOM no trailing LF, canonical round-trip PASS; round-start tree = ['M src/os/backlog.md'] (backlog.md single dirty = own R1007 pre-registration row)
AC-R1852 window = [R184 rolling summary + R1004..R1006 three pairs] 7 rows identified (13738B content); kept=0 (window extends to log tail, no fourth pair, R988/R991/R994 isomorph); head block 55 items verbatim (66941B content)
probe pre  : {"W": 60, "idle": 37, "idle_round": 8, "nop": 4, "wait": 3, "round": 27, "tokens": 11, "sub": 8}  (== read-only calibration logs/tmp_r1007_probe.py, register method computed before writing)
AC-R1852 catalog chain: R160 base 286 (tail C-K163a) + 17 archive links R940..R988 + R991 link + R994 link + R996 archive-section link (R180 roll embedded 3) + R998 archive-section link (R181 roll embedded 3) + R1002 archive-section link (R182 roll embedded 2) + R1004 archive-section link (R183 roll embedded 9) + live R184 roll link 5 = 545, arithmetic continuous, per-link list verified
AC-R1852 catalog: live R184 roll embedded 5 in prior + window new 4 ['AC-R1841', 'P-2026-10-03-01', 'C-04857', 'D-20260930-20'] (folded-line extraction vs retained-set diff + catalog-set exclusion, R979 engine criterion) + win[0] zero-new residual check = [] clean = 545->549; missing=[] asserted
AC-R1852 compress-precedent list carried mechanically (range end R758..R1002 -> R758..R1004, latest completed fold before this round)
probe post projection: {"W": 56, "idle": 37, "idle_round": 8, "nop": 2, "wait": 1, "round": 23, "tokens": 9, "sub": 6}  (asserted pre-write); export self_drive pre-op mechanical re-derivation (58, 35, 4, 11) vs R1006-recorded stored register 58/35/3/10 = nop+1/sub+1 drift (R1005 pair main+tokens lines both carried the no-pullable mention, R1006 closeout hand-recount undercounted) -> corrected this fold per R949/R976 precedent
export self_drive post projection: W/idle/nop/sub = 54/35/2/9 (W 60-7+3, idle head-only after window removal, nop 4-2 window declaration pair leaves, sub = W-idle-tokens-P2 formula carried)
AC-R1854 in-fold projection: post-fold 73472 B, final 77384 B margin 1116 B (<= 78,500B gate satisfied in-fold)
S_new 4058 B / E_new 3626 B / T_new 270 B structural constraints all pass (prefixes, tag accounting, no forbidden tags)
AC-R1853b top fields: ORD/DEC 131 tokens/BENCH flat carried verbatim; GORD baseline 157 -> 154 deliberate realignment (push-reconciliation: group orders.md consolidation batch did not merge the three in-flight rows R1006 answered, receipts stay addressable in state log R1006 + commit 7e2888a, canonical face sha16 DB033ADBF4E8F55B, R494 group-face closeout precedent); tick 1006->1007 only, head region byte-identical except tick digit
gated-file trigger check: legal-review draft (HQ secretariat window point 10-03 12:00 passed, multi-path zero hits incl group docs tree; periodic trigger continues on delivery) + BigLife R777 review file quadruple-path zero hits = not delivered, chronic continuation (backlog open rows carry)
PHASE B (--write): verify-then-write sequence
AC-R1851 backup logs/state-preop-R1007.bak written byte-identical (83200B)
AC-R1853c archive pure-append: 15342348 -> 15425631 B; markers 177 -> 178
AC-R1853d state.json written (temp+replace, re-read asserted: tick 1007, log 58 items = 55 head + 1 roll + 2 closeout, GORD 154, probe in-register, dual-gauge parse pass)
AC-R1854 final size: 77384 B, margin 1116 B under 78,500B gate; post-fold 73472 B
export refreshed: export_ts=2026-10-03T13:30:34+08:00 tick-row 1007, R185 result row appended, self_drive 54/35/2/9 zero-hardcode re-derived (pre stored register 58/35/3/10 vs mechanical 58/35/4/11 drift corrected this fold per R949/R976 precedent), method note appended, BOM utf-8-sig parse-back PASS
heartbeat R1007 row appended
AC-R1855 backlog R1007 row closed with measured values (checkbox flipped, claim + done in one row, pre-registration honored)
AC-R1855 delivery: state log R1007 lines + backlog R1007 done row + commit contains P-2026-09-25-18 (P-51 protocol)
GORD companion note: push-reconciliation event this round (R1006 pre-note cashed): scan sha16 B27704A667946D77 -> DB033ADBF4E8F55B, tbl_rows 157->154 = gord_new_rows=-3, the three in-flight rows R1006 answered (02:19 BigLife R777 overdue callout / 08:37 FluxVerse unfreeze watch / 12:39 BigDomain 12:00 duty-class delay callout, answered 13:18 in-window under 15:00) were NOT merged by the group-side orders.md consolidation batch (latest group commit 3018507, origin unified at 277 lines / 154 table rows) = group-side batch discard; R1006 receipts stay addressable (state log R1006 row + commit 7e2888a); acknowledged no action; baseline realigned 157->154 to the canonical face. D-20260930-19 consumption steps derived pass: (1) decisions dispatch board zero new company rows (DEC 237 flat, 131 tokens), (2) group orders CEO-physicals zone zero change (bootstrap still blocked). O-013-4 daily duty covered by day-first round R961 (not re-scanned, anti-rescan law). Fold-round write set discipline: backlog + state.json + qa log + export + heartbeat only (git set: 5 files, logs/ gitignored disk-side double insurance).
