PASS AC-R2711 state BOM + trailing LF + no CR + roundtrip exact (disk 81003 B, gauge 81000 B)
PASS AC-R2711 pre-op disk byte-identical to git HEAD blob (sha16 A5E42F65E2DEC71C)
PASS AC-R2711 round-start tree face: only claim row (src/os/backlog.md) as pre-registered (self evidence artifact exempt)
PASS AC-R2711 backup logs/state-preop-R1190.bak byte-identical (81003 B)
PASS AC-R2711 calibration probe: export stored sd (4, 1, 1, 1) == live recount (4, 1, 1, 1) exactly (zero drift, marked-distinct caliber; R1170 closeout recount law)
PASS AC-R2712 window = [R270 rolling summary + R1189 pair] (3 lines); window tail = final log item (R1189 tokens)
PASS AC-R2712 window 3 lines = 13458 B content measure (probe-measured exact value)
PASS AC-R2712 removed-window banned-substring mechanical count = zero hits {idle-fast}
PASS AC-R2712 removed-window banned-substring mechanical count = zero hits {no-pullable}
PASS AC-R2712 removed-window banned-substring mechanical count = zero hits {nop}
PASS AC-R2712 carried token catalog == 48 verbatim (R270 carry; first D-20260930-19 last P-51)
PASS AC-R2712 P/D catalog mechanical dedup == 48 carried + 0 newly registered (BD-PROP boundary guard) []
PASS AC-R2712 55-round score list mechanically derived (54 carried sum 36 + R1189=1 = 55 rounds sum 37)
PASS AC-R2712 new roll line banned three-family zero hits {'idle-fast' 'no-pullable' 'nop'}
PASS AC-R2712 new roll line matches recount caliber (paren-format date prefix, excluded from round-level count)
INFO new roll line composed 10777 B; carried R1135..R1188 notes verbatim from R270 roll + R1189 fresh note
INFO predicted post-fold gauge 78303B / disk 78306B (removed 13481 B window lines incl LFs, added 10784 B roll line incl LF)
INFO predicted post-fold recount (2, 1, 1, 0) == prediction (pre (4, 1, 1, 1); removed 3 window lines, added 1 R271 roll line dated 10-05 inside window)
PASS state written atomically (tmp + os.replace, read-back verified)
PASS AC-R2713 top-level seven fields preserved (tick/log/last_order/last_decision_rows/benchmarks_refreshed/last_gord_tbl_rows/last_dec_tokens); log 57 -> 55 (3 -> 1, kept=0); head block items 000..053 verbatim; log item 54 = R271 rolling summary (10777 B)
PASS AC-R2714 post-fold measured 78303 bytes scan-gauge (disk 78306 B) == prediction; under the 78500B line by 197 B
PASS AC-R2714 post-fold recount (2, 1, 1, 0) == prediction; re-read parses (tick 1189 preserved, log 55, roll item intact); dual-parser face = json.loads green (PS ConvertFrom-Json runs at closeout)
AC-R2715 PENDING receipt = state R271 rolling summary + R1190 log lines in register + commit message contains P-2026-09-25-18 (P-51 three-carrier rule)
SUITE PASS 5/5 pre-closeout (R2715 delivery leg verified at commit; post-closeout cross-verify by closeout stage)
NOTE dual-item round R1190 (R1189 isomorph): fold R271 + board knife cut-265; round score 1 = ledger maintenance mechanism file per Executive Protocol v1.1.
