AC-R3736-as PASS auto-saves standing step (BD-PROP-002 pilot) measured this round 432.7MB/324 items; queue recount 6/2/2; proposals 3 total 1 open (python open-checkbox recount)
AC-R3731 PASS pre-op byte-identity to HEAD blob (sha16 5588669b353998ac, 79673B, no BOM, no trailing LF, indent=2 round-trip exact); backup state-preop-R1452.bak written
AC-R3732 PASS window shape asserted [R1449 roll line + R1449/R1450/R1451 three pairs] 7 lines, log 30 entries pre-fold; archive section R1452 appended verbatim, markers 97->98 (all-markers basis per R1443 94->95 / R1446 95->96 / R1449 96->97 chain; fold-append-format subset 25->26 noted, QA-only caliber); on-disk 1338270B (local logs/ not in git per .gitignore)
AC-R3735 PASS P/D catalog 91 -> 91 mechanical union zero-loss (new registers: none; extracted 66 tokens over all 7 window lines, all already registered, zero new entry honestly noted; extraction regex [A-Z]{1,3}-[0-9][0-9A-Za-z-]* caliber carried uniform from R1449)
AC-R3733a PASS fixed-point digit iteration for self-referential size fields converged in 2 passes (post-fold stage 74959B, closeout stage 77417B)
AC-R3733b PASS final 77417B under the 78500B gate by 1083B (asserted before write; honest abort otherwise)
AC-R3733c PASS sd mechanical recount over post-fold state log asserted in-script: window 23 / idle 0 / nop 2 / sub 9, log lines-in-window pre-fold 27 -> post-fold 23 [-7 window fold absorbed, +1 roll line, +2 R1452 pair], sub pre-fold 11 -> post-fold 9 [-3 folded round lines R1449 fold / R1450 no-pullable / R1451 no-pullable, +1 R1452 fold round line; caliber = date+R#### lines excluding tokens lines]; nop pre-fold 3 -> post-fold 2 [-2 folded R1450/R1451 no-pullable lines, +1 new roll line carries the term in its window summary; residual = 2026-10-05 cold summary line]
AC-R3733d PASS verify-then-write: predicted 77417B == actual 77417B on disk (byte-exact size check)
AC-R3734a PASS python json.loads OK post-write re-read (log 26 entries, tick 1452, decRows 212 unchanged, baseline fields untouched)
AC-R3734b PASS dual-parser: PowerShell ConvertFrom-Json external post-write check via explicit UTF8 read OK (tick 1452, log 26)
AC-R3736a PASS export roundtrip probe asserted pre-write: BOM utf-8-sig + indent=2, no trailing newline
AC-R3736b PASS export results 563 rows pre-flush, tick row 1449 -> 1452 (R1450/R1451 two-round pair drift resolved by this flush)
AC-R3736c PASS queue/proposal recounts verified 6/2/2 and 3-total/1-open before sd write (python open-checkbox recount)
AC-R3736e PASS export post-write probe byte-exact (BOM preserved, no trailing newline)
AC-R3736f PASS export results 564 rows post-write, tick row [12] = 1452, last row = R1452 fold row
AC-R3736d PASS HB R1452 row on-time lag=0 (splitlines caliber -> 1098 rows, last row tick 1452, CRLF file-tail caliber)
AC-R3736g PASS git tracked-dirty set == intended files pre-commit (?? qa/reorg-R1452.log; M docs/status-export.json; M heartbeat.txt; M src/os/state.json) [transient first-read miss, second read verified; logs/ gitignored per .gitignore; qa/*.log un-ignored]
ROUND-CONTEXT INFO nine-face scan ran pre-fold ~13:51 zero FLAG (STATE 79673B over 78500B line by 1173B = fold R373 trigger, R1451 carry-note honored; LEDGER 110 lines conflict=0 atbd_rows=0 lastp all-receipted [P-2026-10-06-05/P-2026-10-07-01/P-2026-10-07-02]; DEC 212 tokens flat; GORD 133 rows gord_new_rows=0 zero new order [last-3 table rows 10-07 batch = R1428/R1448 judged anti-rescan]; ORD/BENCH flat; QA same-day evidence on disk smoke-R1385+reconcile-daily-20261007; HB lag 0; TREE clean in sync; TASKS queue gated: OSS window5 claim window opens 10-07 15:07 post-watchdog scan (now 13:5x pre-window no early claim per board mandate), hard line 10-08 03:07; claimable=5 all individually gated: OSS pre-window, radar list ETA 10-08 21:40, R777 chronic, bootstrap CEO physicals, daily duties done R1385; proposal window 10-06..10-13 quota cleared BD-PROP-003 R1254; P-32 daily zero-increment
CARRY-NOTE INFO post-closeout state 77417B margin 1083B under gate; if post-closeout waterline again crosses 78500B then fold R374 = next-round first-measure ruling; window-byte caliber carried: UTF-8 content-sum (9100B this window, R1446 annotation chain); marker caliber: all-markers basis 97->98 (fold-append-format subset 25->26 QA-only)
PROCESS-NOTE INFO single clean pass, zero honest-abort (rerun guards verified idempotent by design: archive marker + state tick + export row + HB row)
