PASS AC-R3771 pre-op byte-identity re-verified vs HEAD blob (sha16 5132D281E39DE8C9, 80041B, no BOM, no trailing LF, indent=2 round-trip exact; backup state-preop-R1462.bak on disk); calibration vs R1459 backup green (78725B)
PASS AC-R3771 round-start first-measure 80041B over the 78500B line by 1541B = R1461 carry-note honored; live sd recount (27, 0, 1, 11); export stored (25,0,1,10) = R1460 flush value with R1461 pair drift (+2 lines/+1 sub) carried, resolved at this fold flush (R1201-isomorph pair-drift caliber)
PASS AC-R3772 window shape asserted [R1459 roll line + R1459/R1460/R1461 three pairs] 7 lines 9468B content-sum; removed-window banned-substring zero hits (originals addressable via pre-op backup + git history)
PASS AC-R3775a carried token catalog == 91 (R1459 carry verbatim; must-have P-2026-09-25-18 present: True)
PASS AC-R3775b P/D catalog mechanical dedup == 91 carried + 4 newly registered (window-extracted unique 70; extraction regex [A-Z]{1,3}-[0-9][0-9A-Za-z-]* carried uniform from R1449/R1452/R1457/R1459) new=['BSD-3', 'D-20260927-03', 'OH-20261008-bigdomain', 'P-2026-10-04-02']
PASS AC-R3775c new roll line composed 4414B, banned three-family zero hits, round ids + P-51 token in place
PASS AC-R3773d verify-then-write pre-check: predicted post-fold 74939B under the 78500B line by 3561B; predicted recount (21, 0, 1, 8) (window 27->21 [-7 absorbed, +1 roll], sub 11->8 [-3 folded round lines], nop 1 flat, idle 0 flat)
PASS AC-R3773a state write verified: log 30 -> 24 (7 -> 1, kept=0), head block 23 items verbatim, log item 23 = new rolling summary
PASS AC-R3772 archive section R1462 appended: 7 window lines verbatim in-section, markers 101->102 (all-markers basis, R1459 100->101 chain carried), fold-append-format subset 29->30; pure-append prefix byte-identical (1364822B + 9587B); on-disk 1374409B (local logs/ not in git per .gitignore)
SUITE fold-stage green pre-closeout (AC-R3771/3772/3773ad/3775abc); closeout legs land at close stage
PASS pass-2 state re-verified on disk: tick 1462, log 26, 77500B, recount (23, 0, 1, 9), rolling line at [23] carries P-51 token, R1462 pair at [24]/[25]
PASS pass-2 export re-verified: BOM + no trailing newline, results 569, tick row 1462, sd (23, 0, 1, 9) == live recount, ceo_face current=R1462 fold round, latest_artifact=OSS window5 slice kept
PASS pass-2 HB re-verified: 1108 rows (splitlines caliber), last row tick 1462, CRLF file-tail
PASS pass-2 archive re-verified: markers 102 (fold-append subset 30), section R1462 marker + 7 verbatim lines present, 1374409B
PASS pass-2 pre-op backup logs/state-preop-R1462.bak still byte-identical to HEAD blob (pre-op provenance intact)
PASS AC-R3776g git tracked-dirty set == intended files pre-commit (['M docs/status-export.json', 'M heartbeat.txt', 'M src/os/state.json', '?? qa/reorg-R1462.log']) - pass-1 false FAIL root-caused: whole-string .strip() ate the FIRST line's leading worktree-status space (' M ' -> 'M '), per-line strip caliber fixed; untracked-files=all defeats untrackedCache staleness (R1457/R1459 same lesson, superseded-wrong-basis note per R1454 AC-R3742)
CARRY-NOTE INFO post-closeout state 77500B margin 1000B under gate; if post-closeout waterline again crosses 78500B then fold R378 = next-round first-measure ruling; window-byte caliber carried: UTF-8 content-sum (9468B this window, R1446 annotation chain); marker caliber: all-markers basis 101->102 (fold-append-format subset 29->30 QA-only, exact ' fold append ' string)
ROUND-CONTEXT INFO nine-face scan ran pre-fold ~15:34 zero FLAG (STATE 80041B over 78500B line by 1541B = fold R377 trigger, R1461 carry-note honored; LEDGER 112 lines conflict=0 atbd_rows=0 lastp all-receipted [P-2026-10-06-05/P-2026-10-07-01/P-2026-10-07-02]; DEC 212 tokens flat; GORD 133 rows gord_new_rows=0 zero new order [last-3 table rows 10-07 batch = R1428/R1448 judged anti-rescan]; ORD/BENCH flat (bench 1d); QA same-day evidence on disk smoke-R1385+reconcile-daily-20261007; HB lag 0; TREE clean in sync; TASKS claimable=4 mechanical / all individually gated: OSS window5 done R1460, radar list ETA 10-08 21:40, R777 chronic anti-rescan, bootstrap CEO physicals, dailies done R1385; proposal window 10-06..10-13 quota cleared BD-PROP-003 R1254; P-32 daily zero-increment; near-24h commit score face R1460=1 so all-zero verdict condition not triggered)
PROCESS-NOTE INFO two-pass closeout: pass-1 executed the fold + closeout with ALL data-phase ACs green (state write 77500B byte-identical rebuild, archive verbatim, export flush tick 1460->1462 results 568->569 sd (23,0,1,9), HB row lag=0) and only the final git dirty-set comparison AC tripped on a caliber bug (whole-string .strip() ate the first porcelain line's leading ' M ' space -> false mismatch; zero data impact); pass-2 = verification-only zero-data-writes, every AC re-verified green from on-disk evidence + HEAD blob, comparison caliber fixed per-line (R1443/R1457/R1459 pass-1 bug-class precedent, superseded-wrong-basis note per R1454 AC-R3742)
SUITE PASS AC-R3771..R3776 all green post-closeout two-pass (R3775 delivery leg: state rolling line + R1462 log line + commit message all carry P-2026-09-25-18; R3771/3772/3773abcd/3774ab/3775abc/3776abcdefg-as)
