AC-R1881 pre-op: 80760B dual-gauge, HEAD==disk byte-identical (sha16 4837abeb9654f209), tick 1015, log 62 items, no BOM no trailing LF, canonical round-trip PASS; round-start tree = ['M src/os/backlog.md'] (backlog.md single dirty = own R1016 pre-registration row)
AC-R1882 window = [R187 rolling summary + R1013..R1015 three pairs] 7 rows identified (11298B content); kept=0 (window extends to log tail, no fourth pair, R988/R991/R994 isomorph); head block 55 items verbatim (66941B content)
probe pre  : {"W": 60, "idle": 37, "idle_round": 8, "nop": 4, "wait": 3, "round": 27, "tokens": 11, "sub": 8}  (== read-only calibration logs/tmp_r1016_probe.py, register method computed before writing)
AC-R1882 catalog chain: R160 base 286 (tail C-K163a) + 17 archive links R940..R988 + R991 link + R994 link + R996 archive-section link (R180 roll embedded 3) + R998 archive-section link (R181 roll embedded 3) + R1002 archive-section link (R182 roll embedded 2) + R1004 archive-section link (R183 roll embedded 9) + R1007 archive-section link (R184 roll embedded 5) + R1010 archive-section link (R185 roll embedded 4) + R1013 archive-section link (R186 roll embedded 2) + live R187 roll link 1 = 552, arithmetic continuous, per-link list verified
AC-R1882 catalog: live R187 roll embedded 1 in prior + window new 1 ['AC-R1871'] (folded-line extraction vs retained-set diff + catalog-set exclusion, R979 engine criterion; AC-R1871 = R1013 close-line range-notation head token, AC-R1872..R1875 bare forms carry no hyphen and do not match TOKRE, R1013-fold AC-R1861 same-construct precedent) + win[0] zero-new residual check = [] clean = 552->553; missing=[] asserted
AC-R1882 compress-precedent list carried mechanically (range end R758..R1010 -> R758..R1013, latest completed fold before this round)
probe post projection: {"W": 56, "idle": 37, "idle_round": 8, "nop": 2, "wait": 1, "round": 23, "tokens": 9, "sub": 6}  (asserted pre-write); export self_drive pre-op mechanical re-derivation (58, 35, 4, 11) vs stored register 54/35/2/9 = W+4/nop+2/sub+2 drift (R1014/R1015 declaration pairs absorbed by standing-carry no-reflush rounds) -> recomputed and corrected this fold per R949/R976/R1010/R1013 precedent
export self_drive post projection: W/idle/nop/sub = 54/35/2/9 (W 58-7+3, idle head-only after window removal, nop 4-2 window declaration pairs leave, sub = W-idle-tokens-P2 formula carried)
AC-R1884 in-fold projection: post-fold 72754 B, final 76008 B margin 2492 B (<= 78,500B gate satisfied in-fold)
S_new 3340 B / E_new 2968 B / T_new 270 B structural constraints all pass (prefixes, tag accounting, no forbidden tags)
AC-R1883b top fields: ORD/DEC 131 tokens/BENCH/GORD 154 all flat carried verbatim; tick 1015->1016 only, head region byte-identical except tick digit
gated-file trigger check: legal-review draft (HQ secretariat window point 10-03 12:00 passed, multi-path zero hits incl group docs tree; periodic trigger continues on delivery) + BigLife R777 review file quadruple-path zero hits = not delivered, chronic continuation (backlog open rows carry)
PHASE B (--write): verify-then-write sequence
AC-R1881 backup logs/state-preop-R1016.bak written byte-identical (80760B)
AC-R1883c archive pure-append: 15588617 -> 15669460 B; markers 180 -> 181
AC-R1883d state.json written (temp+replace, re-read asserted: tick 1016, log 58 items = 55 head + 1 roll + 2 closeout, GORD 154, probe in-register, dual-gauge parse pass)
AC-R1884 final size: 76008 B, margin 2492 B under 78,500B gate; post-fold 72754 B
export refreshed: export_ts=2026-10-03T15:19:11+08:00 tick-row 1016, R188 result row appended, self_drive 54/35/2/9 zero-hardcode re-derived (pre stored register 54/35/2/9 vs mechanical pre 58/35/4/11 = no-reflush absorption corrected this fold per R949/R976/R1010/R1013 precedent), method note appended, BOM utf-8-sig parse-back PASS
heartbeat R1016 row appended
AC-R1885 backlog R1016 row closed with measured values (checkbox flipped, claim + done in one row, pre-registration honored)
AC-R1885 delivery: state log R1016 lines + backlog R1016 done row + commit contains P-2026-09-25-18 (P-51 protocol)
GORD companion note: flat baseline this round (scan sha16 DB033ADBF4E8F55B unchanged, tbl_rows 154 flat, gord_new_rows=0, zero new group orders; last-3 table rows GitHub-harvest mechanism order / fleet dual order / model-freshness order all previously judged in-register). D-20260930-19 consumption steps derived pass: (1) decisions dispatch board zero new company rows (DEC 237 flat, 131 tokens), (2) group orders CEO-physicals zone zero change (bootstrap still blocked). O-013-4 daily duty covered by day-first round R961 (not re-scanned, anti-rescan law). Fold-round write set discipline: backlog + state.json + qa log + export + heartbeat only (git set: 5 files, logs/ gitignored disk-side double insurance).
