qa/reorg-R1506.log - fold R398 water-level reorg evidence (R1506, P-2026-09-25-18 398th knife, single clean run)
PASS PRE-OP AC-R3981 no-BOM + trailing LF + zero CR (round-start first-measure disk 79460B, over the 78500B gate by 960B = R1505 carry-note cashed, 398th knife)
PASS PRE-OP AC-R3981 disk 79460 == HEAD blob byte-identical (sha16 cc683137f228c5ab)
PASS PRE-OP AC-R3981 tree face clean (in-sync with origin/main 0/0, no index.lock)
PASS PRE-OP AC-R3981 backup logs/state-preop-R1506.bak written byte-identical (79460 B, local logs/ gitignored asserted)
PASS PRE-OP AC-R3981 top-level 7 fields intact (tick 1505, log 27)
PASS PRE-OP AC-R3981 window [R1504 roll line + R1504/R1505 two pairs] 5 lines 11331B (probe: 6421+2205+220+2297+188=11331)
PASS PRE-OP AC-R3981 window line heads/tails anchored (R1504 fold pair + R1505 no-pullable pair, roll = R1502..R1503 fold of R397); idle-fast zero hits; no-pullable legitimately present in roll carry + pair[3] (R1504 isomorph)
PASS PRE-OP AC-R3981 P/D catalog 106 tokens parsed from R1504 roll line register; window extraction 15 unique, NEW registered = 0 -> 106->106 flat (must-have P-2026-09-25-18 present, uniform regex [A-Z]{1,3}-[0-9][0-9A-Za-z-]* carried, R1491 evidence caliber; full-window strict sweep consistent zero new)
PASS PRE-OP AC-R3981 sd probe: stored (22,0,1,9) at R1504 flush; live now (24,0,3,10) = R1505 pair drift (+2/+1 sub/+1 nop) carried AND stored-nop undercount +1 (R1504 flush stored 1 but its own new roll line embeds the folded R1503 no-pullable section = true 2; defect detected here, resolved at this flush, R1201-isomorph + honest-correction caliber)
PASS PRE-OP AC-R3981 queue recount 6/2/2 open-checkbox + proposals 3 total / 1 open (BD-PROP-001/002/003 in-register, no 004)
INFO auto-saves standing step (BD-PROP-002 pilot) measured 436.4MB/318 items under 500MB line no clean
PASS PRE-OP AC-R3981 archive trailing LF + fold-append markers 122 (last = R1504), pure-append basis verified
PASS FOLD AC-R3982 new roll line composed 7289B (window header R1504..R1505 11331B + R1504 fold section + R1505 no-pullable section + heng-tail carried verbatim; catalog 106->106; idle-fast zero hits, must-have P-2026-09-25-18 present; next-fold anchor uniqueness asserted)
PASS FOLD AC-R3982 verify-then-write two-stage: fold-stage simulated 75386B + closeout simulated final 77263B margin 1237B, BOTH size gates simulated green before first byte written; fixed-point converged (3 iters)
PASS ARCHIVE AC-R3982 pure-append + prefix byte-identical; section R1506 = header + 5 window lines verbatim, re-verified byte-exact vs pre-op backup window (markers 122->123, fold-append subset 50->51)
PASS FOLD AC-R3982 fold stage written byte-exact: disk 75386B == prediction, json.loads green (tick 1505, log 23)
PASS CLOSEOUT AC-R3983 closeout written byte-exact: final disk 77263B == prediction (tick 1505->1506, gord baseline 36 carried flat no splice, log 25, tail trio = roll/R1506 round/tokens, scalars other than tick unchanged)
PASS CLOSEOUT AC-R3983 sd post-closeout recount (22, 0, 2, 9) = TRUE mechanical value; nop correction note: stored was 1 (R1504 undercount), true 2 = 2026-10-05 cold summary line + R1506 roll line (embeds folded R1503 no-pullable section)
PASS CLOSEOUT AC-R3984 dual-parser: python json.loads OK + PowerShell ConvertFrom-Json external check green (state tick=1506 log=25 decRows=212 gord=36; export results=590 sd=22/0/2/9)
PASS AC-R3985 P/D catalog 106 -> 106 mechanical flat, zero new registers honestly noted (window-extracted unique 15; register-diff asserted pre-write; must-have P-2026-09-25-18 present)
PASS AC-R3985 HB single-row append: R1506 row lag=0 (no backfill debt; R1505 row on disk), anchored header regex \| tick (\d+) \| applied; trailing LF preserved, 1152 -> 1153 newline-terminated rows, no new CR bytes introduced
PASS AC-R3986 export flush: export_ts 2026-10-07T23:39:50+08:00; tick row 1502 -> 1506 [R1504 flush claimed 1502->1504 but the splice never landed on disk - drift detected at this flush and fixed, R1037/R542 precedent]; results 589 -> 590 (new fold row, score 1); sd re-derived 22/0/2/9 with nop true-value honest correction; ceo_face current row updated to R1506 fold round, latest_artifact + next_milestone carried verbatim (R1460 OSS slice remains latest real artifact); roundtrip probe asserted pre-write and post-write; BOM utf-8-sig + indent=2 no trailing newline
DEFECT-NOTE two R1504-flush defects detected and resolved this round (honest record, zero data loss): (a) export tick row: R1504 evidence claimed 1502->1504 but on-disk row remained 1502 (splice never landed; results-row text and evidence both asserted the claim - write-before-verify violation on the claim face); fixed at this flush 1502->1506 with drift note in method; (b) export stored nop=1 at R1504 flush undercounted its own new roll line (which embeds the folded R1503 no-pullable section) - true value 2; corrected at this flush with honest note. Both defects intra-company export-surgery face, zero group-face impact, fixed in-place this round
ROUND-CONTEXT nine-face scan ran pre-fold ~23:3x zero FLAG (STATE 79460B over 78500B line by 960B = fold R398 trigger; LEDGER 115 lines conflict=0 atbd_rows=0 lastp=P-2026-10-07-01/04/05 all receipted; DEC 212 tokens content-addressed flat; GORD tbl_rows=36 gord_new_rows=0 last-3 table rows already judged R1500/R1501/R1502 anti-rescan; ORD flat last=2026-09-28 22:1x; BENCH 1d refreshed 10-07 next 10-13; QA same-day evidence on disk smoke-R1385 png+log+reconcile-daily-20261007; HB lag=0; TREE clean in-sync 0/0 no lock) and queue gated zero pullable (radar window-5 list ETA 10-08 21:40; BigLife R777 chronic anti-scan R1238; bootstrap CEO physicals merchant-id/server/domain/filing/ICP unchanged; reconcile-daily + O-013(4) done today R1385 no rerun; OSS window-5 done R1460; proposal window 10-06..10-13 quota cleared BD-PROP-003 R1254); D-20260930-19 two consumption steps = scan mechanical coverage (dispatch board zero new BigDomain rows; CEO physicals area zero arrival signal); P-32 daily clear zero-new no HQ write; 24h commit scoring face R1460 2pts + same-day fold rounds 1pt each, idle-judgment negative condition not triggered
CARRY-NOTE post-closeout state 77263B margin 1237B under gate; if post-closeout waterline again crosses 78500B then fold R399 = next-round round-start first-measure decides; round score 1 = ledger maintenance mechanism item
