AC-R1841 pre-op: 80926B dual-gauge, HEAD==disk byte-identical (sha16 57e2059448db1523), tick 1003, log 60 items, no BOM no trailing LF, canonical round-trip PASS; round-start tree = ['M src/os/backlog.md'] (backlog.md single dirty = own R1004 pre-registration row)
AC-R1842 window = [R183 rolling summary + R1002..R1003 two pairs] 5 rows identified (11480B content); kept=0 (window extends to log tail, no third pair, R996/R998 isomorph); head block 55 items verbatim (66941B content)
probe pre  : {"W": 58, "idle": 37, "idle_round": 8, "nop": 2, "wait": 1, "round": 25, "tokens": 10, "sub": 7}  (== read-only calibration logs/tmp_r1004_probe.py, register method computed before writing)
AC-R1842 catalog chain: R160 base 286 (tail C-K163a) + 17 archive links R940..R988 + R991 link + R994 link + R996 archive-section link (R180 roll embedded 3) + R998 archive-section link (R181 roll embedded 3) + R1002 archive-section link (R182 roll embedded 2=AC-R1811/AC-FD24a) + live R183 roll link 9 = 540, arithmetic continuous, per-link list verified
AC-R1842 catalog: live R183 roll embedded 9 in prior + window new 5 ['AC-R1831', 'O-20261003-1210-bm-c', 'AC-OR1', 'O-2026-0929-013', 'AC-FD28a'] (folded-line extraction vs retained-set diff + catalog-set exclusion, R979 engine criterion) + win[0] zero-new residual check = [] clean = 540->545; missing=[] asserted
AC-R1842 compress-precedent list carried mechanically (range end R758..R998 -> R758..R1002, latest completed fold before this round)
probe post projection: {"W": 56, "idle": 37, "idle_round": 8, "nop": 2, "wait": 1, "round": 23, "tokens": 9, "sub": 6}  (asserted pre-write); export self_drive pre-op mechanical re-derivation (56, 35, 2, 10) == R1003-recorded stored register (56,35,2,10) zero drift this round (R1003 re-derivation accurate)
export self_drive post projection: W/idle/nop/sub = 54/35/2/9 (W 56-5+3, idle head-only after window removal, nop 2 flat as the R183 roll carries no nop tag, sub = W-idle-tokens-P2 formula carried)
AC-R1844 in-fold projection: post-fold 72577 B, final 75968 B margin 2532 B (<= 78,500B gate satisfied in-fold)
S_new 3163 B / E_new 3105 B / T_new 270 B structural constraints all pass (prefixes, tag accounting, no forbidden tags)
AC-R1843b top fields: ORD/DEC 131 tokens/BENCH flat carried verbatim; GORD baseline 153 -> 154 deliberate update (model-freshness fleet order row acknowledged non-own-face, scan sha16 DB033ADBF4E8F55B new baseline, R381/R479 fleet-order precedent); tick 1003->1004 only, head region byte-identical except tick digit
gated-file trigger check: legal-review draft (HQ secretariat window point 10-03 12:00 passed, triple-path zero hits; periodic trigger continues on delivery) + BigLife R777 review file quadruple-path zero hits = not delivered, chronic continuation (backlog open rows carry)
PHASE B (--write): verify-then-write sequence
AC-R1841 backup logs/state-preop-R1004.bak written byte-identical (80926B)
AC-R1843c archive pure-append: 15261339 -> 15342348 B; markers 176 -> 177
AC-R1843d state.json written (temp+replace, re-read asserted: tick 1004, log 58 items = 55 head + 1 roll + 2 closeout, GORD 154, probe in-register, dual-gauge parse pass)
AC-R1844 final size: 75968 B, margin 2532 B under 78,500B gate; post-fold 72577 B
export refreshed: export_ts=2026-10-03T12:53:31+08:00 tick-row 1004, R184 result row appended, self_drive 54/35/2/9 zero-hardcode re-derived (pre stored register 56/35/2/10 == mechanical, zero drift), method note appended, BOM utf-8-sig parse-back PASS
heartbeat R1004 row appended
AC-R1845 backlog R1004 row closed with measured values (checkbox flipped, claim + done in one row, pre-registration honored)
AC-R1845 delivery: state log R1004 lines + backlog R1004 done row + commit contains P-2026-09-25-18 (P-51 protocol)
GORD companion note: canonical scan sha16 DB033ADBF4E8F55B new baseline, gord_new_rows=1 fleet order row (10-03 ~12:1x model-freshness charter order, dispatch face CPH4 lab lead + first-round receipt = per-model-family version baseline table <=10-04 12:00 sentinel) judged non-own-execution face -> acknowledged no action, last_gord_tbl_rows 153->154 updated with closeout. D-20260930-19 consumption steps derived pass: (1) decisions dispatch board zero new company rows (DEC 237 flat, 131 tokens), (2) group orders CEO-physicals zone zero change (bootstrap still blocked). O-013-4 daily duty covered by day-first round R961 (not re-scanned, anti-rescan law). Fold-round write set discipline: backlog + state.json + qa log + export + heartbeat only (git set: 5 files, logs/ gitignored disk-side double insurance).
