PASS AC-R2731 state BOM + trailing LF + no CR + roundtrip exact (disk 81255 B, gauge 81252 B)
PASS AC-R2731 pre-op disk byte-identical to git HEAD blob (sha16 47255DBD0693E8B1)
PASS AC-R2731 round-start tree face: only claim row (src/os/backlog.md) as pre-registered (self evidence artifact exempt)
PASS AC-R2731 backup logs/state-preop-R1192.bak byte-identical (81255 B)
PASS AC-R2731 calibration probe: export stored sd (4, 1, 1, 1) == live recount (4, 1, 1, 1) exactly (zero drift, marked-distinct caliber; R1170 closeout recount law)
PASS AC-R2732 window = [R272 rolling summary + R1191 pair] (3 lines); window tail = final log item (R1191 tokens)
PASS AC-R2732 window 3 lines = 13710 B content measure (probe-measured exact value)
PASS AC-R2732 removed-window banned-substring mechanical count = zero hits {idle-fast}
PASS AC-R2732 removed-window banned-substring mechanical count = zero hits {no-pullable}
PASS AC-R2732 removed-window banned-substring mechanical count = zero hits {nop}
PASS AC-R2732c cold-segment = six 2026-09-28 rolling-summary lines (log idx 047..052, 10405 B content), all dated outside recount window 2026-09-29..2026-10-05 (zero sd-face disturbance)
INFO cold-segment digest line composed 2288 B (outside recount window; carries honest historical idle-fast mentions per head-block precedent)
PASS AC-R2732 carried token catalog == 48 verbatim (R272 carry; first D-20260930-19 last P-51)
PASS AC-R2732 P/D catalog mechanical dedup == 48 carried + 0 newly registered (BD-PROP boundary guard) []
PASS AC-R2732 57-round score list mechanically derived (56 carried sum 38 + R1191=1 = 57 rounds sum 39)
PASS AC-R2732 new roll line banned three-family zero hits {'idle-fast' 'no-pullable' 'nop'}
PASS AC-R2732 new roll line matches recount caliber (paren-format date prefix, excluded from round-level count)
INFO new roll line composed 11485 B; carried R1135..R1190 notes verbatim from R272 roll + R1191 fresh note
INFO predicted post-fold gauge 70854B / disk 70857B (cold: removed 10453 B + added 2296 B; window: removed 13733 B + added 11492 B)
INFO predicted post-fold recount (2, 1, 1, 0) == prediction (pre (4, 1, 1, 1); removed 3 window lines, added 1 R273 roll line dated 10-05 inside window; cold merge outside window = zero recount effect)
PASS AC-R2732c preservation archive logs/state-log-archive-2026-10.md created: six lines verbatim in-file (mechanical substring verify), pure-additive, gitignored face
PASS state written atomically (tmp + os.replace, read-back verified)
PASS AC-R2733 top-level seven fields preserved (tick/log/last_order/last_decision_rows/benchmarks_refreshed/last_gord_tbl_rows/last_dec_tokens); log 57 -> 50 (window 3 -> 1 kept=0; cold 6 -> 1); head block items 000..046 verbatim; log item 47 = R273 cold-segment digest (2288 B); item 48 = 09-29 roll verbatim; item 49 = R273 rolling summary (11485 B)
PASS AC-R2734 post-fold measured 70854 bytes scan-gauge (disk 70857 B) == prediction; under the 78500B line by 7646 B
PASS AC-R2734 post-fold recount (2, 1, 1, 0) == prediction; re-read parses (tick 1191 preserved, log 50, roll + cold items intact); dual-parser face = json.loads green (PS ConvertFrom-Json runs at closeout)
ADJUDICATED R1191-closeout leftover line "FAIL[C] tick row anchor" (this round, three-path live evidence): export results tick anchor row found exactly once in HEAD~1 version (["1190", "OSLoop 执行 tick"], 459 rows) and in HEAD version (["1191", "OSLoop 执行 tick"], 460 rows), each equal to its era state tick; data face healthy, zero drift => FAIL line adjudicated as closeout-stage checker false-negative / stray marker, not a data defect; kept verbatim in qa/reorg-R1191.log per no-erase law; probe = logs/tmp_r1192_probe*.py + logs/tmp_r1192_r1190cmp.txt
NOTE AMEND transparent record: fold R273 first run (single-pair window [R272 roll + R1191 pair] only) predicted post gauge 78,792B over the 78,500B line by 292B; verify-then-write gate blocked before any state mutation; root cause = structural water-level creep ~350B/round (per-round closeout pair +2.8KB vs single-pair fold net -2.46KB, roll line fresh-note growth); amended per R1184 cold-segment precedent (+six 09-28 roll lines merge with triple-insurance preservation) and re-run single-lineage per R750 AMEND law
AC-R2735 PENDING receipt = state R273 rolling summary + R1192 log lines in register + commit message contains P-2026-09-25-18 (P-51 three-carrier rule)
SUITE PASS 5/5 pre-closeout (R2735 delivery leg verified at commit; post-closeout cross-verify by closeout stage)
NOTE dual-item round R1192 (R1191 isomorph + cold-segment leg): fold R273 + board knife cut-267; round score 1 = ledger maintenance mechanism file per Executive Protocol v1.1.
