R1565 fold R419 reorg evidence log
AC-R4191 PASS pre-op disk==HEAD byte-identical sha16 7A10B60692C311CD; backup logs/state-preop-R1565.bak written
AC-R4192 PASS archive pure-append prefix byte-identical; markers 143->144; 9 lines verbatim; 1852422B->1866149B
AC-R4193 PASS window 9 lines 13543B (R1446 content-sum caliber) -> 1 roll line kept=0; window tokens preserved verbatim in archive; catalog 128->129 (+1 P-2026-10-08-02)
AC-R4194 PASS verify-then-write predicted==actual: predicted 71164B == actual 71164B; post-fold 68587B; margin 7336B under 78500B gate
AC-R4195 PASS python json.loads pass: tick 1565, gord 135, log 24 items (30-9+1+2); PS parser check follows in shell
AC-R4196 PASS evidence this file qa/reorg-R1565.log
window lines folded (verbatim, archived):
  | 2026-10-08（R1557..R1560 滚窗并折摘要·R1557 滚窗行+R1557/R1558/R1559/R1560 四轮对 9 行 12892B（...
  | 2026-10-08 R1561 fold R418 水位整编+滚窗归并收账轮（R1560 承传注记兑现·轮首首测 78899B disk 越线 399B＝P-...
  | 2026-10-08 R1561 tokens: local=unmeasured api=0 api_reason=轮内零新增外部 API 触点（九面扫描只读...
  | 2026-10-08 R1562 waiting 一行声明收轮（轮计分 0=保护态豁免·九面扫描全 PASS/INFO 零变化承 R1561 判读同构〔间隔 ~...
  | 2026-10-08 R1562 tokens: local=unmeasured api=0 api_reason=轮内零新增外部 API 触点（九面扫描只读...
  | 2026-10-08 R1563 waiting 一行声明收轮（轮计分 0=保护态豁免·R1258/R1259/R1260 同型·九面扫描全 PASS/INFO...
  | 2026-10-08 R1563 tokens: local=unmeasured api=0 api_reason=轮内零新增外部 API 触点（九面扫描只读...
  | 2026-10-08 R1564 waiting 一行声明收轮（轮计分 0=保护态豁免·R1562/R1563 同型·九面扫描全 PASS/INFO 零变化承 ...
  | 2026-10-08 R1564 tokens: local=unmeasured api=0 api_reason=轮内零新增外部 API 触点（九面扫描只读...
post-fold state bytes: 68587; final closeout bytes: 71164; margin: 7336
R1565b intra-round second-scan amendment (R1253 precedent): two GORD rows landed mid-round
(P-2026-10-08-03 / P-2026-10-08-04, both CPH4+Biggame faces, zero BigDomain mention, knowledge-only)
-> +1 second-scan judgment line appended to state log; gord baseline 135->137; fold-line closeout
clause amended two-lines->three-lines; re-gate PASS: final 72556B margin 5944B under 78500B gate;
sd terminal recount (22,0,1,9); predicted==actual byte-exact.
