== R1734 fold R472 reorg evidence ==
pre-gauge: 80178B disk over 78500B line by 1678B (R1731 fold-closeout watermark carry; first-move gauge ruled fold R472)
--[1] fold dry-run (rc=0)--
{
  "mode": "dry-run",
  "round": "R1734",
  "fold_no": "472",
  "window_mode": "tail",
  "window_start": 21,
  "window_end": 29,
  "window_lines": 9,
  "window_content_bytes": 15050,
  "summary_head": "2026-10-10（R1731..R1733 滚窗并折摘要·fold R472 承 R1733 承传注记兑现·轮首首测",
  "preop_sha16": "ddc8851518787c60",
  "backup_path": "C:\\Users\\sjs20\\Desktop\\FluxGroup\\domain\\BigDomain\\logs\\state-preop-R1734.bak",
  "archive_file": "C:\\Users\\sjs20\\Desktop\\FluxGroup\\domain\\BigDomain\\logs\\state-log-archive-2026-10.md",
  "archive_header": "# --- R1734 fold append (2026-10-10, 9 lines verbatim: tail-9: R1726..R1730 roll line + R1731 fold closeout pair + R1732..R1733 two pairs, fold R472 window, pre-op sha16 ddc8851518787c60)",
  "state_path": "C:\\Users\\sjs20\\Desktop\\FluxGroup\\domain\\BigDomain\\src\\os\\state.json",
  "pre_bytes": 80178,
  "new_log_len": 21,
  "token_missing": [],
  "token_ok": true,
  "gate_ok": true,
  "predicted_bytes": 73346,
  "reserve_bytes": 3000,
  "gate": 78500,
  "would_fail": []
}
--[2] fold execute (rc=0)--
{
  "mode": "execute",
  "round": "R1734",
  "fold_no": "472",
  "window_mode": "tail",
  "window_start": 21,
  "window_end": 29,
  "window_lines": 9,
  "window_content_bytes": 15050,
  "summary_head": "2026-10-10（R1731..R1733 滚窗并折摘要·fold R472 承 R1733 承传注记兑现·轮首首测",
  "preop_sha16": "ddc8851518787c60",
  "backup_path": "C:\\Users\\sjs20\\Desktop\\FluxGroup\\domain\\BigDomain\\logs\\state-preop-R1734.bak",
  "archive_file": "C:\\Users\\sjs20\\Desktop\\FluxGroup\\domain\\BigDomain\\logs\\state-log-archive-2026-10.md",
  "archive_header": "# --- R1734 fold append (2026-10-10, 9 lines verbatim: tail-9: R1726..R1730 roll line + R1731 fold closeout pair + R1732..R1733 two pairs, fold R472 window, pre-op sha16 ddc8851518787c60)",
  "state_path": "C:\\Users\\sjs20\\Desktop\\FluxGroup\\domain\\BigDomain\\src\\os\\state.json",
  "pre_bytes": 80178,
  "new_log_len": 21,
  "token_missing": [],
  "token_ok": true,
  "gate_ok": true,
  "predicted_bytes": 73346,
  "reserve_bytes": 3000,
  "gate": 78500,
  "would_fail": [],
  "post_bytes": 73346,
  "predicted_eq_actual": true,
  "appendix_bytes": 15247,
  "archive_appended": true,
  "backup_written": true
}
--[3] post gauge--
{
  "state_path": "C:\\Users\\sjs20\\Desktop\\FluxGroup\\domain\\BigDomain\\src\\os\\state.json",
  "disk_bytes": 73346,
  "gate": 78500,
  "log_lines": 21,
  "log_content_bytes": 70626,
  "margin_bytes": 5154,
  "fold_needed": false,
  "tick": 1733
}
--[4] eol layout check--
{
  "file": "C:\\Users\\sjs20\\Desktop\\FluxGroup\\domain\\BigDomain\\src\\os\\state.json",
  "mode": "check",
  "bytes": 73346,
  "total_lf": 30,
  "crlf": 30,
  "bare_lf": 0,
  "lone_cr": 0,
  "ends_with_eol": false,
  "layout_ok": true,
  "log_block_found": true,
  "log_item_lines": 21,
  "indent16_lines": 21,
  "indent_anomaly": 0,
  "indent_ok": true
}
--[5] catalog post-hoc (roll line token zero-loss, window vs roll)--
{
  "window_lines": 9,
  "tokens_total": 224,
  "tokens": [
    "AC-14",
    "AC-AR1",
    "AC-AZ1",
    "AC-AZ6",
    "AC-AZ7",
    "AC-BF1",
    "AC-CP1",
    "AC-DK1",
    "AC-DS1",
    "AC-DS2",
    "AC-DS3",
    "AC-DS4",
    "AC-DS5",
    "AC-DS6",
    "AC-DS7",
    "AC-EC1",
    "AC-EC2",
    "AC-EC3",
    "AC-EC4",
    "AC-EC5",
    "AC-EC6",
    "AC-EC7",
    "AC-EO1",
    "AC-EO5",
    "AC-FE1",
    "AC-FI1",
    "AC-FS1",
    "AC-IL1",
    "AC-KR1",
    "AC-L2",
    "AC-LF1",
    "AC-LF3",
    "AC-LM1",
    "AC-LM10",
    "AC-LM11",
    "AC-LM2",
    "AC-LM3",
    "AC-LM4",
    "AC-LM5",
    "AC-LM6",
    "AC-LM7",
    "AC-LM8",
    "AC-LM9",
    "AC-LN1",
    "AC-LN4",
    "AC-LT1",
    "AC-LT15",
    "AC-LT20",
    "AC-LT4",
    "AC-LT8",
    "AC-MT",
    "AC-MX1",
    "AC-NW1",
    "AC-NW2",
    "AC-NW5",
    "AC-OS1",
    "AC-OS2",
    "AC-OS3",
    "AC-OS4",
    "AC-OS5",
    "AC-PD1",
    "AC-PN1",
    "AC-PN3",
    "AC-PW1",
    "AC-R3061",
    "AC-R4371",
    "AC-R4491",
    "AC-R4501",
    "AC-R4502",
    "AC-R4503",
    "AC-R4504",
    "AC-R4505",
    "AC-R4506",
    "AC-R4511",
    "AC-R4512",
    "AC-R4513",
    "AC-R4514",
    "AC-R4515",
    "AC-R4516",
    "AC-R4521",
    "AC-R4522",
    "AC-R4523",
    "AC-R4524",
    "AC-R4525",
    "AC-R4526",
    "AC-R4531",
    "AC-R4541",
    "AC-R4561",
    "AC-R4571",
    "AC-R4581",
    "AC-R4591",
    "AC-R4601",
    "AC-R4611",
    "AC-R4621",
    "AC-R4631",
    "AC-R4641",
    "AC-R4651",
    "AC-R4661",
    "AC-R4671",
    "AC-R4681",
    "AC-R4691",
    "AC-R4701",
    "AC-R4711",
    "AC-RB1",
    "AC-RC",
    "AC-RC1",
    "AC-RD1",
    "AC-RJ1",
    "AC-RJW1",
    "AC-RK1",
    "AC-RP1",
    "AC-RR1",
    "AC-RR2",
    "AC-RR3",
    "AC-RR6",
    "AC-RT1",
    "AC-RT2",
    "AC-S8",
    "AC-S8c",
    "AC-S8d",
    "AC-S8e",
    "AC-SB",
    "AC-SB1",
    "AC-SB2",
    "AC-SB3",
    "AC-SB4",
    "AC-SB5",
    "AC-SB6",
    "AC-SB7",
    "AC-SC13",
    "AC-SM1",
    "AC-SR1",
    "AC-SR6",
    "AC-TIE",
    "AC-TIE1",
    "AC-TIE2",
    "AC-TIE3",
    "AC-TIE4",
    "AC-TIE5",
    "AC-TM1",
    "AC-U1",
    "AC-UKF1",
    "AC-UL1",
    "AC-UL6",
    "AC-UW1",
    "AC-V3W1",
    "AC-V3W6",
    "AC-WC1",
    "AC-WC2",
    "AC-WC3",
    "AC-WC4",
    "AC-WSR1",
    "AC-Y2",
    "AC-Y9",
    "BD-PROP-002",
    "BD-PROP-003",
    "C-20260929",
    "C-20261008-05",
    "C-20261008-06",
    "C-20261009-02",
    "C-20261009-03",
    "C-20261009-04",
    "C-20261010-01",
    "D-20260909-05",
    "D-20260930-19",
    "D-20260930-20",
    "D-20261003-02",
    "D-20261010-01",
    "D-20261010-02",
    "D-20261010-03",
    "D-20261010-04",
    "D-20261010-05",
    "D-20261010-06",
    "D-20261010-07",
    "D-20261010-08",
    "D-20261010-09",
    "D-20261010-10",
    "O-015",
    "O-2026-0928-015",
    "O-20261009-1227",
    "O-20261009-1246",
    "O-20261009-1257",
    "O-20261009-1315",
    "O-20261009-1430",
    "O-20261009-1715",
    "O-20261009-1740",
    "O-20261009-1746",
    "O-20261009-1750",
    "O-20261009-1755",
    "O-20261009-1815",
    "O-20261009-1830",
    "O-20261009-1845",
    "O-20261009-1915",
    "O-20261009-2150",
    "O-20261009-2336",
    "O-20261009-2340",
    "O-20261010-0025",
    "O-20261010-0035",
    "O-20261010-0040",
    "O-20261010-1210",
    "O-20261010-1225",
    "O-20261010-1230",
    "O-20261010-1240",
    "O-20261010-1245",
    "O-LIVE-TIE",
    "OH-20260909",
    "OH-20260909-cph4",
    "OH-20260929-bigstream",
    "OH-20261008",
    "OH-20261008-bigcompute",
    "OH-20261009",
    "OH-20261009-cph4",
    "OH-20261010",
    "OH-20261010-cph4",
    "P-2026-09-25-18",
    "P-2026-10-08-01",
    "P-2026-10-08-17",
    "P-32",
    "P-47",
    "P-56",
    "P-74",
    "R-20260928-bigdomain-belonging-economy",
    "R-free",
    "T-CLEAN"
  ],
  "missing_in_roll": [],
  "pass": true
}
--[6] census (archive reverse reconciliation, rc=0)--
{
  "files": {
    "2026-09": {
      "path": "C:\\Users\\sjs20\\Desktop\\FluxGroup\\domain\\BigDomain\\logs\\state-log-archive-2026-09.md",
      "bytes": 16565173,
      "sections": 192
    },
    "2026-10": {
      "path": "C:\\Users\\sjs20\\Desktop\\FluxGroup\\domain\\BigDomain\\logs\\state-log-archive-2026-10.md",
      "bytes": 2660165,
      "sections": 197
    }
  },
  "sections_total": 389,
  "section_line_mismatches": [
    {
      "round": "R1317",
      "file": "2026-10",
      "declared": 7,
      "actual": 8,
      "adjudicated": true,
      "reason": "R1314 window line was split into two physical lines at archive write (573+1196 chars, one logical line) - pre-fix line-layer splice-defect era artifact (R1257/R1303/R1312 family; the fragment itself cites the same-type repair). Content byte-preserved, zero data loss. Evidence: qa/logs-census-R1688.log section 2c probe."
    }
  ],
  "pointer_lines": [
    {
      "head": "2026-09-25（R1..R162 冷段并折摘要·09-24/25 两日汇总行+0B 空行三行 3268B 压 1 ",
      "pointers": [
        "R1232"
      ],
      "file_refs": [
        "2026-09"
      ],
      "dangling": [],
      "not_embedded": {
        "R1232": [
          "AC-FD30a",
          "AC-K273a",
          "AC-K279b",
          "AC-K284a",
          "AC-K285a",
          "AC-K286a",
          "AC-K287a",
          "AC-K288a",
          "AC-K289a",
          "AC-K290a",
          "AC-R2801",
          "AC-R2811",
          "AC-R2921",
          "AC-R2931",
          "AC-R2941",
          "AC-R2951",
          "AC-R2961",
          "AC-R2971",
          "AC-R2981",
          "AC-R2991",
          "AC-R3001",
          "BD-PROP-001",
          "BD-PROP-002",
          "D-01",
          "D-02",
          "D-03",
          "D-04",
          "D-05",
          "D-06",
          "D-07",
          "D-08",
          "D-09",
          "D-0929-03",
          "D-10",
          "D-11",
          "D-19",
          "D-20260927-03",
          "D-20260929-03",
          "D-20260930-03",
          "D-20260930-05",
          "D-20260930-06",
          "D-20260930-18",
          "D-20260930-19",
          "D-20260930-20",
          "D-20261001-03",
          "D-20261002-08",
          "D-20261003-02",
          "D-20261004-01",
          "D-20261004-02",
          "D-20261004-03",
          "D-20261004-04",
          "D-20261004-05",
          "D-20261004-06",
          "D-20261005-01",
          "D-20261005-06",
          "D-20261005-11",
          "O-013",
          "O-027",
          "O-029",
          "O-2026-0929-013",
          "O-2026-0930-013",
          "O-2026-0930-027",
          "O-2026-0930-028",
          "O-2026-0930-029",
          "O-2026-0930-030",
          "O-20261004-2255",
          "O-20261004-2300",
          "OH-20261005",
          "P-001",
          "P-002",
          "P-02",
          "P-2026-09-25-18",
          "P-2026-09-26-04",
          "P-2026-09-26-08",
          "P-2026-09-27-03",
          "P-2026-09-27-07",
          "P-2026-09-28-01",
          "P-2026-09-29-06",
          "P-2026-10-02-09",
          "P-2026-10-03-01",
          "P-2026-10-03-02",
          "P-2026-10-04-01",
          "P-2026-10-04-02",
          "P-2026-10-05-01",
          "P-32",
          "P-51",
          "P-56",
          "P-74",
          "T-ADOPTED"
        ]
      },
      "roll_native": []
    },
    {
      "head": "2026-09-26（R163..R264 冷段并折摘要·09-25/26 六行 4625B 压 1 行｛R1234 f",
      "pointers": [
        "R1234"
      ],
      "file_refs": [
        "2026-09"
      ],
      "dangling": [],
      "not_embedded": {
        "R1234": [
          "AC-FD30a",
          "AC-K273a",
          "AC-K279b",
          "AC-K284a",
          "AC-K285a",
          "AC-K286a",
          "AC-K287a",
          "AC-K288a",
          "AC-K289a",
          "AC-K290a",
          "AC-R2801",
          "AC-R2811",
          "AC-R2921",
          "AC-R2931",
          "AC-R2941",
          "AC-R2951",
          "AC-R2961",
          "AC-R2971",
          "AC-R2981",
          "AC-R2991",
          "AC-R3001",
          "AC-R3011",
          "BD-PROP-001",
          "BD-PROP-002",
          "D-05",
          "D-06",
          "D-08",
          "D-09",
          "D-0929-03",
          "D-10",
          "D-11",
          "D-19",
          "D-20260927-03",
          "D-20260929-03",
          "D-20260930-03",
          "D-20260930-05",
          "D-20260930-06",
          "D-20260930-18",
          "D-20260930-19",
          "D-20260930-20",
          "D-20261001-03",
          "D-20261002-08",
          "D-20261003-02",
          "D-20261004-01",
          "D-20261004-02",
          "D-20261004-03",
          "D-20261004-04",
          "D-20261004-05",
          "D-20261004-06",
          "D-20261005-01",
          "D-20261005-06",
          "D-20261005-11",
          "O-013",
          "O-027",
          "O-029",
          "O-2026-0929-013",
          "O-2026-0930-013",
          "O-2026-0930-027",
          "O-2026-0930-028",
          "O-2026-0930-029",
          "O-2026-0930-030",
          "O-20261004-2255",
          "O-20261004-2300",
          "OH-20261005",
          "OH-20261005-bigdomain",
          "OH-20261005-bigmoney",
          "P-001",
          "P-002",
          "P-02",
          "P-2026-09-26-04",
          "P-2026-09-26-08",
          "P-2026-09-27-03",
          "P-2026-09-27-07",
          "P-2026-09-28-01",
          "P-2026-09-29-06",
          "P-2026-10-02-09",
          "P-2026-10-03-01",
          "P-2026-10-03-02",
          "P-2026-10-04-01",
          "P-2026-10-04-02",
          "P-2026-10-05-01",
          "P-51",
          "P-56",
          "T-ADOPTED"
        ]
      },
      "roll_native": []
    },
    {
      "head": "2026-09-26/27（R265..R460 冷段并折摘要·32 行 37173B 压 1 行｛R1237 fold",
      "pointers": [
        "R1237"
      ],
      "file_refs": [],
      "dangling": [],
      "not_embedded": {
        "R1237": [
          "AC-BK1",
          "AC-BR1",
          "AC-BRp1",
          "AC-CS1",
          "AC-EX1",
          "AC-FR1",
          "AC-GF1",
          "AC-K13a",
          "AC-K14a",
          "AC-M2a",
          "AC-M4a",
          "AC-MS1",
          "AC-OG1",
          "AC-PC1",
          "AC-R101",
          "AC-R111",
          "AC-R121",
          "AC-R131",
          "AC-R141",
          "AC-R151",
          "AC-R161",
          "AC-R171",
          "AC-R181",
          "AC-R212b",
          "AC-R214",
          "AC-R31",
          "AC-R41",
          "AC-R51",
          "AC-R61",
          "AC-R71",
          "AC-R81",
          "AC-R91",
          "AC-RD1",
          "AC-RF1",
          "AC-SD1a",
          "AC-SD2a",
          "AC-SD3a",
          "AC-SS1",
          "R-20260926-cold-start-strategy",
          "R-20260926-launch-ops-rehearsal",
          "R-20260927-venue-flow-benchmark"
        ]
      },
      "roll_native": []
    },
    {
      "head": "2026-10-05（R1135..R1233 窗口·R302 整编第三百零二刀压窗ｻR1233 收账承传注记「收账后水",
      "pointers": [
        "R1205",
        "R1206",
        "R1209",
        "R1210",
        "R1211",
        "R1212",
        "R1213",
        "R1214",
        "R468",
        "R474",
        "R477",
        "R1192",
        "R1220",
        "R1220",
        "R545",
        "R601",
        "R1215",
        "R1220",
        "R1221",
        "R1222",
        "R1224",
        "R1227",
        "R1230",
        "R1230"
      ],
      "file_refs": [],
      "dangling": [
        "R1192",
        "R601"
      ],
      "not_embedded": {
        "R1205": [
          "AC-K271a",
          "AC-R2791",
          "OH-20261005-cph4"
        ],
        "R1206": [
          "AC-K272a",
          "OH-20261005-cph4"
        ],
        "R1209": [
          "AC-K274a",
          "AC-R2821",
          "OH-20261005-cph4"
        ],
        "R1210": [
          "AC-K275a",
          "AC-R2831",
          "OH-20261005-cph4"
        ],
        "R1211": [
          "AC-K276a",
          "AC-R2841",
          "OH-20261005-cph4"
        ],
        "R1212": [
          "AC-K277a",
          "AC-R2851",
          "OH-20261005-cph4"
        ],
        "R1213": [
          "AC-K278a",
          "AC-R2861",
          "OH-20261005-cph4"
        ],
        "R1214": [
          "AC-K278b",
          "AC-K279a",
          "AC-R2871",
          "OH-20261005-cph4"
        ],
        "R468": [
          "AC-BK1",
          "AC-BR1",
          "AC-BRp1",
          "AC-CS1",
          "AC-D03",
          "AC-EX1",
          "AC-FR1",
          "AC-GF1",
          "AC-J1",
          "AC-K1",
          "AC-K13a",
          "AC-K14a",
          "AC-K15a",
          "AC-K16a",
          "AC-L11",
          "AC-M2a",
          "AC-M4a",
          "AC-MS1",
          "AC-OG1",
          "AC-PC1",
          "AC-R1",
          "AC-R101",
          "AC-R111",
          "AC-R121",
          "AC-R131",
          "AC-R141",
          "AC-R151",
          "AC-R161",
          "AC-R171",
          "AC-R181",
          "AC-R31",
          "AC-R41",
          "AC-R51",
          "AC-R61",
          "AC-R71",
          "AC-R81",
          "AC-R91",
          "AC-RD1",
          "AC-RF1",
          "AC-S1",
          "AC-SD1a",
          "AC-SD2a",
          "AC-SD3a",
          "AC-SS1",
          "AC-T1",
          "AC-T2",
          "AC-Y7",
          "BD-SD1",
          "BD-SD2",
          "BD-SD3",
          "C-01",
          "C-20260927-01",
          "D-1",
          "D-20260924-02",
          "D-20260924-08",
          "D-20260925-01",
          "D-20260925-03",
          "D-20260925-07",
          "D-20260926-01",
          "D-20260926-04",
          "D-20260926-05",
          "D-20260926-11",
          "D-20260927-01",
          "D-20260927-02",
          "D-20260927-04",
          "D-20260927-05",
          "D-20260927-06",
          "D-20260927-08",
          "D-7",
          "P-04",
          "P-05",
          "P-06",
          "P-07",
          "P-08",
          "P-09",
          "P-10",
          "P-13",
          "P-15",
          "P-16",
          "P-17",
          "P-18",
          "P-19",
          "P-2026-09-2",
          "P-2026-09-24-56",
          "P-2026-09-24-65",
          "P-2026-09-24-76",
          "P-2026-09-24-82",
          "P-2026-09-25",
          "P-2026-09-25-01",
          "P-2026-09-25-02",
          "P-2026-09-25-04",
          "P-2026-09-25-05",
          "P-2026-09-25-09",
          "P-2026-09-25-1",
          "P-2026-09-25-10",
          "P-2026-09-25-12",
          "P-2026-09-25-17",
          "P-2026-09-26",
          "P-2026-09-26-01",
          "P-2026-09-26-03",
          "P-2026-09-26-05",
          "P-2026-09-26-09",
          "P-2026-09-26-10",
          "P-2026-09-26-18",
          "P-2026-09-26-19",
          "P-2026-09-27-01",
          "P-2026-09-27-02",
          "P-2026-09-27-06",
          "P-2026-10",
          "P-20260927-02",
          "P-35",
          "P-42",
          "P-47",
          "P-47-3c",
          "P-52",
          "P-53",
          "P-61",
          "P-62",
          "P-65",
          "P-66",
          "P-67",
          "P-67-D1",
          "P-68",
          "P-70",
          "P-76",
          "P-77",
          "R-20260926-cold-start-strategy",
          "R-20260926-launch-ops-rehearsal",
          "R-20260927-venue-flow-benchmark"
        ],
        "R474": [
          "AC-BK1",
          "AC-BR1",
          "AC-BRp1",
          "AC-CS1",
          "AC-D03",
          "AC-EX1",
          "AC-FR1",
          "AC-GF1",
          "AC-J1",
          "AC-K1",
          "AC-K13a",
          "AC-K14a",
          "AC-K15a",
          "AC-K16a",
          "AC-L11",
          "AC-M2a",
          "AC-M4a",
          "AC-MS1",
          "AC-OG1",
          "AC-PC1",
          "AC-R1",
          "AC-R101",
          "AC-R111",
          "AC-R121",
          "AC-R131",
          "AC-R141",
          "AC-R151",
          "AC-R161",
          "AC-R171",
          "AC-R181",
          "AC-R191",
          "AC-R31",
          "AC-R41",
          "AC-R51",
          "AC-R61",
          "AC-R71",
          "AC-R81",
          "AC-R91",
          "AC-RD1",
          "AC-RF1",
          "AC-S1",
          "AC-SD1a",
          "AC-SD2a",
          "AC-SD3a",
          "AC-SS1",
          "AC-T1",
          "AC-T2",
          "AC-Y7",
          "BD-SD1",
          "BD-SD2",
          "BD-SD3",
          "C-01",
          "C-20260927-01",
          "D-1",
          "D-20260924-02",
          "D-20260924-08",
          "D-20260925-01",
          "D-20260925-03",
          "D-20260925-07",
          "D-20260926-01",
          "D-20260926-04",
          "D-20260926-05",
          "D-20260926-11",
          "D-20260927-01",
          "D-20260927-02",
          "D-20260927-04",
          "D-20260927-05",
          "D-20260927-06",
          "D-20260927-08",
          "D-7",
          "P-04",
          "P-05",
          "P-06",
          "P-07",
          "P-08",
          "P-09",
          "P-10",
          "P-13",
          "P-15",
          "P-16",
          "P-17",
          "P-18",
          "P-19",
          "P-2026-09-2",
          "P-2026-09-24-56",
          "P-2026-09-24-65",
          "P-2026-09-24-76",
          "P-2026-09-24-82",
          "P-2026-09-25",
          "P-2026-09-25-01",
          "P-2026-09-25-02",
          "P-2026-09-25-04",
          "P-2026-09-25-05",
          "P-2026-09-25-09",
          "P-2026-09-25-1",
          "P-2026-09-25-10",
          "P-2026-09-25-12",
          "P-2026-09-25-17",
          "P-2026-09-26",
          "P-2026-09-26-01",
          "P-2026-09-26-03",
          "P-2026-09-26-05",
          "P-2026-09-26-09",
          "P-2026-09-26-10",
          "P-2026-09-26-18",
          "P-2026-09-26-19",
          "P-2026-09-27-01",
          "P-2026-09-27-02",
          "P-2026-09-27-06",
          "P-2026-10",
          "P-20260927-02",
          "P-35",
          "P-42",
          "P-47",
          "P-47-3c",
          "P-52",
          "P-53",
          "P-61",
          "P-62",
          "P-65",
          "P-66",
          "P-67",
          "P-67-D1",
          "P-68",
          "P-70",
          "P-76",
          "P-77",
          "R-20260926-cold-start-strategy",
          "R-20260926-launch-ops-rehearsal",
          "R-20260927-venue-flow-benchmark"
        ],
        "R477": [
          "AC-BK1",
          "AC-BR1",
          "AC-BRp1",
          "AC-CS1",
          "AC-D03",
          "AC-EX1",
          "AC-FR1",
          "AC-GF1",
          "AC-J1",
          "AC-K1",
          "AC-K13a",
          "AC-K14a",
          "AC-K15a",
          "AC-K16a",
          "AC-K17a",
          "AC-L11",
          "AC-M2a",
          "AC-M4a",
          "AC-MS1",
          "AC-OG1",
          "AC-PC1",
          "AC-R1",
          "AC-R101",
          "AC-R111",
          "AC-R121",
          "AC-R131",
          "AC-R141",
          "AC-R151",
          "AC-R161",
          "AC-R171",
          "AC-R181",
          "AC-R191",
          "AC-R201",
          "AC-R31",
          "AC-R41",
          "AC-R51",
          "AC-R61",
          "AC-R71",
          "AC-R81",
          "AC-R91",
          "AC-RD1",
          "AC-RF1",
          "AC-S1",
          "AC-SD1a",
          "AC-SD2a",
          "AC-SD3a",
          "AC-SS1",
          "AC-T1",
          "AC-T2",
          "AC-Y7",
          "BD-SD1",
          "BD-SD2",
          "BD-SD3",
          "C-01",
          "C-20260927-01",
          "D-1",
          "D-20260924-02",
          "D-20260924-08",
          "D-20260925-01",
          "D-20260925-03",
          "D-20260925-07",
          "D-20260926-01",
          "D-20260926-04",
          "D-20260926-05",
          "D-20260926-11",
          "D-20260927-01",
          "D-20260927-02",
          "D-20260927-04",
          "D-20260927-05",
          "D-20260927-06",
          "D-20260927-08",
          "D-7",
          "P-04",
          "P-05",
          "P-06",
          "P-07",
          "P-08",
          "P-09",
          "P-10",
          "P-13",
          "P-15",
          "P-16",
          "P-17",
          "P-18",
          "P-19",
          "P-2026-09-2",
          "P-2026-09-24-56",
          "P-2026-09-24-65",
          "P-2026-09-24-76",
          "P-2026-09-24-82",
          "P-2026-09-25",
          "P-2026-09-25-01",
          "P-2026-09-25-02",
          "P-2026-09-25-04",
          "P-2026-09-25-05",
          "P-2026-09-25-09",
          "P-2026-09-25-1",
          "P-2026-09-25-10",
          "P-2026-09-25-12",
          "P-2026-09-25-17",
          "P-2026-09-26",
          "P-2026-09-26-01",
          "P-2026-09-26-03",
          "P-2026-09-26-05",
          "P-2026-09-26-09",
          "P-2026-09-26-10",
          "P-2026-09-26-18",
          "P-2026-09-26-19",
          "P-2026-09-27-01",
          "P-2026-09-27-02",
          "P-2026-09-27-06",
          "P-2026-10",
          "P-20260927-02",
          "P-35",
          "P-42",
          "P-47",
          "P-47-3c",
          "P-52",
          "P-53",
          "P-61",
          "P-62",
          "P-65",
          "P-66",
          "P-67",
          "P-67-D1",
          "P-68",
          "P-70",
          "P-76",
          "P-77",
          "R-20260926-cold-start-strategy",
          "R-20260926-launch-ops-rehearsal",
          "R-20260927-venue-flow-benchmark"
        ],
        "R1220": [
          "C-20260927-01",
          "O-015",
          "O-017",
          "OH-20261005-cph4",
          "T-20260928-02"
        ],
        "R545": [
          "AC-BK1",
          "AC-BR1",
          "AC-BRp1",
          "AC-CS1",
          "AC-D03",
          "AC-EX1",
          "AC-FR1",
          "AC-GF1",
          "AC-J1",
          "AC-K1",
          "AC-K13a",
          "AC-K14a",
          "AC-K15a",
          "AC-K16a",
          "AC-K17a",
          "AC-K18a",
          "AC-K19a",
          "AC-K20a",
          "AC-K26a",
          "AC-K31a",
          "AC-L11",
          "AC-M2a",
          "AC-M4a",
          "AC-MS1",
          "AC-O1",
          "AC-OG1",
          "AC-PC1",
          "AC-QA1",
          "AC-R1",
          "AC-R101",
          "AC-R111",
          "AC-R121",
          "AC-R131",
          "AC-R141",
          "AC-R151",
          "AC-R161",
          "AC-R171",
          "AC-R181",
          "AC-R191",
          "AC-R201",
          "AC-R211",
          "AC-R212b",
          "AC-R214",
          "AC-R221",
          "AC-R231",
          "AC-R291",
          "AC-R301",
          "AC-R31",
          "AC-R321",
          "AC-R41",
          "AC-R51",
          "AC-R61",
          "AC-R71",
          "AC-R81",
          "AC-R91",
          "AC-RD1",
          "AC-RF1",
          "AC-S1",
          "AC-SD1a",
          "AC-SD2a",
          "AC-SD3a",
          "AC-SS1",
          "AC-T1",
          "AC-T2",
          "AC-V21a",
          "AC-Y7",
          "BD-SD1",
          "BD-SD2",
          "BD-SD3",
          "C-01",
          "C-20260927-01",
          "C-20260927-02",
          "C-20260928-02",
          "D-1",
          "D-20260924-02",
          "D-20260924-08",
          "D-20260925-01",
          "D-20260925-03",
          "D-20260925-07",
          "D-20260926-01",
          "D-20260926-04",
          "D-20260926-05",
          "D-20260926-11",
          "D-20260927-01",
          "D-20260927-02",
          "D-20260927-04",
          "D-20260927-05",
          "D-20260927-06",
          "D-20260927-08",
          "D-7",
          "O-2026-0928-015",
          "O-2026-0928-017",
          "O-20260928-1820",
          "O-2175",
          "OH-20260926-bigdomain",
          "P-04",
          "P-05",
          "P-06",
          "P-07",
          "P-08",
          "P-09",
          "P-10",
          "P-13",
          "P-15",
          "P-16",
          "P-17",
          "P-18",
          "P-19",
          "P-2026-09-2",
          "P-2026-09-24-56",
          "P-2026-09-24-65",
          "P-2026-09-24-76",
          "P-2026-09-24-82",
          "P-2026-09-25",
          "P-2026-09-25-01",
          "P-2026-09-25-02",
          "P-2026-09-25-04",
          "P-2026-09-25-05",
          "P-2026-09-25-06",
          "P-2026-09-25-09",
          "P-2026-09-25-1",
          "P-2026-09-25-10",
          "P-2026-09-25-12",
          "P-2026-09-25-17",
          "P-2026-09-26",
          "P-2026-09-26-01",
          "P-2026-09-26-03",
          "P-2026-09-26-05",
          "P-2026-09-26-09",
          "P-2026-09-26-10",
          "P-2026-09-26-18",
          "P-2026-09-26-19",
          "P-2026-09-27-01",
          "P-2026-09-27-02",
          "P-2026-09-27-06",
          "P-2026-09-28-02",
          "P-2026-09-28-07",
          "P-2026-10",
          "P-20260927-02",
          "P-35",
          "P-42",
          "P-47",
          "P-47-3c",
          "P-52",
          "P-53",
          "P-61",
          "P-62",
          "P-65",
          "P-66",
          "P-67",
          "P-67-D1",
          "P-68",
          "P-70",
          "P-76",
          "P-77",
          "R-20260926-cold-start-strategy",
          "R-20260926-launch-ops-rehearsal",
          "R-20260927-venue-flow-benchmark",
          "R-20260928-bonsai-bd-trial",
          "T-20260928-02"
        ],
        "R1215": [
          "AC-IG1",
          "AC-K280a",
          "AC-K31a",
          "AC-OH6",
          "AC-PR1",
          "AC-R2881",
          "AC-R321",
          "AC-R461",
          "AC-V3R1",
          "C-20260928-02",
          "OH-20260929-bigdomain",
          "OH-20261005-cph4"
        ],
        "R1221": [
          "OH-20261005-cph4"
        ],
        "R1222": [
          "AC-K17a",
          "AC-R201",
          "AC-R211",
          "AC-R212b",
          "T-20260928-02"
        ],
        "R1224": [
          "AC-K16a",
          "AC-R191",
          "AC-R201"
        ]
      },
      "roll_native": [
        "AC-K290a",
        "AC-R3001",
        "AC-R3011"
      ]
    },
    {
      "head": "2026-10-05 R1234 fold R302 水位整编+冷段并折收账（R1233 承传注记兑现·轮首首测 794",
      "pointers": [
        "R1234"
      ],
      "file_refs": [],
      "dangling": [],
      "not_embedded": {
        "R1234": [
          "AC-FD30a",
          "AC-K273a",
          "AC-K279b",
          "AC-K284a",
          "AC-K285a",
          "AC-K286a",
          "AC-K287a",
          "AC-K288a",
          "AC-K289a",
          "AC-K290a",
          "AC-R2801",
          "AC-R2811",
          "AC-R2921",
          "AC-R2931",
          "AC-R2941",
          "AC-R2951",
          "AC-R2961",
          "AC-R2971",
          "AC-R2981",
          "AC-R2991",
          "AC-R3001",
          "AC-R3011",
          "D-01",
          "D-02",
          "D-03",
          "D-04",
          "D-05",
          "D-06",
          "D-07",
          "D-08",
          "D-09",
          "D-0929-03",
          "D-10",
          "D-11",
          "D-19",
          "D-20260927-03",
          "D-20260929-03",
          "D-20260930-03",
          "D-20260930-05",
          "D-20260930-06",
          "D-20260930-18",
          "D-20260930-19",
          "D-20260930-20",
          "D-20261001-03",
          "D-20261002-08",
          "D-20261003-02",
          "D-20261004-01",
          "D-20261004-02",
          "D-20261004-03",
          "D-20261004-04",
          "D-20261004-05",
          "D-20261004-06",
          "D-20261005-01",
          "D-20261005-06",
          "D-20261005-11",
          "O-013",
          "O-027",
          "O-029",
          "O-2026-0929-013",
          "O-2026-0930-027",
          "O-2026-0930-028",
          "O-2026-0930-029",
          "O-2026-0930-030",
          "O-20261004-2255",
          "O-20261004-2300",
          "OH-20261005",
          "OH-20261005-bigdomain",
          "OH-20261005-bigmoney",
          "P-001",
          "P-002",
          "P-02",
          "P-2026-09-26-04",
          "P-2026-09-26-08",
          "P-2026-09-27-03",
          "P-2026-09-27-07",
          "P-2026-09-28-01",
          "P-2026-09-29-06",
          "P-2026-10-02-09",
          "P-2026-10-03-01",
          "P-2026-10-03-02",
          "P-2026-10-04-01",
          "P-2026-10-04-02",
          "P-2026-10-05-01",
          "P-51",
          "P-56",
          "P-74",
          "T-ADOPTED"
        ]
      },
      "roll_native": [
        "AC-R3021"
      ]
    },
    {
      "head": "2026-10-05（R1235..R1250 冷段并折摘要·十六轮对 32 行 40279B 压 1 行｛R1184/",
      "pointers": [
        "R1251",
        "R1237"
      ],
      "file_refs": [],
      "dangling": [],
      "not_embedded": {
        "R1251": [
          "OH-20261005"
        ],
        "R1237": [
          "AC-BK1",
          "AC-BR1",
          "AC-BRp1",
          "AC-CS1",
          "AC-EX1",
          "AC-FR1",
          "AC-GF1",
          "AC-K13a",
          "AC-K14a",
          "AC-M2a",
          "AC-M4a",
          "AC-MS1",
          "AC-OG1",
          "AC-PC1",
          "AC-R101",
          "AC-R111",
          "AC-R121",
          "AC-R131",
          "AC-R141",
          "AC-R151",
          "AC-R161",
          "AC-R171",
          "AC-R181",
          "AC-R212b",
          "AC-R214",
          "AC-R31",
          "AC-R41",
          "AC-R51",
          "AC-R61",
          "AC-R71",
          "AC-R81",
          "AC-R91",
          "AC-RD1",
          "AC-RF1",
          "AC-SD1a",
          "AC-SD2a",
          "AC-SD3a",
          "AC-SS1",
          "BD-SD1",
          "BD-SD2",
          "BD-SD3",
          "C-01",
          "C-20260927-01",
          "D-01",
          "D-05",
          "D-06",
          "D-07",
          "D-08",
          "D-09",
          "D-1",
          "D-10",
          "D-11",
          "D-20260924-08",
          "D-20260926-04",
          "D-20260926-05",
          "D-20260926-11",
          "D-20260927-01",
          "D-20260927-02",
          "D-20260927-03",
          "D-20260927-04",
          "D-20260927-05",
          "D-20260927-06",
          "D-20260927-08",
          "D-7",
          "P-04",
          "P-05",
          "P-06",
          "P-07",
          "P-08",
          "P-09",
          "P-10",
          "P-18",
          "P-2026-09-24-56",
          "P-2026-09-24-65",
          "P-2026-09-24-76",
          "P-2026-09-26-01",
          "P-2026-09-26-03",
          "P-2026-09-26-04",
          "P-2026-09-26-05",
          "P-2026-09-26-08",
          "P-2026-09-26-09",
          "P-2026-09-26-10",
          "P-2026-09-26-18",
          "P-2026-09-26-19",
          "P-2026-09-27-01",
          "P-2026-09-27-02",
          "P-2026-09-27-03",
          "P-2026-09-27-06",
          "P-2026-09-27-07",
          "P-20260927-02",
          "P-35",
          "P-47",
          "P-47-3c",
          "P-51",
          "P-56",
          "P-65",
          "P-74",
          "R-20260926-cold-start-strategy",
          "R-20260926-launch-ops-rehearsal",
          "R-20260927-venue-flow-benchmark"
        ]
      },
      "roll_native": []
    },
    {
      "head": "2026-10-05 R1251 fold R304 水位整编+冷段并折收账（R1250 承传注记兑现·轮首首测 801",
      "pointers": [
        "R1251"
      ],
      "file_refs": [],
      "dangling": [],
      "not_embedded": {
        "R1251": [
          "AC-OH21",
          "AC-R3031",
          "D-20261005-05",
          "OH-20261004-cph4",
          "OH-20261005",
          "OH-20261005-bigdomain",
          "OH-20261008-bigdomain",
          "T-ADOPTED"
        ]
      },
      "roll_native": [
        "AC-R3041"
      ]
    },
    {
      "head": "2026-10-06（R1255..R1265 冷段并折摘要·十一轮对 22 行 23699B 压 1 行｛R1234/",
      "pointers": [
        "R1266"
      ],
      "file_refs": [],
      "dangling": [],
      "not_embedded": {},
      "roll_native": [
        "BD-PROP-002"
      ]
    },
    {
      "head": "2026-10-06 R1266 fold R305 水位整编+冷段并折收账（R1265 承传注记兑现·轮首首测 800",
      "pointers": [
        "R1266"
      ],
      "file_refs": [],
      "dangling": [],
      "not_embedded": {
        "R1266": [
          "D-20260929-03"
        ]
      },
      "roll_native": [
        "AC-R3051",
        "BD-PROP-002",
        "P-2026-09-25-18",
        "P-2026-09-29-13",
        "P-2026-10-05-01",
        "P-2026-10-05-03"
      ]
    },
    {
      "head": "2026-10-06（R1267..R1274 冷段并折摘要·八轮对 16 行 17173B 压 1 行ｻR1234/R",
      "pointers": [
        "R1275"
      ],
      "file_refs": [],
      "dangling": [],
      "not_embedded": {
        "R1275": [
          "OH-2026100",
          "OH-20261004",
          "OH-20261004-cph4"
        ]
      },
      "roll_native": []
    },
    {
      "head": "2026-10-10（R1731..R1733 滚窗并折摘要·fold R472 承 R1733 承传注记兑现·轮首首测",
      "pointers": [
        "R1734",
        "R1716",
        "R1720",
        "R1722",
        "R1724",
        "R1726",
        "R1731"
      ],
      "file_refs": [],
      "dangling": [],
      "not_embedded": {},
      "roll_native": []
    }
  ],
  "dangling_total": 2,
  "known_findings_file": "C:\\Users\\sjs20\\Desktop\\FluxGroup\\domain\\BigDomain\\src\\os\\census_known_findings.json",
  "dangling_known": [
    {
      "pointer": "R1192",
      "reason": "R1192 cold-segment seed was archived bare (headerless) by creation-era form; rebuild log documents content bytes=10405 == roll-line claim 10,405B. Content preserved headerless. Evidence: qa/reorg-archive10-rebuild.log R1192 lines, quoted in qa/logs-census-R1688.log section 2c."
    },
    {
      "pointer": "R601",
      "reason": "2026-09 archive sections are full-state re-org snapshots tagged by re-org round (R536..R592 then R605..R608; no R601 append ever existed). R601 was a fold between snapshots R592 and R605; its product survives inside the R605 snapshot (tick 604, post-fold state) and in the R1215 cold-seg summary (10 archive). Pointer-name drift, content preserved. Evidence: 09 archive header sequence probe in qa/logs-census-R1688.log section 2c."
    }
  ],
  "unknown_mismatch_count": 0,
  "unknown_dangling_count": 0,
  "archive_tokens_total": 1995,
  "live_tokens_total": 390,
  "archive_only_count": 1612,
  "archive_only_tokens": [
    "AC-AD1",
    "AC-AD4",
    "AC-AD7",
    "AC-AR2",
    "AC-BC1",
    "AC-BK1",
    "AC-BR1",
    "AC-BR5",
    "AC-BRp1",
    "AC-BRp6",
    "AC-CB1",
    "AC-CC1",
    "AC-CCM1",
    "AC-CF1",
    "AC-CL1",
    "AC-CM1",
    "AC-CN1",
    "AC-CS1",
    "AC-CT1",
    "AC-D03",
    "AC-DT1",
    "AC-E1",
    "AC-EX0",
    "AC-EX1",
    "AC-EX4",
    "AC-FD1",
    "AC-FD10a",
    "AC-FD11a",
    "AC-FD13a",
    "AC-FD14a",
    "AC-FD15a",
    "AC-FD16a",
    "AC-FD17a",
    "AC-FD18a",
    "AC-FD19a",
    "AC-FD2",
    "AC-FD20a",
    "AC-FD21a",
    "AC-FD22a",
    "AC-FD23a",
    "AC-FD24a",
    "AC-FD25a",
    "AC-FD26a",
    "AC-FD27a",
    "AC-FD28a",
    "AC-FD29a",
    "AC-FD3",
    "AC-FD4",
    "AC-FD6",
    "AC-FD6a",
    "AC-FD7",
    "AC-FD7a",
    "AC-FD8",
    "AC-FD8a",
    "AC-FD9",
    "AC-FD9a",
    "AC-FR1",
    "AC-G1",
    "AC-GA1",
    "AC-GF1",
    "AC-GF2",
    "AC-H1",
    "AC-HB1",
    "AC-HB2",
    "AC-HB3",
    "AC-HB862",
    "AC-HB865",
    "AC-HB868",
    "AC-HB871",
    "AC-HB874",
    "AC-HB876",
    "AC-HB879",
    "AC-HB882",
    "AC-HB885",
    "AC-HB888",
    "AC-HB890",
    "AC-HB893",
    "AC-HB895",
    "AC-HB897",
    "AC-HB900",
    "AC-HB902",
    "AC-HB904",
    "AC-HB906",
    "AC-HB909",
    "AC-HB910",
    "AC-HB911",
    "AC-HB913",
    "AC-HB916",
    "AC-HB927",
    "AC-HB929",
    "AC-HB931",
    "AC-HB933",
    "AC-HR1",
    "AC-ID1",
    "AC-IG1",
    "AC-IG7",
    "AC-J1",
    "AC-J2",
    "AC-J3",
    "AC-JD1",
    "AC-JV1",
    "AC-K1",
    "AC-K100a",
    "AC-K101a",
    "AC-K102a",
    "AC-K103a",
    "AC-K104a",
    "AC-K105a",
    "AC-K106a",
    "AC-K107a",
    "AC-K108a",
    "AC-K109a",
    "AC-K110a",
    "AC-K111a",
    "AC-K112a",
    "AC-K113a",
    "AC-K114a",
    "AC-K115a",
    "AC-K116a",
    "AC-K117a",
    "AC-K118a",
    "AC-K119a",
    "AC-K120a",
    "AC-K121a",
    "AC-K122a",
    "AC-K123a",
    "AC-K124a",
    "AC-K125a",
    "AC-K127a",
    "AC-K128a",
    "AC-K129a",
    "AC-K130a",
    "AC-K131a",
    "AC-K132a",
    "AC-K133a",
    "AC-K134a",
    "AC-K135a",
    "AC-K136a",
    "AC-K137a",
    "AC-K138a",
    "AC-K139a",
    "AC-K13a",
    "AC-K140a",
    "AC-K141a",
    "AC-K142a",
    "AC-K143a",
    "AC-K144a",
    "AC-K145a",
    "AC-K146a",
    "AC-K147a",
    "AC-K148a",
    "AC-K149a",
    "AC-K14a",
    "AC-K150a",
    "AC-K151a",
    "AC-K152a",
    "AC-K153a",
    "AC-K154a",
    "AC-K155a",
    "AC-K156a",
    "AC-K157a",
    "AC-K158a",
    "AC-K159a",
    "AC-K15a",
    "AC-K160a",
    "AC-K161a",
    "AC-K162a",
    "AC-K163a",
    "AC-K164a",
    "AC-K165a",
    "AC-K167a",
    "AC-K168a",
    "AC-K169a",
    "AC-K16a",
    "AC-K170a",
    "AC-K171a",
    "AC-K172a",
    "AC-K173a",
    "AC-K174a",
    "AC-K175a",
    "AC-K176a",
    "AC-K177a",
    "AC-K178a",
    "AC-K179a",
    "AC-K17a",
    "AC-K180a",
    "AC-K181a",
    "AC-K182a",
    "AC-K183a",
    "AC-K184a",
    "AC-K185a",
    "AC-K186a",
    "AC-K187a",
    "AC-K188a",
    "AC-K189a",
    "AC-K18a",
    "AC-K190a",
    "AC-K191a",
    "AC-K19a",
    "AC-K20a",
    "AC-K21a",
    "AC-K22a",
    "AC-K23a",
    "AC-K24a",
    "AC-K25a",
    "AC-K267a",
    "AC-K268a",
    "AC-K269a",
    "AC-K26a",
    "AC-K270a",
    "AC-K271a",
    "AC-K272a",
    "AC-K274a",
    "AC-K275a",
    "AC-K276a",
    "AC-K277a",
    "AC-K278a",
    "AC-K278b",
    "AC-K279a",
    "AC-K27a",
    "AC-K280a",
    "AC-K280b",
    "AC-K281a",
    "AC-K282a",
    "AC-K283a",
    "AC-K291a",
    "AC-K291b",
    "AC-K31a",
    "AC-K38a",
    "AC-K39a",
    "AC-K40a",
    "AC-K40b",
    "AC-K40c",
    "AC-K40d",
    "AC-K40e",
    "AC-K41a",
    "AC-K42a",
    "AC-K43a",
    "AC-K44a",
    "AC-K45a",
    "AC-K46a",
    "AC-K47a",
    "AC-K54a",
    "AC-K56a",
    "AC-K57a",
    "AC-K58a",
    "AC-K59a",
    "AC-K61a",
    "AC-K62a",
    "AC-K64a",
    "AC-K65a",
    "AC-K66a",
    "AC-K67a",
    "AC-K68a",
    "AC-K70a",
    "AC-K71a",
    "AC-K72a",
    "AC-K73a",
    "AC-K74a",
    "AC-K75a",
    "AC-K76a",
    "AC-K77a",
    "AC-K78a",
    "AC-K79a",
    "AC-K80a",
    "AC-K94a",
    "AC-K95a",
    "AC-K96a",
    "AC-K97a",
    "AC-K98a",
    "AC-K99a",
    "AC-L1",
    "AC-L11",
    "AC-L5",
    "AC-L8",
    "AC-LE1",
    "AC-LR1",
    "AC-M",
    "AC-M1",
    "AC-M14",
    "AC-M1a",
    "AC-M1f",
    "AC-M2a",
    "AC-M3",
    "AC-M4a",
    "AC-M7",
    "AC-M8",
    "AC-M9",
    "AC-MF1",
    "AC-MG1",
    "AC-MS1",
    "AC-MT1",
    "AC-O1",
    "AC-O2a",
    "AC-OB1",
    "AC-OB4",
    "AC-OG1",
    "AC-OH1",
    "AC-OH11",
    "AC-OH6",
    "AC-OH7",
    "AC-OR1",
    "AC-PB1",
    "AC-PC1",
    "AC-PR1",
    "AC-PV6a",
    "AC-QA",
    "AC-QA1",
    "AC-QA8",
    "AC-QL1",
    "AC-QM1",
    "AC-R",
    "AC-R1",
    "AC-R1001",
    "AC-R101",
    "AC-R1011",
    "AC-R1021",
    "AC-R1031",
    "AC-R1041",
    "AC-R1051",
    "AC-R1061",
    "AC-R1071",
    "AC-R1081",
    "AC-R1091",
    "AC-R1101",
    "AC-R111",
    "AC-R1111",
    "AC-R1121",
    "AC-R1131",
    "AC-R1141",
    "AC-R1151",
    "AC-R1161",
    "AC-R1171",
    "AC-R1181",
    "AC-R1191",
    "AC-R1201",
    "AC-R121",
    "AC-R1211",
    "AC-R1221",
    "AC-R1231",
    "AC-R1241",
    "AC-R1251",
    "AC-R1261",
    "AC-R1271",
    "AC-R1281",
    "AC-R1291",
    "AC-R1301",
    "AC-R131",
    "AC-R1311",
    "AC-R1321",
    "AC-R1331",
    "AC-R1341",
    "AC-R1351",
    "AC-R1354",
    "AC-R1361",
    "AC-R1371",
    "AC-R1381",
    "AC-R1391",
    "AC-R1401",
    "AC-R141",
    "AC-R1411",
    "AC-R1421",
    "AC-R1431",
    "AC-R1441",
    "AC-R1451",
    "AC-R1461",
    "AC-R1471",
    "AC-R1481",
    "AC-R1491",
    "AC-R151",
    "AC-R1511",
    "AC-R1515",
    "AC-R1521",
    "AC-R1531",
    "AC-R1541",
    "AC-R1551",
    "AC-R1561",
    "AC-R1571",
    "AC-R1581",
    "AC-R1591",
    "AC-R1601",
    "AC-R161",
    "AC-R1611",
    "AC-R1621",
    "AC-R1631",
    "AC-R1641",
    "AC-R1651",
    "AC-R1661",
    "AC-R1671",
    "AC-R1681",
    "AC-R1691",
    "AC-R1701",
    "AC-R171",
    "AC-R1711",
    "AC-R1721",
    "AC-R1731",
    "AC-R1741",
    "AC-R1751",
    "AC-R1761",
    "AC-R1771",
    "AC-R1781",
    "AC-R1791",
    "AC-R1801",
    "AC-R181",
    "AC-R1811",
    "AC-R1821",
    "AC-R1831",
    "AC-R1841",
    "AC-R1851",
    "AC-R1861",
    "AC-R1871",
    "AC-R1881",
    "AC-R1891",
    "AC-R1901",
    "AC-R191",
    "AC-R1911",
    "AC-R1921",
    "AC-R1931",
    "AC-R1941",
    "AC-R1951",
    "AC-R1961",
    "AC-R1971",
    "AC-R1981",
    "AC-R201",
    "AC-R211",
    "AC-R212b",
    "AC-R214",
    "AC-R221",
    "AC-R222b",
    "AC-R231",
    "AC-R241",
    "AC-R251",
    "AC-R261",
    "AC-R271",
    "AC-R2731",
    "AC-R2761",
    "AC-R2771",
    "AC-R2781",
    "AC-R2791",
    "AC-R281",
    "AC-R2814",
    "AC-R2821",
    "AC-R2831",
    "AC-R2841",
    "AC-R2851",
    "AC-R2861",
    "AC-R2871",
    "AC-R2881",
    "AC-R2891",
    "AC-R2901",
    "AC-R291",
    "AC-R2911",
    "AC-R295",
    "AC-R301",
    "AC-R3032",
    "AC-R3071",
    "AC-R3081",
    "AC-R3091",
    "AC-R31",
    "AC-R3101",
    "AC-R3111",
    "AC-R3121",
    "AC-R3131",
    "AC-R3141",
    "AC-R3151",
    "AC-R3153",
    "AC-R3161",
    "AC-R3171",
    "AC-R3181",
    "AC-R3191",
    "AC-R3201",
    "AC-R321",
    "AC-R3211",
    "AC-R3221",
    "AC-R3231",
    "AC-R3236",
    "AC-R3241",
    "AC-R3251",
    "AC-R3261",
    "AC-R3271",
    "AC-R3281",
    "AC-R3291",
    "AC-R3301",
    "AC-R331",
    "AC-R3311",
    "AC-R3321",
    "AC-R3331",
    "AC-R3341",
    "AC-R3351",
    "AC-R3361",
    "AC-R3371",
    "AC-R3381",
    "AC-R3391",
    "AC-R3401",
    "AC-R341",
    "AC-R3411",
    "AC-R3421",
    "AC-R3431",
    "AC-R3441",
    "AC-R3451",
    "AC-R3461",
    "AC-R3471",
    "AC-R3481",
    "AC-R3491",
    "AC-R3501",
    "AC-R351",
    "AC-R3511",
    "AC-R352",
    "AC-R3521",
    "AC-R3531",
    "AC-R3541",
    "AC-R3551",
    "AC-R3561",
    "AC-R3571",
    "AC-R3581",
    "AC-R3591",
    "AC-R3601",
    "AC-R3611",
    "AC-R362",
    "AC-R3621",
    "AC-R363",
    "AC-R3631",
    "AC-R364",
    "AC-R3641",
    "AC-R365",
    "AC-R3651",
    "AC-R3661",
    "AC-R3671",
    "AC-R3681",
    "AC-R3691",
    "AC-R3701",
    "AC-R371",
    "AC-R3711",
    "AC-R372",
    "AC-R3721",
    "AC-R373",
    "AC-R3731",
    "AC-R374",
    "AC-R3741",
    "AC-R3751",
    "AC-R3761",
    "AC-R3771",
    "AC-R3781",
    "AC-R3791",
    "AC-R3801",
    "AC-R381",
    "AC-R3811",
    "AC-R382",
    "AC-R3821",
    "AC-R383",
    "AC-R3831",
    "AC-R384",
    "AC-R3841",
    "AC-R3851",
    "AC-R3861",
    "AC-R3871",
    "AC-R3881",
    "AC-R3891",
    "AC-R3901",
    "AC-R391",
    "AC-R3911",
    "AC-R392",
    "AC-R3921",
    "AC-R393",
    "AC-R3931",
    "AC-R394",
    "AC-R3941",
    "AC-R3951",
    "AC-R3961",
    "AC-R3971",
    "AC-R3981",
    "AC-R3991",
    "AC-R4001",
    "AC-R401",
    "AC-R4011",
    "AC-R402",
    "AC-R4021",
    "AC-R403",
    "AC-R4031",
    "AC-R404",
    "AC-R4041",
    "AC-R4051",
    "AC-R4061",
    "AC-R4071",
    "AC-R4081",
    "AC-R4091",
    "AC-R41",
    "AC-R4101",
    "AC-R411",
    "AC-R4111",
    "AC-R4121",
    "AC-R4131",
    "AC-R4141",
    "AC-R4151",
    "AC-R4161",
    "AC-R4171",
    "AC-R4181",
    "AC-R4191",
    "AC-R4201",
    "AC-R4204",
    "AC-R4209",
    "AC-R421",
    "AC-R4237",
    "AC-R4241",
    "AC-R4247",
    "AC-R4251",
    "AC-R4261",
    "AC-R4271",
    "AC-R4281",
    "AC-R4291",
    "AC-R4292",
    "AC-R4293",
    "AC-R4294",
    "AC-R4295",
    "AC-R4296",
    "AC-R4301",
    "AC-R4302",
    "AC-R4303",
    "AC-R4304",
    "AC-R4305",
    "AC-R4306",
    "AC-R431",
    "AC-R4311",
    "AC-R4312",
    "AC-R4313",
    "AC-R4314",
    "AC-R4315",
    "AC-R4316",
    "AC-R4321",
    "AC-R4322",
    "AC-R4323",
    "AC-R4324",
    "AC-R4325",
    "AC-R4326",
    "AC-R4331",
    "AC-R4332",
    "AC-R4333",
    "AC-R4334",
    "AC-R4335",
    "AC-R4336",
    "AC-R4341",
    "AC-R4342",
    "AC-R4343",
    "AC-R4344",
    "AC-R4345",
    "AC-R4346",
    "AC-R4351",
    "AC-R4352",
    "AC-R4353",
    "AC-R4354",
    "AC-R4355",
    "AC-R4356",
    "AC-R4361",
    "AC-R4362",
    "AC-R4363",
    "AC-R4364",
    "AC-R4365",
    "AC-R4366",
    "AC-R4372",
    "AC-R4373",
    "AC-R4374",
    "AC-R4375",
    "AC-R4376",
    "AC-R4381",
    "AC-R4382",
    "AC-R4383",
    "AC-R4384",
    "AC-R4385",
    "AC-R4386",
    "AC-R4391",
    "AC-R4392",
    "AC-R4393",
    "AC-R4394",
    "AC-R4395",
    "AC-R4396",
    "AC-R4401",
    "AC-R4402",
    "AC-R4403",
    "AC-R4404",
    "AC-R4405",
    "AC-R4406",
    "AC-R441",
    "AC-R4411",
    "AC-R4412",
    "AC-R4413",
    "AC-R4414",
    "AC-R4415",
    "AC-R4416",
    "AC-R4421",
    "AC-R4422",
    "AC-R4423",
    "AC-R4424",
    "AC-R4425",
    "AC-R4426",
    "AC-R4431",
    "AC-R4432",
    "AC-R4433",
    "AC-R4434",
    "AC-R4435",
    "AC-R4436",
    "AC-R4441",
    "AC-R4451",
    "AC-R4461",
    "AC-R4471",
    "AC-R4481",
    "AC-R451",
    "AC-R461",
    "AC-R471",
    "AC-R481",
    "AC-R491",
    "AC-R501",
    "AC-R51",
    "AC-R511",
    "AC-R521",
    "AC-R531",
    "AC-R541",
    "AC-R551",
    "AC-R561",
    "AC-R571",
    "AC-R581",
    "AC-R591",
    "AC-R601",
    "AC-R61",
    "AC-R611",
    "AC-R621",
    "AC-R631",
    "AC-R641",
    "AC-R651",
    "AC-R661",
    "AC-R671",
    "AC-R681",
    "AC-R691",
    "AC-R701",
    "AC-R71",
    "AC-R711",
    "AC-R721",
    "AC-R731",
    "AC-R741",
    "AC-R746",
    "AC-R751",
    "AC-R771",
    "AC-R781",
    "AC-R791",
    "AC-R801",
    "AC-R81",
    "AC-R811",
    "AC-R821",
    "AC-R831",
    "AC-R841",
    "AC-R851",
    "AC-R861",
    "AC-R871",
    "AC-R881",
    "AC-R891",
    "AC-R901",
    "AC-R91",
    "AC-R911",
    "AC-R921",
    "AC-R931",
    "AC-R941",
    "AC-R951",
    "AC-R961",
    "AC-R971",
    "AC-R981",
    "AC-R991",
    "AC-RA1",
    "AC-RA2",
    "AC-RA3",
    "AC-RA4",
    "AC-RA5",
    "AC-RA6",
    "AC-RF1",
    "AC-RG1",
    "AC-RG2",
    "AC-RG3",
    "AC-RG4",
    "AC-RG5",
    "AC-RG6",
    "AC-S1",
    "AC-S12",
    "AC-S4",
    "AC-S8R1",
    "AC-S8b",
    "AC-SC1",
    "AC-SC10",
    "AC-SC11",
    "AC-SD1a",
    "AC-SD2a",
    "AC-SD3a",
    "AC-SDr1",
    "AC-SS1",
    "AC-ST1",
    "AC-SW1",
    "AC-SY1",
    "AC-T1",
    "AC-T2",
    "AC-T3",
    "AC-T4",
    "AC-TQ1a",
    "AC-TQ1e",
    "AC-TQ1f",
    "AC-TQ2a",
    "AC-TQ2b",
    "AC-TQ2c",
    "AC-TQ2d",
    "AC-TQ2e",
    "AC-TQ2f",
    "AC-TS1",
    "AC-U10",
    "AC-U11",
    "AC-U12",
    "AC-U2",
    "AC-U3",
    "AC-U5",
    "AC-U6",
    "AC-U7",
    "AC-U9",
    "AC-V1",
    "AC-V21a",
    "AC-V31",
    "AC-V3R1",
    "AC-V41",
    "AC-V51",
    "AC-VN1",
    "AC-W1",
    "AC-W3",
    "AC-W5",
    "AC-W7",
    "AC-W8",
    "AC-WM1a",
    "AC-WSR",
    "AC-XP1",
    "AC-Y",
    "AC-Y1",
    "AC-Y12",
    "AC-Y3",
    "AC-Y7",
    "AC-YG1",
    "AC-YG6a",
    "AC-YG6c",
    "AC-YG7",
    "C-02",
    "C-04857",
    "C-05",
    "C-2",
    "C-20260101",
    "C-20260101-01",
    "C-20260927",
    "C-20260927-02",
    "C-20260928-02",
    "C-20260929-01",
    "C-20260929-02",
    "C-20260929-03",
    "C-20260930",
    "C-20260930-04",
    "C-20260930-05",
    "C-20260930-06",
    "C-20261001",
    "C-20261001-01",
    "C-20261001-01-bill",
    "C-20261001-02",
    "C-20261001-03",
    "C-20261002",
    "C-20261002-01",
    "C-20261006-01",
    "C-20261006-02",
    "C-20261006-02-bill",
    "C-20261006-03",
    "C-20261007-02",
    "C-20261007-03",
    "C-20261007-04",
    "C-20261007-05",
    "C-20261008-01",
    "C-20261008-02",
    "C-20261008-03",
    "C-20261008-04",
    "C-20261008-14",
    "C-20261009-01",
    "C-20261009-01-bill",
    "C-20261009-02-bill",
    "C-Attr",
    "C-CC1",
    "C-CCM1",
    "C-FD6",
    "C-FD6a",
    "C-FD7",
    "C-FD7a",
    "C-FD8",
    "C-FD8a",
    "C-FD9",
    "C-FD9a",
    "C-G1",
    "C-HB1",
    "C-HB2",
    "C-HB3",
    "C-HB862",
    "C-HB865",
    "C-HB868",
    "C-HB871",
    "C-HB874",
    "C-HB876",
    "C-HB879",
    "C-HB882",
    "C-HB885",
    "C-HB888",
    "C-HB890",
    "C-HB893",
    "C-HB895",
    "C-HB897",
    "C-HB900",
    "C-HB902",
    "C-HB904",
    "C-HB906",
    "C-HB909",
    "C-HB910",
    "C-HB911",
    "C-HB913",
    "C-HB927",
    "C-HB929",
    "C-HB931",
    "C-HB933",
    "C-HR1",
    "C-K100",
    "C-K100a",
    "C-K101",
    "C-K101a",
    "C-K102",
    "C-K103",
    "C-K104",
    "C-K105",
    "C-K105a",
    "C-K106a",
    "C-K107a",
    "C-K108a",
    "C-K109a",
    "C-K110a",
    "C-K111a",
    "C-K112a",
    "C-K113a",
    "C-K114a",
    "C-K115a",
    "C-K116a",
    "C-K117a",
    "C-K118a",
    "C-K119a",
    "C-K120a",
    "C-K121a",
    "C-K122a",
    "C-K123a",
    "C-K124a",
    "C-K125a",
    "C-K127a",
    "C-K128a",
    "C-K129a",
    "C-K130a",
    "C-K131a",
    "C-K132a",
    "C-K133a",
    "C-K134a",
    "C-K135a",
    "C-K136a",
    "C-K137a",
    "C-K138a",
    "C-K139a",
    "C-K140a",
    "C-K141a",
    "C-K142a",
    "C-K143a",
    "C-K144a",
    "C-K145a",
    "C-K146a",
    "C-K147a",
    "C-K148a",
    "C-K149a",
    "C-K150a",
    "C-K151a",
    "C-K152a",
    "C-K153a",
    "C-K154a",
    "C-K155a",
    "C-K156a",
    "C-K157a",
    "C-K158a",
    "C-K159a",
    "C-K160a",
    "C-K161a",
    "C-K162a",
    "C-K163a",
    "C-K164a",
    "C-K165a",
    "C-K167a",
    "C-K168a",
    "C-K94",
    "C-K94a",
    "C-K95",
    "C-K95a",
    "C-K96",
    "C-K96a",
    "C-K97",
    "C-K97a",
    "C-K98",
    "C-K98a",
    "C-K99",
    "C-K99a",
    "C-L1",
    "C-M1a",
    "C-M1f",
    "C-MF1",
    "C-MG1",
    "C-OH11",
    "C-PV6a",
    "C-QA8",
    "C-R1001",
    "C-R1011",
    "C-R1021",
    "C-R1031",
    "C-R1041",
    "C-R1051",
    "C-R1061",
    "C-R1071",
    "C-R1081",
    "C-R1091",
    "C-R1101",
    "C-R1111",
    "C-R1121",
    "C-R1131",
    "C-R1141",
    "C-R1151",
    "C-R1161",
    "C-R1171",
    "C-R1181",
    "C-R1191",
    "C-R1201",
    "C-R1211",
    "C-R1221",
    "C-R1231",
    "C-R1241",
    "C-R1251",
    "C-R1261",
    "C-R1271",
    "C-R1281",
    "C-R1291",
    "C-R1301",
    "C-R1311",
    "C-R1321",
    "C-R1331",
    "C-R1341",
    "C-R1351",
    "C-R1354",
    "C-R1361",
    "C-R1371",
    "C-R1381",
    "C-R1391",
    "C-R1401",
    "C-R1411",
    "C-R1421",
    "C-R1431",
    "C-R1441",
    "C-R1451",
    "C-R1461",
    "C-R1471",
    "C-R1481",
    "C-R1491",
    "C-R1511",
    "C-R1515",
    "C-R1521",
    "C-R1531",
    "C-R1541",
    "C-R1551",
    "C-R1561",
    "C-R1571",
    "C-R1581",
    "C-R1591",
    "C-R1601",
    "C-R1611",
    "C-R1621",
    "C-R1631",
    "C-R1641",
    "C-R1741",
    "C-R721",
    "C-R731",
    "C-R741",
    "C-R746",
    "C-R751",
    "C-R771",
    "C-R781",
    "C-R791",
    "C-R801",
    "C-R811",
    "C-R821",
    "C-R831",
    "C-R841",
    "C-R851",
    "C-R861",
    "C-R871",
    "C-R881",
    "C-R891",
    "C-R901",
    "C-R911",
    "C-R921",
    "C-R931",
    "C-R941",
    "C-R951",
    "C-R961",
    "C-R971",
    "C-R981",
    "C-R991",
    "C-RG1",
    "C-RG2",
    "C-RG3",
    "C-RG4",
    "C-RG5",
    "C-RG6",
    "C-S12",
    "C-S4",
    "C-SC11",
    "C-SW1",
    "C-U1",
    "C-V1",
    "C-V41",
    "C-V51",
    "C-W1",
    "C-W5",
    "C-W7",
    "C-W8",
    "C-Y1",
    "D-011",
    "D-022",
    "D-042",
    "D-049",
    "D-050",
    "D-12",
    "D-13",
    "D-15",
    "D-16",
    "D-18",
    "D-20",
    "D-2026",
    "D-2026-09-30-18",
    "D-20260924",
    "D-20260924-01",
    "D-20260924-03",
    "D-20260924-04",
    "D-20260924-05",
    "D-20260924-06",
    "D-20260924-07",
    "D-20260924-09",
    "D-20260924-10",
    "D-20260924-11",
    "D-20260925-02",
    "D-20260925-04",
    "D-20260925-05",
    "D-20260925-06",
    "D-20260925-08",
    "D-20260925-09",
    "D-20260925-10",
    "D-20260925-11",
    "D-20260926",
    "D-20260926-02",
    "D-20260926-03",
    "D-20260926-06",
    "D-20260926-07",
    "D-20260926-08",
    "D-20260926-09",
    "D-20260926-10",
    "D-20260927",
    "D-20260927-07",
    "D-20260927-09",
    "D-20260927-10",
    "D-20260928-01",
    "D-20260928-02",
    "D-20260928-03",
    "D-20260928-04",
    "D-20260928-05",
    "D-20260928-06",
    "D-20260929",
    "D-20260929-01",
    "D-20260929-02",
    "D-20260929-04",
    "D-20260929-05",
    "D-20260929-06",
    "D-20260929-07",
    "D-20260930",
    "D-20260930-01",
    "D-20260930-02",
    "D-20260930-04",
    "D-20260930-07",
    "D-20260930-08",
    "D-20260930-09",
    "D-20260930-1",
    "D-20260930-11",
    "D-20260930-12",
    "D-20260930-13",
    "D-20260930-14",
    "D-20260930-15",
    "D-20260930-16",
    "D-20260930-17",
    "D-20260930-1x",
    "D-20260930-21",
    "D-20260930-22",
    "D-20260930-23",
    "D-20260930-24",
    "D-20260930-25",
    "D-20260930-26",
    "D-20260930-27",
    "D-20260930-28",
    "D-20260930-29",
    "D-20260930-30",
    "D-20260930-31",
    "D-20260930-32",
    "D-20260930-33",
    "D-20260930-34",
    "D-20260930-35",
    "D-20260930-36",
    "D-20260930-37",
    "D-20260930-38",
    "D-20260930-39",
    "D-20260930-40",
    "D-20260930-41",
    "D-20261001",
    "D-20261001-01",
    "D-20261001-02",
    "D-20261001-04",
    "D-20261001-05",
    "D-20261001-06",
    "D-20261001-07",
    "D-20261001-08",
    "D-20261002",
    "D-20261002-01",
    "D-20261002-02",
    "D-20261002-03",
    "D-20261002-04",
    "D-20261002-05",
    "D-20261002-06",
    "D-20261002-07",
    "D-20261002-09",
    "D-20261003-01",
    "D-20261003-03",
    "D-20261003-04",
    "D-20261005-09",
    "D-20261006-04",
    "D-20261006-05",
    "D-20261007-01",
    "D-20261007-02",
    "D-20261007-03",
    "D-20261007-04",
    "D-20261007-05",
    "D-20261007-06",
    "D-20261007-07",
    "D-20261008-01",
    "D-20261008-02",
    "D-20261008-03",
    "D-20261008-04",
    "D-20261008-05",
    "D-20261008-06",
    "D-20261008-07",
    "D-20261008-08",
    "D-20261008-09",
    "D-20261009-01",
    "D-20261009-02",
    "D-20261009-03",
    "D-20261009-04",
    "D-20261009-05",
    "D-20261009-06",
    "D-20261030-03",
    "D-20261030-19",
    "D-21",
    "D-22",
    "D-25",
    "D-26",
    "D-27",
    "D-28",
    "D-29",
    "D-3",
    "D-30",
    "D-31",
    "D-33",
    "D-34",
    "D-35",
    "D-36",
    "D-38",
    "D-39",
    "D-A",
    "D-B",
    "D-BS-20261008-10",
    "D-BS-20261008-11",
    "D-NAME",
    "D-PROP",
    "D-PROP-001",
    "D-PROP-003",
    "O-001",
    "O-002",
    "O-006",
    "O-007",
    "O-008",
    "O-010",
    "O-012",
    "O-013-4",
    "O-014",
    "O-016",
    "O-017",
    "O-018",
    "O-020",
    "O-022",
    "O-023",
    "O-024",
    "O-025",
    "O-026",
    "O-028",
    "O-030",
    "O-031",
    "O-032",
    "O-033",
    "O-034",
    "O-0650",
    "O-1058",
    "O-1101",
    "O-1111",
    "O-1116",
    "O-1121",
    "O-1132",
    "O-1207",
    "O-1555",
    "O-1556",
    "O-1560",
    "O-1610",
    "O-1656",
    "O-1706",
    "O-1715",
    "O-1820",
    "O-1925",
    "O-2026",
    "O-2026-0928-014",
    "O-2026-0928-016",
    "O-2026-0928-017",
    "O-2026-0929-001",
    "O-2026-0929-002",
    "O-2026-0929-003",
    "O-2026-0929-004",
    "O-2026-0929-005",
    "O-2026-0929-006",
    "O-2026-0929-007",
    "O-2026-0929-010",
    "O-2026-0929-014",
    "O-2026-0929-016",
    "O-2026-0929-017",
    "O-2026-0929-018",
    "O-2026-0929-019",
    "O-2026-0929-020",
    "O-2026-0929-021",
    "O-2026-0929-022",
    "O-2026-0929-023",
    "O-2026-0929-027",
    "O-2026-0929-028",
    "O-2026-0929-030",
    "O-2026-0929-031",
    "O-2026-0929-033",
    "O-2026-0929-034",
    "O-2026-0930-001",
    "O-2026-0930-002",
    "O-2026-0930-003",
    "O-2026-0930-005",
    "O-2026-0930-006",
    "O-2026-0930-007",
    "O-2026-0930-008",
    "O-2026-0930-012",
    "O-2026-0930-014",
    "O-2026-0930-015",
    "O-2026-0930-016",
    "O-2026-0930-017",
    "O-2026-0930-018",
    "O-2026-0930-019",
    "O-2026-0930-020",
    "O-2026-0930-021",
    "O-2026-0930-022",
    "O-2026-0930-023",
    "O-2026-0930-024",
    "O-2026-0930-025",
    "O-2026-0930-026",
    "O-2026-0930-06",
    "O-2026-0930-1435",
    "O-2026-0930-1521",
    "O-2026-0930-1530",
    "O-2026-0930-1531",
    "O-2026-0930-1532",
    "O-2026-0930-1535",
    "O-2026-0930-1540",
    "O-2026-0930-1543",
    "O-2026-0930-1544",
    "O-2026-0930-1550",
    "O-2026-0930-1555",
    "O-2026-0930-1556",
    "O-2026-0930-1601",
    "O-2026-0930-1645",
    "O-2026-0930-1656",
    "O-2026-0930-1808",
    "O-2026-0930-1835",
    "O-2026-0930-1856",
    "O-2026-0930-1858",
    "O-2026-0930-1901",
    "O-2026-0930-1925",
    "O-2026-0930-2054",
    "O-20260928-1820",
    "O-20260929-002",
    "O-20260929-1111",
    "O-20260930",
    "O-20260930-012",
    "O-20260930-013",
    "O-20260930-018",
    "O-20260930-026",
    "O-20260930-1058",
    "O-20260930-1101",
    "O-20260930-1121",
    "O-20260930-1132",
    "O-20260930-1147",
    "O-20260930-1250",
    "O-20260930-1500",
    "O-20260930-1540",
    "O-20260930-1560",
    "O-20260930-1610",
    "O-20260930-1645",
    "O-20260930-1654",
    "O-20260930-1656",
    "O-20260930-1710",
    "O-20260930-1808",
    "O-20260930-1925",
    "O-20260930-2054",
    "O-20261001",
    "O-20261001-2103",
    "O-20261001-2106",
    "O-20261001-2209",
    "O-20261002-2124-bm-c",
    "O-20261003-1210",
    "O-20261003-1210-bm-c",
    "O-20261006-1200",
    "O-20261006-1207",
    "O-20261006-1215",
    "O-20261006-1218",
    "O-20261006-1845",
    "O-20261006-2110",
    "O-20261006-2250",
    "O-20261007-1850",
    "O-20261007-2240",
    "O-20261007-2240-bm-c",
    "O-20261007-2255-bm-c",
    "O-20261007-2315-bm-c",
    "O-20261008-0650",
    "O-20261008-1036",
    "O-20261008-1050",
    "O-20261008-1105-bm-a",
    "O-20261008-1120",
    "O-20261008-1135",
    "O-20261008-1160",
    "O-20261008-1205-bm-b",
    "O-20261008-1205-bm-c",
    "O-20261008-1240",
    "O-20261008-1438",
    "O-20261008-1715",
    "O-20261008-1715-bm-c",
    "O-20261008-1755-bm-c",
    "O-20261008-1810",
    "O-20261008-1813",
    "O-20261008-1813-bm-c",
    "O-20261008-1820",
    "O-20261008-1820-bm-c",
    "O-20261008-1933",
    "O-20261008-2012",
    "O-20261009-1216",
    "O-20261009-13",
    "O-2054",
    "O-2175",
    "O-YYYY-MMDD-NNN",
    "O-only",
    "O-physicals",
    "O-visible",
    "OH-20260904-cph4",
    "OH-20260926-bigdomain",
    "OH-20260929",
    "OH-20260929-bigdomain",
    "OH-202610",
    "OH-2026100",
    "OH-20261002",
    "OH-20261002-CPH4",
    "OH-20261002-bigdomain",
    "OH-20261004",
    "OH-20261005-bigmoney",
    "OH-20261005-cph4",
    "OH-20261008-bigmoney",
    "OH-20261008-bigstream",
    "OH-20261008-cph",
    "OH-20261008-cph4",
    "P-003",
    "P-03",
    "P-11",
    "P-2026",
    "P-2026-09-2",
    "P-2026-09-24-61",
    "P-2026-09-25",
    "P-2026-09-25-06",
    "P-2026-09-25-15",
    "P-2026-09-26",
    "P-2026-09-27-09",
    "P-2026-09-27-10",
    "P-2026-09-28-02",
    "P-2026-09-28-04",
    "P-2026-09-28-07",
    "P-2026-09-29-01",
    "P-2026-09-29-02",
    "P-2026-09-29-03",
    "P-2026-09-29-04",
    "P-2026-09-29-07",
    "P-2026-09-29-08",
    "P-2026-09-29-10",
    "P-2026-10",
    "P-2026-10-01-01",
    "P-2026-10-02-01",
    "P-2026-10-02-02",
    "P-2026-10-02-03",
    "P-2026-10-02-04",
    "P-2026-10-02-05",
    "P-2026-10-02-06",
    "P-2026-10-02-07",
    "P-2026-10-02-08",
    "P-2026-10-06-01",
    "P-2026-10-06-02",
    "P-2026-10-06-03",
    "P-2026-10-06-04",
    "P-2026-10-06-05",
    "P-2026-10-06-06",
    "P-2026-10-07-01",
    "P-2026-10-07-02",
    "P-2026-10-07-04",
    "P-2026-10-07-05",
    "P-2026-10-08-02",
    "P-2026-10-08-03",
    "P-2026-10-08-04",
    "P-2026-10-08-05",
    "P-2026-10-08-06",
    "P-2026-10-08-07",
    "P-2026-10-08-08",
    "P-2026-10-08-09",
    "P-2026-10-08-10",
    "P-2026-10-08-11",
    "P-2026-10-08-12",
    "P-2026-10-08-13",
    "P-2026-10-08-14",
    "P-2026-10-08-15",
    "P-2026-10-08-16",
    "P-2026-10-08-18",
    "P-20260929-05",
    "P-47-2",
    "P-47-2b",
    "P-47-3",
    "P-52",
    "P-53",
    "P-62",
    "P-66",
    "P-67",
    "P-67-D1",
    "P-68",
    "P-70",
    "P-75",
    "P-76",
    "P-77",
    "P-filing",
    "R-20260924-silicon-watch",
    "R-20260926-city-block-platform-cocreation",
    "R-20260926-cold-start-strategy",
    "R-20260926-dimension-city",
    "R-20260926-heritage-legal",
    "R-20260926-launch-ops-rehearsal",
    "R-20260927-commercial-paypoints",
    "R-20260927-venue-flow-benchmark",
    "R-20260928-bonsai-bd-trial",
    "R-20260929-gov",
    "R-20260929-gov-1",
    "R-20260929-gov-1-civic-co-governance",
    "R-20260929-pivot-bigdomain",
    "R-20260929-synty-48pack-cost-anchor",
    "R-20260929-threejs-fit",
    "R-20260930-holiday-24h-readiness",
    "R-20260930-subscription-pricing-band",
    "R-20261001-domestic-market-fit",
    "R-20261002-ccgs-adoption-verdict",
    "R-20261002-publishing-face-research",
    "R-20261008-cph4-innovation-radar-01",
    "R-20261008-mv-ai-premium-craft-01",
    "R-20261008-mv-craft-deep-01",
    "R-20261008-mv-craft-kuang-fang-01",
    "R-20261008-mv-era-taiwan00s-01",
    "R-20261008-mv-hits-painpoints-01",
    "R-20261008-mv-original-memory-01",
    "R-D1",
    "R-D2",
    "R-D3",
    "R-regex",
    "T-01",
    "T-02",
    "T-08",
    "T-10",
    "T-12",
    "T-20260928-02",
    "T-20261002-03",
    "T-ADVISORY",
    "T-NOTE",
    "T-OPS",
    "T-Park",
    "T-RECORD",
    "T-WRITE",
    "XL-1",
    "XL-13",
    "XL-16"
  ],
  "pass": true
}

--[7] closeout (surgical append, R1710 discipline)--
state fields: tick 1733->1734, last_decision_rows 261->269, last_gord_tbl_rows 214->215, last_dec_tokens +3 (C-20261010-02, D-20261010-11, D-20261010-12)
closeout trio appended byte-surgically (16-space + CRLF, no json.dump full rewrite): main + DEC/GORD batch line + tokens; log 21->24; final 76290B (margin 2210B under the 78500B gate)
heartbeat: R1733 row backfilled (13:07 anchor = R1733 export_ts, R541 precedent) + R1734 row appended; lag cleared
auto-saves standing step (BD-PROP-002): 424.2MB / 244 files (<500MB line: no clean)
export flushed at 2026-10-10T13:25:25+08:00 with checker-caliber recompute (window 2026-10-04..2026-10-10 W=21 sub=8 nop=1 queues 6/10/10); tick row 1734
AC-R4721 pre-gauge over-line rule invoked (80178B > 78500B) = fold triggered; AC-R4722 dry-run all green before execute; AC-R4723 execute verify-then-write post==predicted 73346B + backup byte-verified + archive append verified; AC-R4724 post gauge fold_needed=false + eol layout_ok/indent_ok bare_lf=0; AC-R4725 catalog post-hoc 224 tokens zero-loss (missing=[]); AC-R4726 census pass=True sections 389 + closeout trio + HB lag=0. VERDICT all six AC green.
