PASS AC-R2681 state BOM + trailing LF + no CR + roundtrip exact (disk 82061 B, gauge 82058 B)
PASS AC-R2681 pre-op disk byte-identical to git HEAD blob (sha16 9FBD9250106314F3)
PASS AC-R2681 round-start tree face: only claim row (src/os/backlog.md) as pre-registered (1 dirty; self evidence artifact exempt)
PASS AC-R2681 backup logs/state-preop-R1187.bak byte-identical (82061 B)
PASS AC-R2681 calibration probe: export stored sd (6, 1, 1, 2) == live recount (6, 1, 1, 2) exactly (zero drift, marked-distinct caliber; R1170 closeout recount law)
PASS AC-R2682 window = [R267 rolling summary + R1185 pair + R1186 pair] (5 lines); window tail = final log item (R1186 tokens)
PASS AC-R2682 window 5 lines = 14500 B content measure (probe-measured exact value)
PASS AC-R2682 removed-window banned-substring mechanical count = zero hits {idle-fast}
PASS AC-R2682 removed-window banned-substring mechanical count = zero hits {no-pullable}
PASS AC-R2682 removed-window banned-substring mechanical count = zero hits {nop}
PASS AC-R2682 new roll line banned three-family zero hits {'idle-fast' 'no-pullable' 'nop'}
PASS AC-R2682 new roll line matches recount caliber (paren-format date prefix, excluded from round-level count)
PASS AC-R2682 carried token catalog == 48 verbatim (R267 carry; first D-20260930-19 last P-51)
PASS AC-R2682 P/D catalog mechanical dedup == 48 carried + 0 newly registered (BD-PROP boundary guard) []
PASS AC-R2682 52-round score list mechanically derived (50 carried sum 31 + R1185=1 + R1186=2 -> sum 34; carry 50 + R1185=1 + R1186=2)
INFO new roll line composed 9882 B; carried R1135..R1184 notes verbatim from R267 roll + R1185/R1186 fresh notes
INFO predicted post-fold gauge 77408B / disk 77411B
INFO predicted post-fold recount (2, 1, 1, 0) == prediction (pre (6, 1, 1, 2); removed 5 window lines, added 1 R268 roll line dated 10-05 inside window)
PASS state written atomically (tmp + os.replace, read-back verified)
PASS AC-R2683 top-level seven fields preserved (tick/log/last_order/last_decision_rows/benchmarks_refreshed/last_gord_tbl_rows/last_dec_tokens); log 59 -> 55 (5 -> 1, kept=0); head block items 000..053 verbatim; log item 54 = R268 rolling summary (9882 B)
PASS AC-R2684 post-fold measured 77408 bytes scan-gauge (disk 77411 B) == prediction; under the 78500B line by 1092 B
PASS AC-R2684 post-fold recount (2, 1, 1, 0) == prediction; re-read parses (tick 1186 preserved, log 55, roll item intact); dual-parser face = json.loads green (PS ConvertFrom-Json runs at closeout)
AC-R2685 PENDING receipt = state R268 rolling summary + R1187 log lines in register + commit message contains P-2026-09-25-18 (P-51 three-carrier rule)
SUITE PASS 5/5 pre-closeout (R2685 delivery leg verified at commit; post-closeout cross-verify by closeout stage)
NOTE dual-item round R1187 (R1185 isomorph): fold R268 + board knife cut-262; round score 1 = ledger maintenance mechanism file per Executive Protocol v1.1.
