PASS AC-R2081 state pre-op = 81082 B (round-start first-measure over the 80000B line by 1082B = R1069 carry-note honored)
PASS AC-R2081 state has no BOM (R1067/R1068/R1069 BOM-less convention)
PASS AC-R2081 state has no CR bytes
PASS AC-R2081 state pre-op byte-identical to git HEAD blob (state untouched by claim landing; tree carries claim-landed backlog only)
PASS AC-R2081 pre-parse tick 1069
PASS AC-R2081 pre-parse log items 64
PASS AC-R2081 backup logs/state-preop-R1070.bak byte-identical (81082 B)
PASS export stored sd == pre-registered (39, 24, 2, 7)
PASS PRE sd mechanical recount (39, 24, 2, 7) == stored (zero drift)
PASS AC-R2082 R204 rolling summary located at file line idx 58 (log item 55)
PASS AC-R2082 window line 0 = R204 rolling summary
PASS AC-R2082 window line 1 = R1066 round line
PASS AC-R2082 window line 2 = R1066 tokens line
PASS AC-R2082 window line 3 = R1067 round line
PASS AC-R2082 window line 4 = R1067 tokens line
PASS AC-R2082 window line 5 = R1068 round line
PASS AC-R2082 window line 6 = R1068 tokens line
PASS AC-R2082 window line 7 = R1069 round line
PASS AC-R2082 window line 8 = R1069 tokens line
PASS AC-R2082 window line 0 closes with comma
PASS AC-R2082 window line 1 closes with comma
PASS AC-R2082 window line 2 closes with comma
PASS AC-R2082 window line 3 closes with comma
PASS AC-R2082 window line 4 closes with comma
PASS AC-R2082 window line 5 closes with comma
PASS AC-R2082 window line 6 closes with comma
PASS AC-R2082 window line 7 closes with comma
PASS AC-R2082 window tail line = final log item (no comma)
PASS AC-R2082 log array closes right after window
INFO window 9 lines = 11638 B (content measure)
PASS AC-R2082 P/D catalog carried key tokens (boundary-guarded, no BD-PROP false positive: True)
INFO P/D catalog (13 tokens): P-2026-09-25-18,D-20260929-03,D-20260930-18,D-20261001-03,D-20261002-08,D-20261003-02,D-20261004-01,D-20261004-02,P-2026-10-02-09,P-2026-10-03-01,P-32,P-56,P-74
PASS AC-R2082 counter hygiene: summary free of 'idle' substring
PASS AC-R2082 counter hygiene: summary free of 'no-pullable' substring
PASS AC-R2082 counter hygiene: summary free of 'no_pullable' substring
PASS AC-R2083 composed parses, tick 1069 preserved
PASS AC-R2083 log items 64 -> 56 (9 -> 1, kept=0)
PASS AC-R2083 log item 55 = R208 rolling summary (verbatim in register)
PASS AC-R2083 top-level field preserved: last_order
PASS AC-R2083 top-level field preserved: last_decision_rows
PASS AC-R2083 top-level field preserved: benchmarks_refreshed
PASS AC-R2083 top-level field preserved: last_gord_tbl_rows
PASS AC-R2083 top-level field preserved: last_dec_tokens
PASS AC-R2084 post-fold window-line recount (31, 24, 2, 3) == predicted (31, 24, 2, 3)
PASS AC-R2084 post-fold composed 70829 B, under the 80000B line by 9171 B
PASS AC-R2084 state on disk = 70829 B (BOM-less write verified)
PASS AC-R2083 re-read parses (tick 1069, log 56, summary item intact)
PASS AC-R2083 PowerShell ConvertFrom-Json dual-parser pass (tick 1069)

== qa/reorg-R1070.log fold R208 (208th compression knife, P-2026-09-25-18 item-6 mainline) ==
AC-R2081 PASS pre-op byte-identical backup logs/state-preop-R1070.bak (81082 bytes; identical to git HEAD blob; state untouched by claim landing, tree carries claim-landed backlog only; round-start first-measure over the 80000B line by 1082B = R1069 carry-note honored; fold R202=206th/R204=207th ordinal chain, R205..R207 reserved-not-triggered at R1067..R1069)
AC-R2082 PASS window [R204 rolling summary + R1066..R1069 four pairs] 9 lines -> 1 rolling summary line, kept=0, round types: fold-R204+cut-204 dual / cut-205 / cut-206 / cut-207; scores 1/1/1/1; mechanical round list R1066..R1069 continuous 4/4; P/D catalog mechanical-dedup (boundary-guarded): P-2026-09-25-18,D-20260929-03,D-20260930-18,D-20261001-03,D-20261002-08,D-20261003-02,D-20261004-01,D-20261004-02,P-2026-10-02-09,P-2026-10-03-01,P-32,P-56,P-74
AC-R2083 PASS top-level six fields preserved (tick/last_order/last_decision_rows/benchmarks_refreshed/last_gord_tbl_rows/last_dec_tokens); json.loads pass (tick 1069, log 64->56 items, item 55 = R208 rolling summary verbatim); PowerShell ConvertFrom-Json dual-parser verified (see POST-CLOSEOUT section)
AC-R2084 PASS post-fold measured 70829 bytes, under the 80000B line by 9171 bytes; window-line recount 39/24/2/7 -> 31/24/2/3 (stored sd zero-drift pre-check held)
AC-R2085 PENDING receipt = state R208 rolling summary + R1070 log lines in register + commit message contains P-2026-09-25-18 (P-51 three-carrier rule)
SUITE PASS 5/5 (R2085 delivery leg verified at commit; post-closeout cross-verify appended below)
NOTE: dual-round R1070 (R1062/R1066 isomorph): fold R208 + board knife cut-208 in the same round; round score 1 = ledger-maintenance mechanism file per Executive Protocol v1.1. Single-pass clean run, verify-then-write held throughout (composed text fully verified before the single state write).
PREDICT: round closeout appends R1070 pair -> final ST bytes (k208 FIN/ST cross fixed-point), export tick row 1069->1070 + R1070 results row (395->396) + sd recount 31/24/2/3 -> 33/24/2/4, heartbeat R1070 row (LF, no BOM)

== POST-CLOSEOUT CROSS-VERIFY (R1070 dual round) ==
PASS state.json final = 73757 B (== ST cited in board closure); tick 1069->1070; log 64->56 (fold) ->58 (closeout pair); json.loads + PowerShell ConvertFrom-Json dual-parser pass; top fields preserved (last_order/last_decision_rows/benchmarks_refreshed/last_gord_tbl_rows/last_dec_tokens)
PASS AC-R2085 receipt legs: R208 rolling summary in register (item 55, 70829 window lines folded 9->1 kept=0) + R1070 log lines in register (items 56/57); commit leg verified at commit (P-2026-09-25-18 carried per P-51)
PASS sd chain: round-start 39/24/2/7 == stored (fold pre-check); post-fold 31/24/2/3; post-closeout 33/24/2/4 == export self_drive (F3 machine-derived, zero drift)
PASS fold citations materialized: pre-op backup logs/state-preop-R1070.bak 81082 B byte-identical; post-fold 70829 B under the 80000B line
SUITE PASS 5/5 - AC-R2081..R2085 all green; delivery AC-R2085 completed by commit carrying P-2026-09-25-18
