AC-R1681 pre-op bytes=83242 (getsize same by definition; scan reported 83242 at round start)
AC-R1681 pre-op == git HEAD blob byte-identical
AC-R1681 tick=957 log=64 items, canonical form, round-trip stable, tree clean at round start, write set = backlog+fold+closeout
AC-R1682 window = [R167 roll + R954/R955/R956 three pairs] 7 rows identified; R957 pair kept; head block 55 items verbatim
window content bytes (7 rows) = 9672
probe pre: {"W": 33, "round": 29, "tokens": 12, "sub": 33, "idle_round": 11, "idle": 38, "nop": 5, "wait": 4}
AC-R1682 catalog 347+26=373, new tokens: AC-FD8a/AC-FD9a/AC-K168a/AC-R1651/AC-R1661/AC-R1671/AD-011/AD-042/C-FD8/C-FD8a/C-FD9/C-FD9a/C-K168a/C-R1741/D-20261002-08/D-20261002-09/O-020/O-20261002-2124-bm-c/OH-20261002-CPH4/P-2026-09-29-13/P-2026-10-02-02/P-2026-10-02-04/P-2026-10-02-05/P-2026-10-02-06/P-2026-10-02-07/R-20261002-publishing-face-research, missing=[] asserted
compress precedent chain carried: R758..R955 (mechanical check on R167 roll anchor)
AC-R1682 post-fold+closeout projection: probe register = {"W": 33, "round": 25, "tokens": 10, "sub": 29, "idle_round": 11, "idle": 38, "nop": 3, "wait": 2}
AC-R1684 terminal size = 78117B, margin 383B <= 78,500B gate
AC-R1682 probe pre->post zero drift vs register asserted
AC-R1683 head block 55 items verbatim; log 60 items; tick 958; top fields preserved (last_order/last_decision_rows 228/benchmarks_refreshed/last_dec_tokens unchanged; last_gord_tbl_rows 152 unchanged - GORD flat round)
roll/close1/close2 structural constraints all pass (prefixes, accounting tags, no beat/quote/backslash)
archive markers before = 160 (in-register expectation 160 per R957 fold close; actual recorded honestly)
export composed (BOM utf-8-sig preserved): export_ts/tick 958/R168 results row/self_drive recount (log_win=58 idle_fast=37 nop=3 substantive=15 main=6 tech=2 explore=2)
AC-R1681 backup logs/state-preop-R958.bak written byte-identical
AC-R1683 archive pure-append: 13950318 -> 14033641 B; markers 160 -> 161
AC-R1683 state.json written (re-read asserted: tick 958, log 60 items = 55 head + 1 roll + 2 kept + 2 closeout, probe in-register, dual-gauge parse pass)
heartbeat R958 row appended
export refreshed (BOM preserved utf-8-sig): tick 958 + R168 results row + self_drive recount written
AC-R1685 delivery: state log R958 lines + backlog R958 done row + commit message carries P-2026-09-25-18 (P-51 protocol)
GORD flat companion note: sha16 257A6CC1056A1759 same R957 baseline, gord_new_rows=0, last_gord_tbl_rows 152 unchanged, CEO physicals zone unchanged (merchant-id/server/domain/filing still pending). D-20260930-19 consumption steps derived pass: (1) decisions dispatch board zero new company rows (DEC 127 tokens flat), (2) CEO physicals zone unchanged.
