AC-R1531a tree clean pre-op + no index.lock: git status --porcelain empty
AC-R1531a pre-op == git HEAD blob: 80456 bytes (round-start first-measure 80456B, scan/getsize dual-gauge, HEAD==disk byte-identical)
AC-R1533a serializer roundtrip convention detect: no BOM, trailing-LF=False, canonical json.dumps(indent-2) form
AC-R1532a window = [R151 prior summary + R918..R919 two pairs] 5 lines 11067 B (content); two-pair = minimal continuous window (all pairs since prior fold included, no smaller candidate exists); head block 55 items verbatim (content 66941 B)
AC-R1532b head block 55 items content = 66941 B == R918/R916 register (head file-region 67408 B incl. JSON framing); window line prefixes verified R918..R919 continuous 2 pairs zero-missing
AC-R1532c removed-lines substring-verified (register-metric inputs): no-pullable 2 (R151 prior-summary accounting-embedded tag + R919 declaration honest tag; new summary accounting re-embeds +1) / tokens 2 / idle-fast 0 (abolished-path tag, window and new lines carry zero)
AC-R1532d P/D/O catalog (regex dedup, prior-embedded snowball + new first-appearance): 258 tokens = R151 prior-summary embedded catalog 255 snowball + 3 new ['C-R1521', 'C-K146a', 'C-K147a'] (mechanical AC- prefix substring hits, zero hand-picked); missing=[] asserted (set-equality, order = prior embedded order + new, R890 composition law)
probe pre-op : {"W": 58, "idle": 37, "idle_round": 8, "nop": 4, "paren": 33, "round": 25, "tokens": 10, "sub": 7}  (== R918 pre register arithmetic {post-fold 56/6 + R918 pair +2/+1 + R919 pair +2/+1}, structural symmetry, zero drift; criterion = R744-registered, regex boundary ^2026-(09-2[5-9]|09-30|10-0[12]) carried from R848)
probe calibration: 2 backups all 8 keys reproduce in-register values exactly (state-preop-R918.bak == live pre structural symmetry all 8 keys byte-exact this round; state-preop-R916.bak == R916-era register); R918-log printed pre idle_round 9/10 labeled probe-print classification quirk (formula-inconsistent 25-10-9=6 vs its own printed sub 7), backup-measured 8 formula-consistent, honest note, zero effect on binding post register
AC-R1532e compress-precedent list carried mechanically from R151 prior summary (range R758..R916 -> R758..R918, section anchor R916/R150 -> R918/R151, deterministic transform)
AC-HB920a heartbeat pre-op tail = tick 919 (lag 0, single current row this round)
AC-R1532f window statutory: two-pair window = minimal continuous window (all pairs since prior fold included, no smaller candidate exists), projected post register == canonical in-register zero drift on first candidate (R895/R897 isomorph, R893 family), final budget 78121 B <= 78,500B gate satisfied in-fold
post-fold (pre-closeout) size: 74991 B
S_new built: 5634 B text; structural constraints (date+FWparen prefix / nop tag in / sub tag in / no beat / no idle-fast / no tokens:local / no ASCII quote / no backslash) all pass
AC-R1533b top fields: DEC/ORD/GORD/BENCH baselines all flat this round (scan PASS faces), zero field drift, tick 919->920 only; last_dec_tokens 127 flat
AC-R1534 final size: 78121 B, margin 379 B under 78,500B gate; post-fold 74991 B
AC-R1533c final: json.loads pass; log 58 items = 55 verbatim head + 1 summary + 2 closeout; head region byte-identical except tick digit; canonical form == json.dumps(indent-2)
probe post   : {"W": 56, "idle": 37, "idle_round": 8, "nop": 3, "paren": 33, "round": 23, "tokens": 9, "sub": 6}
B. incremental-register law: W 58->56 (window 5 out, summary+closeout+tokens 3 in); round 25->23 (window 4 R-regex hits out: 2 closeout + 2 tokens lines; own closeout + tokens pair in); tokens 10->9 (window 2 out, own 1 in); idle_round 8->8 flat (window zero beat lines carried, own pair zero); idle 37 flat (abolished-path tag, window and new lines carry zero); nop 4->3 (window 2 out: R151 prior-summary accounting-embedded tag + R919 declaration honest tag; new summary accounting re-embeds the same tag +1; net -1 landing back on the in-register 3); sub 7->6 (two pair R-regex increments folded away at fold landing -2, own pair net +1, net -1 landing back on the in-register 6); paren 33 flat (pure-date-prefix summary replaced 1:1, zero drift) - registered, asserted pre-write (definitions calibrated byte-exact against state-preop-R918.bak and state-preop-R916.bak this round, all 8 keys reproducing exactly)
D. heartbeat row composed x1 (tick 920 current, lag 0 kept) ts= 2026-10-02T15:12:33+08:00
C. export derived: tick row 911->920 stale-value drift-fix (R556/R542 precedent) + R913 dict-shaped results row normalized to canonical list form (probe-breaking blemish, honest repair), R152 results row appended, self_drive W 56 / sub 6, idle 37 / nop 3, queues 6/2/2, proposals 1/1 disk-recounted; window label 2026-09-25..2026-10-02 kept
C. export composed, export_ts = 2026-10-02T15:12:33+08:00 , results rows = 287
AC-R1531c archive pure-append: 12652350 -> 12732887 B; markers 144 -> 145
AC-R1531b backup logs/state-preop-R920.bak written byte-identical
archive write committed (single wb write + prefix re-verified, markers 144->145)
state.json written (temp+replace, re-read asserted: tick 920, log 58 items [55 head + 1 summary + 2 closeout], probe in-register; head == pre-op head 55 items byte-equal except tick digit)
D. heartbeat row appended x1 (tick 920 current, lag 0 kept) ts= 2026-10-02T15:12:33+08:00
export written (temp+replace, re-read asserted: export_ts + results 287 rows + tick row 920 + zero dict-shaped rows)
AC-R1535 delivery: state log line + board row + commit contains P-2026-09-25-18 and cut-148 tags (P-51)
