AC-R1821 pre-op: 80381B dual-gauge, HEAD==disk byte-identical (sha16 56f3e7267850a161), tick 997, log 60 items, no BOM no trailing LF, canonical round-trip PASS; round-start tree = ['M src/os/backlog.md'] (backlog.md single dirty = own R998 pre-registration row)
AC-R1822 window = [R181 rolling summary + R996..R997 two pairs] 5 rows identified (10936B content); kept=0 (window extends to log tail, no third pair, R988/R991/R994/R996 isomorph); head block 55 items verbatim (66941B content)
probe pre  : {"W": 58, "idle": 38, "idle_round": 9, "nop": 2, "wait": 2, "round": 25, "tokens": 10, "sub": 6}  (== read-only calibration this round, register method computed before writing)
AC-R1822 catalog chain: R160 base 286 (tail C-K163a) + 17 archive links R940..R988 + R991 link + R994 link + R996 archive-section link (R180 roll embedded 3=AC-R1791/AC-FD21a/AC-FD22a) + live R181 roll link 3=AC-R1801/AC-FD23a/AC-XP1 = 529, arithmetic continuous, per-link list verified
AC-R1822 catalog: live R181 roll embedded 3 in prior + window new 2 ['AC-R1811', 'AC-FD24a'] (folded-line extraction vs retained-set diff + catalog-set exclusion, R979 engine criterion) + win[0] zero-new residual check = [] clean = 529->531; missing=[] asserted
AC-R1822 compress-precedent list carried mechanically (range end R758..R994 -> R758..R996, latest completed fold before this round)
probe post projection: {"W": 56, "idle": 37, "idle_round": 8, "nop": 2, "wait": 1, "round": 23, "tokens": 9, "sub": 6}  (asserted pre-write); export self_drive pre-op mechanical re-derivation (56, 36, 2, 9) vs R997-recorded stored register (56,35,2,10): idle -1 + sub +1 drift = R997 closeout recorded 35 while the takeover-mention line counts as an idle-fast mention; honest drift note, post-refresh re-derives mechanically (R949/R976 precedent)
export self_drive post projection: W/idle/nop/sub = 54/35/2/9 (W 56-5+3, idle head-only after window removal, nop 2 flat R181-roll carries no tag, sub = W-idle-tokens-P2 formula carried)
AC-R1824 in-fold projection: post-fold 72738 B, final 76199 B margin 2301 B (<= 78,500B gate satisfied in-fold)
S_new 3325 B / E_new 3176 B / T_new 269 B structural constraints all pass (prefixes, tag accounting, no forbidden tags)
AC-R1823b top fields flat (DEC 131 tokens / ORD 2026-09-28 22:1x / GORD 152 flat / BENCH 2026-10-03), tick 997->998 only, head region byte-identical except tick digit
gated-file trigger check: legal-review draft (HQ window 10-03 12:00 not yet due, 11:25 measured) + BigLife R777 review file double-path zero hits = not delivered, chronic continuation (backlog open rows carry)
PHASE B (--write): verify-then-write sequence
AC-R1821 backup logs/state-preop-R998.bak written byte-identical (80381B)
AC-R1823c archive pure-append: 15093784 -> 15174246 B; markers 174 -> 175
AC-R1823d state.json written (temp+replace, re-read asserted: tick 998, log 58 items = 55 head + 1 roll + 2 closeout, probe in-register, dual-gauge parse pass)
AC-R1824 final size: 76199 B, margin 2301 B under 78,500B gate; post-fold 72738 B
export refreshed: export_ts=2026-10-03T11:32:13+08:00 tick-row 998, R182 result row appended, self_drive 54/35/2/9 zero-hardcode re-derived (R997-recorded idle drift honestly corrected), method note appended, BOM utf-8-sig parse-back PASS
heartbeat R998 row appended
AC-R1825 backlog R998 row closed with measured values (checkbox flipped, claim + done in one row, pre-registration honored)
AC-R1825 delivery: state log R998 lines + backlog R998 done row + commit contains P-2026-09-25-18 (P-51 protocol)
GORD flat companion note: canonical scan sha16 257A6CC1056A1759 same baseline gord_new_rows=0, last_gord_tbl_rows 152 unchanged, CEO physicals zone unchanged. D-20260930-19 consumption steps derived pass: (1) decisions dispatch board zero new company rows (DEC 131 tokens flat), (2) group orders CEO-physicals zone zero change. O-013-4 daily duty covered by day-first round R961 (not re-scanned, anti-rescan law). Fold-round write set discipline: backlog + state.json + qa log + export + heartbeat only (git set: 5 files, logs/ gitignored disk-side double insurance).
