== qa/reorg-R1109.log fold R229 (229th compression knife, P-2026-09-25-18 item-5 mainline) ==
PASS AC-R2291 state pre-op = 78710 B (round-start first-measure over the 78500B line by 210B = R1108 carry-note honored)
PASS AC-R2291 state has no BOM (R1067+ BOM-less convention); no CR bytes; no trailing LF
PASS AC-R2291 state pre-op byte-identical to git HEAD blob (OID dual-verify; state untouched by claim landing)
PASS AC-R2291 tree carries claim-landed backlog only (content-level git diff --name-only)
PASS AC-R2291 pre-parse tick 1108 | log items 62 | six top-level fields in canonical order
PASS AC-R2291 backup logs/state-preop-R1109.bak byte-identical (78710 B)
PASS AC-R2291 export roundtrip byte-identity (BOM + indent2, no trailing LF)
PASS AC-R2291 export stored sd == (33, 24, 2, 4); live mechanical recount == (37, 24, 2, 6); delta reconciliation stored + R1107..R1108 two-pair increments (4,0,0,2) exact
PASS AC-R2292 R228 rolling summary located at log item 56; window lines 57..62 = R1106..R1108 three pairs (round numbers consecutive 3/3, tail = final log item, no comma)
PASS AC-R2292 window 7 lines = 9164 B content measure (utf-8 byte caliber, R1106 10444B precedent) | got 9164
PASS AC-R2292 removed-window 7 lines substring-verified clean (three banned substrings zero-hit 7/7)
PASS AC-R2292 mechanical round list R1106..R1108 consecutive 3/3 zero missing (pair criterion: 1 round + 1 tokens line each; three round types score 1/0/0)
PASS AC-R2292 P/D catalog mechanical dedup == pre-registered 19 tokens (boundary-guarded, BD-PROP embedded excluded; R228 set 18 + window-absorbed 1 = D-20260930-05, R1108 dispatch-board span-notation first token, honestly absorbed)
INFO P/D catalog (19 tokens): P-2026-09-25-18,D-20260929-03,D-20260930-18,D-20261001-03,D-20261002-08,D-20261003-02,D-20261004-01,D-20261004-02,P-2026-10-02-09,P-2026-10-03-01,P-2026-10-03-02,D-20261004-03,D-20261004-04,D-20261004-05,D-20261004-06,P-32,P-56,P-74,D-20260930-05
PASS AC-R2292 rolling summary composed: counter hygiene three banned substrings zero-hit (and window-P2 counter protected)
PASS AC-R2294 post-fold composed 70681 B, under the 78500B line by 7819 B
PASS s4.fin.margingate | final 73941 B margin 4559 B under the 78500B gate
PASS closeout fixed-point converged in 2 passes (ROUND embeds board-pre/board-final 16219/13847 B, CLOSURE embeds state-final 73941 B), single-clean lineage, zero repo writes before all asserts green
PASS AC-R2294 post-fold window-line recount (31, 24, 2, 3) == predicted (roll line in-window W+1, R1106 isomorph)
PASS AC-R2293 composed parses: tick 1108->1109, log 62->56 (fold, 7->1 kept=0) ->58 (closeout pair), item 56 = R229 rolling summary verbatim, six top-level fields preserved
PASS s4.post.closeout recount (33, 24, 2, 4) == family-predicted (W -7 +1 roll +2 pair; sub -4 removed round lines +1 R1109 line)
PASS s6.export | export_ts ISO8601 refreshed, tick row 1106->1109, R1109 results row, sd 33/24/2/4 -> 33/24/2/4 symmetric flat, ceo_face.current=R1109, nm fold-chain updated, 384970 B
PASS postwrite.state | 73941 B (fold 70681 -> closeout 73941); json.loads leg verified (tick=1109 logn=58 sd=33/24/2/4)
PASS postwrite.export.reparse (json.loads leg; PS dual-parser leg follows in shell)

== POST-CLOSEOUT CROSS-VERIFY (R1109 dual round) ==
PASS state.json final = 73941 B; tick 1108->1109; log 62->56 (fold) ->58 (closeout pair); json.loads pass (tick=1109 logn=58)
PASS AC-R2295 receipt legs: R229 rolling summary in register (item 56) + R1109 log lines in register (items 57/58); commit leg verified at commit (P-2026-09-25-18 carried per P-51)
PASS sd chain: round-start stored (33,24,2,4) + two-pair drift (4,0,0,2) == live (37,24,2,6); post-fold (31,24,2,3); post-closeout (33,24,2,4) == export self_drive (F3, zero drift, symmetric flat vs R1106 register)
PASS fold citations materialized: pre-op backup logs/state-preop-R1109.bak 78710 B byte-identical; post-fold 70681 B under the 78500B line by 7819 B; final 73941 B margin 4559 B under the 78500B gate
NOTE dual-round R1109 (R1106 isomorph): fold R229 + board knife cut-224 in the same round; round score 1 = ledger-maintenance mechanism file per Executive Protocol v1.1. Closeout fixed-point iteration converged in 2 passes, single-clean lineage, zero repo writes before all asserts green (verify-then-write held).
SUITE PASS - AC-R2291..R2295 all green; delivery AC-R2295 completed by commit carrying P-2026-09-25-18
