PASS AC-R2571 state BOM + trailing LF + no CR + pre-op disk bytes = 79811 byte-identical to git HEAD blob (sha16 2DF891918872B16F)
PASS AC-R2571 roundtrip byte-identity (indent2, BOM-less content 79808B + trailing LF); round-start first-measure scan gauge 79808B over the 78500B line by 1308B = R1174 carry-note honored
PASS AC-R2571 backup logs/state-preop-R1175.bak byte-identical (79811 B)
PASS AC-R2571 round-start tree face: only claim row (src/os/backlog.md) as pre-registered
INFO export stored self_drive = (5, 1, 1, 1) ; formula live recount = (5, 1, 1, 1) ; pair delta since last refresh = (0,0,0,0) (log 58 items byte-identical to R1174 closeout commit = zero drift by construction)
PASS AC-R2571 calibration probe: export stored sd (5,1,1,1) + pair delta (+0,+0,+0,+0) == live (5,1,1,1) (zero drift this fold window)
PASS AC-R2572 window line 0 = R256 rolling summary :: 2026-10-05（R1135..R1173 窗口·R256 整编第二百五十六刀压窗｛P-
PASS AC-R2572 window pair = R1174 round+tokens lines (single-round pair), window tail = final log item (R1174 tokens)
PASS AC-R2572 window 3 lines = 10223 B content measure (probe-measured exact value)
PASS AC-R2572 removed-window banned-substring mechanical count = zero hits {'idle-fast': 0, 'no-pullable': 0, 'nop': 0} (originals addressable via pre-op backup + git history)
PASS AC-R2572 39-round carried score list mechanically located (39 values)
PASS AC-R2572 carried token catalog == 48 (R256 carry verbatim; must-have P-51 present; last token P-51)
PASS AC-R2572 P/D catalog mechanical dedup == 48 carried + 0 newly registered (BD-PROP guard; boundary guard) zero new tokens, dual-window zero new order numbers
PASS AC-R2572 new roll line banned-substring three-family zero hits
PASS AC-R2572 40-round score list mechanically derived (39 carried + R1174=1); mechanical round-number column R1135..R1174 continuous, zero gaps
INFO roll line composed 7590 B; carried R1135..R1173 notes verbatim from R256 roll + R1174 fresh note
INFO naive predicted gauge 77159B (window 10223B out, roll 7590B in, item-structure -16B for 2 removed items); exact serialized prediction 77159B; margin 1341B under the 78500B line
INFO predicted post-fold recount (3, 1, 1, 0) by delta math (pair removal -2 w / -1 sub, paren roll swap zero); formula recomputed (3, 1, 1, 0)
PASS AC-R2573 top-level seven fields preserved (tick/log/last_order/last_decision_rows/benchmarks_refreshed/last_gord_tbl_rows/last_dec_tokens)
PASS AC-R2573 composed parses, tick 1174 preserved; log items 58 -> 56 (3 -> 1, kept=0); head block 55 items verbatim; log item 55 = R257 rolling summary (composed verbatim, 7590 B)
PASS AC-R2574 post-fold measured 77159 bytes scan-gauge (disk 77162 B), under the 78500B line by 1341 B
PASS AC-R2574 dual-parser pass (json.loads + PS ConvertFrom-Json, tick 1174, log 56 items)
AC-R2575 PENDING receipt = state R257 rolling summary + R1175 log lines in register + commit message contains P-2026-09-25-18 (P-51 three-carrier rule)
SUITE PASS 5/5 pre-closeout (R2575 delivery leg verified at commit; post-closeout cross-verify appended by closeout stage)
PASS AC-R2575 post-closeout cross-verify: tick 1175 log 58, rolling row at index 55 head='2026-10-05（R1135..R1174 窗口·R257 整编第二百五十七'
SUITE PASS 6/6 post-closeout (R2571..R2575 all green; R1174 done row migrated sec R1175; state final 80170B)
