AC-R1711 pre-op bytes=80121 (getsize same by definition; scan reported 80121 at round start)
AC-R1711 pre-op == git HEAD blob byte-identical
AC-R1711 tick=965 log=62 items, canonical form, round-trip stable, tree clean at round start, write set = backlog+fold+closeout
AC-R1712 window = [R170 roll + R963/R964/R965 three pairs] 7 rows identified; kept=0 (window runs to log tail, R960 pattern); head block 55 items verbatim
window content bytes (7 rows) = 10660
probe pre: {"W": 33, "round": 27, "tokens": 11, "sub": 30, "idle_round": 11, "idle": 38, "nop": 3, "wait": 2}
AC-R1712 catalog 441+44=485, new tokens: AC-FD10a/AC-FD8a/AC-FD9a/AC-HB1/AC-K168a/AC-L8/AC-R1651/AC-R1661/AC-R1671/AC-R1681/AC-R1691/AC-R1701/AD-011/AD-042/C-FD8/C-FD8a/C-FD9/C-FD9a/C-K168a/C-R1741/D-20260929-03/D-20260930-1/D-20260930-19/D-20260930-1x/D-20261001-03/D-20261002-08/D-20261002-09/D-20261003-01/D-20261003-02/O-013/O-020/O-20261002-2124-bm-c/OH-20261002-CPH4/P-2026-09-29-13/P-2026-10-02-02/P-2026-10-02-04/P-2026-10-02-05/P-2026-10-02-06/P-2026-10-02-07/P-2026-10-02-08/P-2026-10-02-09/P-47-2/R-20261002-ccgs-adoption-verdict/R-20261002-publishing-face-research, missing=[] asserted
compress precedent chain carried: R758..R964 (mechanical check on R170 roll anchor)
AC-R1712 post-fold+closeout projection: probe register = {"W": 33, "round": 23, "tokens": 9, "sub": 27, "idle_round": 11, "idle": 38, "nop": 2, "wait": 1}
AC-R1714 terminal size = 75256B, margin 3244B <= 78,500B gate
AC-R1712 probe pre->post zero drift vs register asserted
AC-R1713 head block 55 items verbatim; log 58 items; tick 966; top fields preserved (last_order/last_decision_rows 237/benchmarks_refreshed/last_dec_tokens unchanged; last_gord_tbl_rows 152 unchanged - GORD flat round)
roll/close1/close2 structural constraints all pass (prefixes, accounting tags, no beat/quote/backslash)
archive markers before = 163 (in-register expectation 163 per R964 fold close)
export composed (BOM utf-8-sig preserved): export_ts/tick 966/R171 results row/self_drive recount (log_win=53 idle_fast=37 nop=2 substantive=14 main=6 tech=2 explore=2)
AC-R1711 backup logs/state-preop-R966.bak written byte-identical
AC-R1713 archive pure-append: 14194583 -> 14274785 B; markers 163 -> 164
AC-R1713 state.json written (re-read asserted: tick 966, log 58 items = 55 head + 1 roll + 2 closeout, probe in-register, dual-gauge parse pass)
heartbeat R966 row appended
export refreshed (BOM preserved utf-8-sig): tick 966 + R171 results row + self_drive recount written
AC-R1715 delivery: state log R966 lines + backlog R966 done row + commit message carries P-2026-09-25-18 (P-51 protocol)
GORD flat companion note: canonical scan sha16 257A6CC1056A1759 same baseline gord_new_rows=0, last_gord_tbl_rows 152 unchanged, CEO physicals zone unchanged (merchant-id/server/domain/filing still pending). D-20260930-19 consumption steps derived pass: (1) decisions dispatch board zero new company rows (DEC 131 tokens flat), (2) CEO physicals zone unchanged. Worktree-vs-origin read-path drift (local uncommitted orders +5 CEO rows, ledger local HEAD 271 behind origin 276) = non-canonical read delta, not a state change; GROUPSRC all origin-main zero fallback.
