AC-R1701 pre-op bytes=80473 (getsize same by definition; scan reported 80473 at round start)
AC-R1701 pre-op == git HEAD blob byte-identical
AC-R1701 tick=963 log=64 items, canonical form, round-trip stable, tree clean at round start, write set = backlog+fold+closeout
AC-R1702 window = [R169 roll + R960/R961/R962 three pairs] 7 rows identified; R963 pair kept (2 rows, survives to next fold window); head block 55 items verbatim
window content bytes (7 rows) = 8320
probe pre: {"W": 33, "round": 29, "tokens": 12, "sub": 28, "idle_round": 11, "idle": 38, "nop": 4, "wait": 2}
AC-R1702 catalog 407+34=441, new tokens: AC-FD8a/AC-FD9a/AC-K168a/AC-R1651/AC-R1661/AC-R1671/AC-R1681/AC-R1691/AD-011/AD-042/C-FD8/C-FD8a/C-FD9/C-FD9a/C-K168a/C-R1741/D-20260930-19/D-20261001-03/D-20261002-08/D-20261002-09/D-20261003-01/O-020/O-20261002-2124-bm-c/OH-20261002-CPH4/P-2026-09-29-13/P-2026-10-02-02/P-2026-10-02-04/P-2026-10-02-05/P-2026-10-02-06/P-2026-10-02-07/P-2026-10-02-08/P-2026-10-02-09/R-20261002-ccgs-adoption-verdict/R-20261002-publishing-face-research, missing=[] asserted
compress precedent chain carried: R758..R960 (mechanical check on R169 roll anchor)
AC-R1702 post-fold+closeout projection: probe register = {"W": 33, "round": 25, "tokens": 10, "sub": 28, "idle_round": 11, "idle": 38, "nop": 3, "wait": 2}
AC-R1704 terminal size = 77528B, margin 972B <= 78,500B gate
AC-R1702 probe pre->post zero drift vs register asserted
AC-R1703 head block 55 items verbatim; R963 pair verbatim; log 60 items; tick 964; top fields preserved (last_order/last_decision_rows 237/benchmarks_refreshed/last_dec_tokens unchanged; last_gord_tbl_rows 152 unchanged - GORD flat round)
roll/close1/close2 structural constraints all pass (prefixes, accounting tags, no beat/quote/backslash)
archive markers before = 162 (in-register expectation 162 per R960 fold close; actual recorded honestly)
export composed (BOM utf-8-sig preserved): export_ts/tick 964/R170 results row/self_drive recount (log_win=53 idle_fast=37 nop=3 substantive=15 main=6 tech=2 explore=2)
AC-R1701 backup logs/state-preop-R964.bak written byte-identical
AC-R1703 archive pure-append: 14114029 -> 14194583 B; markers 162 -> 163
AC-R1703 state.json written (re-read asserted: tick 964, log 60 items = 55 head + 1 roll + 2 kept + 2 closeout, probe in-register, dual-gauge parse pass)
heartbeat R964 row appended
export refreshed (BOM preserved utf-8-sig): tick 964 + R170 results row + self_drive recount written
AC-R1705 delivery: state log R964 lines + backlog R964 done row + commit message carries P-2026-09-25-18 (P-51 protocol)
GORD flat companion note: canonical scan sha16 257A6CC1056A1759 same baseline gord_new_rows=0, last_gord_tbl_rows 152 unchanged, CEO physicals zone unchanged (merchant-id/server/domain/filing still pending). D-20260930-19 consumption steps derived pass: (1) decisions dispatch board zero new company rows (DEC 131 tokens flat), (2) CEO physicals zone unchanged. Worktree-vs-origin read-path drift (local uncommitted orders +5 CEO rows, ledger local HEAD 271 behind origin 276) = non-canonical read delta, not a state change; GROUPSRC all origin-main zero fallback.
