R1224 fold R297 probe start, apply=True
AC-R2971 pre-op: disk_bytes=80859
AC-R2971 disk==HEAD blob=True hash-object dual-check=True
AC-R2971 gauge=80856 over_78500=2356
tick=1223 log_count=51
log[-9] bytes=1216 PRE=2026-09-27（R461..R467 窗口·R468 触线轮整编 R19 第十九次压缩〔P-2026-09-25-
log[-8] bytes=2802 PRE=2026-09-27 R468（~2250 beat）非 idle-fast 收账（轮首首项=state.json 再整
log[-7] bytes=228 PRE=2026-09-27 R468 tokens: local=unmeasured api=unmeasured api_
log[-6] bytes=714 PRE=2026-09-27（R469..R473 窗口·R474 触线轮整编 R20 第二十次压缩〔P-2026-09-25-
log[-5] bytes=24422 PRE=2026-10-05（R1135..R1221 窗口·R296 整编第二百九十六刀压窗｛R1221 收账承传注记「fol
log[-4] bytes=1127 PRE=2026-10-05 R1222（~1804）fold R296 水位整编（扩窗裁定）+cut-288 两项一轮收账（轮
log[-3] bytes=224 PRE=2026-10-05 R1222 tokens: local=unmeasured api=unmeasured api
log[-2] bytes=945 PRE=2026-10-05 R1223 五静检出改道转全任务书轮（backlog claimable 触发③面）：九面扫描全 
log[-1] bytes=219 PRE=2026-10-05 R1223 tokens: local=unmeasured api=unmeasured api
AC-R2971 sd probe pre=(5, 0, 0, 2) register=(3, 0, 0, 1) drift_note=register stale at R1222-closeout value (3,0,0,1): R1223 closeout appended its pair but did not re-derive self_drive -- pre-existing calibration gap caught by this verify-then-write probe BEFORE any write; fold proceeds on actual log counts; this round's closeout re-derives self_drive from the actual log per F3 (heals drift)
export_bytes=437822 results=483 export_ts=2026-10-05T18:17:58+08:00
AC-R2972 surgical block (9 lines) found=True indent='    '
AC-R2973 head block entries 0..41 verbatim preserved by byte-surgical tail replacement (idx=29275)
AC-R2972 removed 9 lines bytes=31897 (cold19=1216 r468s=2802 r468t=228 cold20=714 roll=24422 r1222s=1127 r1222t=224 r1223s=945 r1223t=219)
old_roll header_len=221 window_desc_len=241 chain_len=23786
AC-R2972 scoring chain updated: 87->89 rounds, sum 61->63 (+16 bytes)
AC-R2972 cold-segment P/D tokens=['P-2026-09-25-18', 'P-2026-09-26-04', 'P-2026-09-27-03', 'P-2026-09-27-07']
AC-R2972 chain with combined note4 inserted: 24367 bytes (note4=563)
AC-R2972 P/D catalog: total=72 removed-lines-candidates=33
AC-R2972 new roll bytes=26493 (header=846 chain-carry=24367 digest=1280) banned-literals clean, FINB carry-only
AC-R2974 verify-then-write: predicted post gauge=75388 margin=3112 gate_pass=True
AC-R2972 post-fold sd probe=(1, 0, 0, 0) expect (1,0,0,0)
AC-R2972 P/D catalog 72 -> 72 lost=[]
tokens-line count 10 -> 7 (R468+R1222+R1223 tokens lines folded out)
AC-K289a board: stale_done=1 claim_row=1 open_rows=7 backlog_bytes=19136 bom=True
AC-K289a board head 4 lines verbatim check len=[27, 1, 159, 52]
AC-K289b archive pre-append: strict=194 register=271 tail_lf=True bytes=737921 bom=False (expect 194/271 per cut-288 close)
AC-K289c 09 archive lock bytes=358597 (unchanged)
AC-K289c pure-append: +bytes=3010 strict 194->195 register 271->272 (+1 measured)
AC-K289d main board post: lines=15 stale_done=0 open=7 claim_kept=True
AC-R2974 WRITTEN: post disk=75391B gauge=75388B == predicted=True margin=3112
WRITTEN: state fold R297 + cut-289 board migration done
