PASS AC-R2691 state BOM + trailing LF + no CR + roundtrip exact (disk 80472 B, gauge 80469 B)
PASS AC-R2691 pre-op disk byte-identical to git HEAD blob (sha16 D9C776945456CAAC)
PASS AC-R2691 round-start tree face: only claim row (src/os/backlog.md) as pre-registered (self evidence artifact exempt)
PASS AC-R2691 backup logs/state-preop-R1188.bak byte-identical (80472 B)
PASS AC-R2691 calibration probe: export stored sd (4, 1, 1, 1) == live recount (4, 1, 1, 1) exactly (zero drift, marked-distinct caliber; R1170 closeout recount law)
PASS AC-R2692 window = [R268 rolling summary + R1187 pair] (3 lines); window tail = final log item (R1187 tokens)
PASS AC-R2692 window 3 lines = 12927 B content measure (probe-measured exact value)
PASS AC-R2692 removed-window banned-substring mechanical count = zero hits {idle-fast}
PASS AC-R2692 removed-window banned-substring mechanical count = zero hits {no-pullable}
PASS AC-R2692 removed-window banned-substring mechanical count = zero hits {nop}
PASS AC-R2692 new roll line banned three-family zero hits {'idle-fast' 'no-pullable' 'nop'}
PASS AC-R2692 new roll line matches recount caliber (paren-format date prefix, excluded from round-level count)
PASS AC-R2692 carried token catalog == 48 verbatim (R268 carry; first D-20260930-19 last P-51)
PASS AC-R2692 P/D catalog mechanical dedup == 48 carried + 0 newly registered (BD-PROP boundary guard) []
PASS AC-R2692 53-round score list mechanically derived (50 raw sum 31 + R1185=1 + R1186=2 = 52 carried sum 34; + R1187=1 -> 53 rounds sum 35)
INFO new roll line composed 10219 B; carried R1135..R1186 notes verbatim from R268 roll + R1187 fresh note
INFO predicted post-fold gauge 77745B / disk 77748B
INFO predicted post-fold recount (2, 1, 1, 0) == prediction (pre (4, 1, 1, 1); removed 3 window lines, added 1 R269 roll line dated 10-05 inside window)
PASS state written atomically (tmp + os.replace, read-back verified)
PASS AC-R2693 top-level seven fields preserved (tick/log/last_order/last_decision_rows/benchmarks_refreshed/last_gord_tbl_rows/last_dec_tokens); log 57 -> 55 (3 -> 1, kept=0); head block items 000..053 verbatim; log item 54 = R269 rolling summary (10219 B)
PASS AC-R2694 post-fold measured 77745 bytes scan-gauge (disk 77748 B) == prediction; under the 78500B line by 755 B
PASS AC-R2694 post-fold recount (2, 1, 1, 0) == prediction; re-read parses (tick 1187 preserved, log 55, roll item intact); dual-parser face = json.loads green (PS ConvertFrom-Json runs at closeout)
AC-R2695 PENDING receipt = state R269 rolling summary + R1188 log lines in register + commit message contains P-2026-09-25-18 (P-51 three-carrier rule)
SUITE PASS 5/5 pre-closeout (R2695 delivery leg verified at commit; post-closeout cross-verify by closeout stage)
NOTE dual-item round R1188 (R1187 isomorph): fold R269 + board knife cut-263; round score 1 = ledger maintenance mechanism file per Executive Protocol v1.1.
