AC-R3761 PASS pre-op byte-identity re-verified vs HEAD blob (sha16 bd0f2456168b68fc, blob 306ad64e486186e5, 78725B, no BOM, no trailing LF, indent=2 round-trip exact; backup state-preop-R1459.bak on disk); calibrations vs R1454/R1457 backups green (window sums 8572B/9475B, sha16 5fee3ba51bc614f4)
AC-R3765 PASS P/D catalog 91 -> 91 mechanical union zero-loss re-verified (new registers: none; extracted 66 tokens over all 5 window lines, all already registered, zero new entry; extraction regex [A-Z]{1,3}-[0-9][0-9A-Za-z-]* carried uniform from R1449/R1452/R1457); window shape asserted [R1457 roll line + R1457/R1458 two pairs] 5 lines 8168B content-sum
AC-R3763a PASS rebuild fixed-point converged in 1 passes and rebuilt artifact is BYTE-IDENTICAL to on-disk state.json (post-fold stage 74110B, closeout stage 76723B) - re-proves roll line, closeout digits, sizes and sd in one shot
AC-R3763b PASS final 76723B under the 78500B gate by 1777B (re-verified on disk)
AC-R3763c PASS sd mechanical recount over on-disk post-fold state log asserted in-script: window 23 / idle 0 / nop 1 / sub 9, log lines-in-window pre-fold 25 -> post-fold 23 [-5 window fold absorbed, +1 roll line, +2 R1459 pair], sub pre-fold 10 -> post-fold 9 [-2 folded round lines R1457 fold / R1458 waiting, +1 R1459 fold round line; caliber = date+R#### lines excluding tokens lines, window-anchored ^2026-10-0[1-7] per R1452 method], nop 1 flat [folded window zero-mention honestly noted; residual 1 = 2026-10-05 cold summary line], idle 0 flat [idle-fast path abolished P-2026-09-28-02]
AC-R3763d PASS verify-then-write re-verified: predicted 76723B == actual 76723B on disk (byte-exact size check, byte-identical rebuild)
AC-R3764a PASS python json.loads OK re-read of on-disk artifact (log 26 entries, tick 1459, decRows 212 unchanged, baseline fields untouched)
AC-R3762 PASS archive section R1459 re-verified: 5 window lines verbatim in-section, markers 100->101 (all-markers basis, R1457 99->100 chain carried), fold-append-format subset 28->29 (exact ' fold append' string basis); on-disk 1364822B (local logs/ not in git per .gitignore)
AC-R3766a PASS export roundtrip probe re-verified: BOM utf-8-sig + indent=2, no trailing newline
AC-R3766b PASS export tick row 1457 -> 1459 flushed (R1458 pair drift resolved), results 566 -> 567
AC-R3766c PASS queue/proposal recounts re-verified 6/2/2 and 3-total/1-open (python open-checkbox recount, export fields agree)
AC-R3766e PASS export post-write probe byte-exact (BOM preserved, no trailing newline)
AC-R3766f PASS export results 567 rows post-write, tick row [12] = 1459, last row = R1459 fold row, sd 23/0/1/9 written (F3 derived from state log)
AC-R3766f2 PASS ceo_face three rows re-verified in place (current=R1459 fold round, latest_artifact=R1459 fold artifact, next_milestone=OSS window5)
AC-R3766d0 PASS HB file-tail CRLF caliber re-verified (junction byte intact, R1443 recurring-defect guard)
AC-R3766d PASS HB R1459 row on-time lag=0 (splitlines caliber -> 1105 rows, last row tick 1459, CRLF file-tail caliber)
AC-R3766-as PASS auto-saves standing step (BD-PROP-002 pilot) re-measured this pass 453.0MB/338 items under 500MB line no clean (pass-1 measurement 453.0MB/338 recorded in closeout)
AC-R3764b PASS dual-parser: PowerShell ConvertFrom-Json external post-write check via explicit UTF8 read OK (state tick=1459 log=26 decRows=212; export results=567 tickrow=1459 lastrow=R1459 fold row=True sd nop=1 win=23 sub=9; HB last row tick1459=True) - pass-1 probe syntax bug (bare tick= token parsed as command name, inherited unfixed from fold_R1457.py pass-1 form) fixed to positional Write-Output, superseded
AC-R3766g PASS git tracked-dirty set == intended files pre-commit (?? qa/reorg-R1459.log; M docs/status-export.json; M heartbeat.txt; M src/os/state.json) [logs/ gitignored per .gitignore; qa/*.log un-ignored via !qa/*.log negation; full QA log finalized after this check] - pass-1 miss of the ?? line root-caused to core.untrackedCache=true staleness race on the freshly created empty file (R1457 pass-1 same root cause), re-verified green here
ROUND-CONTEXT INFO nine-face scan ran pre-fold ~15:05 zero FLAG (STATE 78725B over 78500B line by 225B = fold R376 trigger, R1458 carry-note honored; LEDGER 110 lines conflict=0 atbd_rows=0 lastp all-receipted [P-2026-10-06-05/P-2026-10-07-01/P-2026-10-07-02]; DEC 212 tokens flat; GORD 133 rows gord_new_rows=0 zero new order [last-3 table rows 10-07 batch = R1428/R1448 judged anti-rescan]; ORD/BENCH flat; QA same-day evidence on disk smoke-R1385+reconcile-daily-20261007; HB lag 0; TREE clean in sync; TASKS queue gated: OSS window5 claim window opens 10-07 15:07 post-watchdog scan, this round STARTED 15:04 pre-window per board mandate no early claim, round classified by start time, next round (first at/after 15:07) claims, in-band delivery 19:00-21:50, hard line 10-08 03:07; claimable=5 all individually gated: OSS pre-window, radar list ETA 10-08 21:40, R777 chronic, bootstrap CEO physicals, daily duties done R1385; proposal window 10-06..10-13 quota cleared BD-PROP-003 R1254; P-32 daily zero-increment)
CARRY-NOTE INFO post-closeout state 76723B margin 1777B under gate; if post-closeout waterline again crosses 78500B then fold R377 = next-round first-measure ruling; window-byte caliber carried: UTF-8 content-sum (8168B this window, R1446 annotation chain); marker caliber: all-markers basis 100->101 (fold-append-format subset 28->29 QA-only, exact ' fold append' string)
PROCESS-NOTE INFO two-pass closeout: pass-1 executed the fold with all data-phase ACs green (state write 76723B, archive verbatim, export flush, HB row) but two verification ACs failed - AC-R3764b PS probe syntax bug (bare tick=... token parsed by PowerShell as a command name, stdout empty; inherited from fold_R1457.py which kept its own pass-1 buggy probe form) and AC-R3766g git status missed the freshly created empty ?? qa/reorg-R1459.log (root cause core.untrackedCache=true staleness race, R1457 pass-1 same); pass-2 = verification-only zero-data-writes, every AC re-verified from on-disk evidence + pre-op backup + HEAD, fold artifact proven BYTE-IDENTICAL by full rebuild; both pass-1 FAILs superseded with fixes documented (R1443/R1457 two-pass precedent, superseded-wrong-basis note per R1454 AC-R3742)
