qa/reorg-R1508.log - fold R399 water-level reorg evidence (R1508, P-2026-09-25-18 399th knife, single clean run)
PASS PRE-OP AC-R3991 no-BOM + trailing LF + zero CR (round-start first-measure disk 79561B, over the 78500B gate by 1061B = R1507 carry-note cashed, 399th knife)
PASS PRE-OP AC-R3991 disk 79561 == HEAD blob byte-identical (sha16 8edb7266293a06a5)
PASS PRE-OP AC-R3991 tree face clean (in-sync with origin/main 0/0, no index.lock)
PASS PRE-OP AC-R3991 backup logs/state-preop-R1508.bak written byte-identical (79561 B, local logs/ gitignored asserted)
PASS PRE-OP AC-R3991 top-level 7 fields intact (tick 1507, log 27)
PASS PRE-OP AC-R3991 window [R1506 roll line + R1506/R1507 two pairs] 5 lines 11432B (probe: 7289+1641+220+2103+179=11432)
PASS PRE-OP AC-R3991 window line heads/tails anchored (R1506 fold pair + R1507 no-pullable pair, roll = R1504..R1505 fold of R398); idle-fast zero hits; no-pullable legitimately present in roll carry + pair[3] (R1506 isomorph)
PASS PRE-OP AC-R3991 P/D catalog 106 tokens parsed from R1506 roll line register; window extraction 13 unique, NEW registered = 0 -> 106->106 flat (must-have P-2026-09-25-18 + GORD trio C-20261007-04/05 + O-20261007-2240 + lastp trio present, uniform regex [A-Z]{1,3}-[0-9][0-9A-Za-z-]* carried, R1491 evidence caliber; full-window strict sweep consistent zero new)
PASS PRE-OP AC-R3991 sd probe: stored (22,0,2,9) at R1506 flush; live now (24,0,3,10) = R1507 pair drift (+2/+1 sub/+1 nop) carried; roll-carry exchange resolves at this flush, post-closeout returns to stored-true (22,0,2,9), zero drift expected (R1506 corrected caliber first re-verification)
PASS PRE-OP AC-R3991 queue recount 6/2/2 open-checkbox + proposals 3 total / 1 open (BD-PROP-001/002/003 in-register, no 004)
INFO auto-saves standing step (BD-PROP-002 pilot) measured 442.7MB/322 items under 500MB line no clean
PASS PRE-OP AC-R3991 archive trailing LF + fold-append markers 123 (last = R1506), pure-append basis verified
VERIFY-NOTE R1506 flush claims re-verified on disk this round all TRUE (export tick row 1506 landed, results 590, sd 22/0/2/9, nop scalar 2) - zero defect carry, R1037-class drift absent, honest clean-chain record
PASS FOLD AC-R3992 new roll line composed 6537B (window header R1506..R1507 11432B + R1506 fold section + R1507 no-pullable section + heng-tail carried verbatim; catalog 106->106; idle-fast zero hits, must-have P-2026-09-25-18 present; next-fold anchor uniqueness asserted)
PASS FOLD AC-R3992 verify-then-write two-stage: fold-stage simulated 74634B + closeout simulated final 76468B margin 2032B, BOTH size gates simulated green before first byte written; fixed-point converged (3 iters)
PASS ARCHIVE AC-R3992 pure-append + prefix byte-identical; section R1508 = header + 5 window lines verbatim, re-verified byte-exact vs pre-op backup window (markers 123->124, fold-append subset 51->52)
PASS FOLD AC-R3992 fold stage written byte-exact: disk 74634B == prediction, json.loads green (tick 1507, log 23)
PASS CLOSEOUT AC-R3993 closeout written byte-exact: final disk 76468B == prediction (tick 1507->1508, gord baseline 36 carried flat no splice, log 25, tail trio = roll/R1508 round/tokens, scalars other than tick unchanged)
PASS CLOSEOUT AC-R3993 sd post-closeout recount (22, 0, 2, 9) == stored TRUE, zero drift, no correction this round (hits = 2026-10-05 cold summary line + R1508 roll line embedding folded R1507 no-pullable section)
PASS CLOSEOUT AC-R3994 dual-parser: python json.loads OK + PowerShell ConvertFrom-Json external check green (state tick=1508 log=25 decRows=212 gord=36; export results=591 sd=22/0/2/9)
PASS AC-R3995 P/D catalog 106 -> 106 mechanical flat, zero new registers honestly noted (window-extracted unique 13; register-diff asserted pre-write; must-have P-2026-09-25-18 + GORD trio + lastp trio present)
PASS AC-R3995 HB single-row append: R1508 row lag=0 (no backfill debt; R1507 row on disk), anchored header regex \| tick (\d+) \| applied; trailing LF preserved, 1154 -> 1155 newline-terminated rows, no new CR bytes introduced
PASS AC-R3996 export flush: export_ts 2026-10-07T23:58:09+08:00; tick row 1506 -> 1508 [R1506 splice claim verified landed on disk - zero drift, zero defect carry]; results 590 -> 591 (new fold row, score 1); sd re-derived 22/0/2/9 stored == TRUE zero drift (nop scalar stays 2); ceo_face current row updated to R1508 fold round, latest_artifact + next_milestone carried verbatim (R1460 OSS slice remains latest real artifact); roundtrip probe asserted pre-write and post-write; BOM utf-8-sig + indent=2 no trailing newline
ROUND-CONTEXT nine-face scan ran pre-fold ~23:5x zero FLAG (STATE 79561B over 78500B line by 1061B = fold R399 trigger; LEDGER 115 lines conflict=0 atbd_rows=0 lastp=P-2026-10-07-01/04/05 all receipted; DEC 212 tokens content-addressed flat; GORD tbl_rows=36 gord_new_rows=0 last-3 table rows already judged R1500/R1501/R1502 anti-rescan; ORD flat last=2026-09-28 22:1x; BENCH 1d refreshed 10-07 next 10-13; QA same-day evidence on disk smoke-R1385 png+log+reconcile-daily-20261007; HB lag=0; TREE clean in-sync 0/0 no lock) and queue gated zero pullable (radar window-5 list ETA 10-08 21:40; BigLife R777 chronic anti-scan R1238; bootstrap CEO physicals merchant-id/server/domain/filing/ICP unchanged; reconcile-daily + O-013(4) done today R1385 no rerun; OSS window-5 done R1460; proposal window 10-06..10-13 quota cleared BD-PROP-003 R1254); D-20260930-19 two consumption steps = scan mechanical coverage (dispatch board zero new BigDomain rows; CEO physicals area zero arrival signal); P-32 daily clear zero-new no HQ write; 24h commit scoring face R1460 2pts + same-day fold rounds 1pt each, idle-judgment negative condition not triggered
CARRY-NOTE post-closeout state 76468B margin 2032B under gate; if post-closeout waterline again crosses 78500B then fold R400 = next-round round-start first-measure decides; round score 1 = ledger maintenance mechanism item
