qa/reorg-R1504.log - fold R397 water-level reorg evidence (R1504, P-2026-09-25-18 397th knife, single clean run)
PASS PRE-OP AC-R3971 no-BOM + trailing LF + zero CR (round-start first-measure disk 80474B, over the 78500B gate by 1974B = R1503 carry-note cashed, 397th knife)
PASS PRE-OP AC-R3971 disk 80474 == HEAD blob byte-identical (sha16 eb0bb2b99dc42f5a)
PASS PRE-OP AC-R3971 serialization round-trip byte-identical (json.dumps indent=2 ensure_ascii=False + LF)
PASS PRE-OP AC-R3971 tree face clean (in-sync with origin/main, no index.lock)
PASS PRE-OP AC-R3971 top-level 7 fields intact (tick 1503, log 27)
PASS PRE-OP AC-R3971 backup logs/state-preop-R1504.bak written byte-identical (80474 B, local logs/ gitignored asserted)
PASS PRE-OP AC-R3971 window [R1502 roll line + R1502/R1503 two pairs] 5 lines 12345B (probe: 8260+1746+268+1894+177=12345)
PASS PRE-OP AC-R3971 window line heads/tails anchored (R1502 fold pair + R1503 no-pullable pair, roll = R1500..R1501 fold of R396)
PASS PRE-OP AC-R3971 P/D catalog 103 tokens parsed from R1502 roll line register
PASS PRE-OP AC-R3971 P/D catalog window extraction 81 unique, +3 NEW registered -> 103->106 (new = O-20261007-2240,P-2026-10-07-04,P-2026-10-07-05; bare O-20261007-2240 pseudo-form anti-re-report D-20260930-00 precedent, P-forms = ledger lastp rows first-appearing in R1502 closeout; must-have P-2026-09-25-18 present=True, uniform regex [A-Z]{1,3}-[0-9][0-9A-Za-z-]* carried, R1491 evidence caliber)
PASS PRE-OP AC-R3971 export format round-trip byte-identical (BOM utf-8-sig + indent=2 ensure_ascii=False no trailing newline)
PASS PRE-OP AC-R3971 sd probe: stored (22,0,1,9) at R1502 flush; live now (24, 0, 2, 10) = R1503 pair drift carried, resolved at this flush (R1201-isomorph precedent)
PASS PRE-OP AC-R3971 queue recount 6/2/2 open-checkbox re-derived, matches stored
PASS PRE-OP AC-R3971 proposals 3 total in-register (BD-PROP-001/002/003, no 004), open status carried (tree clean = boards unchanged since R1502 F3 flush)
PASS PRE-OP AC-R3971 archive trailing LF + fold-append markers basis verified
PASS PRE-OP AC-R3971 archive all-markers 121 / fold-append subset 49 (last = R1502), pure-append basis verified
INFO auto-saves standing step (BD-PROP-002 pilot) measured 450.6MB/314 items under 500MB line no clean
PASS FOLD AC-R3972 new roll line composed 6421B (window header R1502..R1503 12345B + R1502 fold section + R1503 no-pullable section + heng-tail carried standing block updated to R1503 values + catalog 103->106; banned families zero hits=True, must-have P-2026-09-25-18 present; next-fold anchor 'fold R398' asserted below)
PASS FOLD AC-R3964 verify-then-write two-stage: fold-stage simulated 74518B + closeout simulated final 76959B margin 1541B under the 78500B gate; BOTH size gates simulated green before first byte written
PASS ARCHIVE AC-R3972 pure-append + prefix byte-identical; section R1504 = header + 5 window lines verbatim, re-verified byte-exact vs pre-op backup window (markers 121->122, fold-append subset 49->50)
PASS FOLD AC-R3973 fold stage written byte-exact: disk 74518B == prediction, json.loads green (tick 1503, log 23)
PASS CLOSEOUT AC-R3973 closeout written byte-exact: final disk 76959B == prediction (tick 1503->1504, gord baseline 36 carried flat no splice, log 25, tail trio = roll/R1504 round/tokens, scalars other than tick unchanged)
PASS CLOSEOUT AC-R3973 sd post-closeout recount (22, 0, 1, 9) == stored terminal (22, 0, 1, 9) net-zero drift (R1503 pair resolved); next-fold anchor 'fold R398' unique in tail
PASS CLOSEOUT AC-R3974 dual-parser: python json.loads OK + PowerShell ConvertFrom-Json external check green (state tick=1504 log=25 decRows=212 gord=36)
PASS AC-R3975 HB single-row append: R1504 row lag=0 (no backfill debt; R1503 row on disk), anchored header regex \| tick (\d+) \| applied; trailing LF preserved, 970 -> 971 newline-terminated rows, no new CR bytes introduced
PASS AC-R3976 export flush: export_ts 2026-10-07T23:20:00+08:00; tick row 1502 -> 1504 (R1503 no-flush pair drift resolved by this flush, R1201-isomorph precedent); results 588 -> 589 (new fold row, score 1); sd re-derived 22/0/1/9 mechanical recount asserted; ceo_face current row updated to R1504 fold round, latest_artifact + next_milestone carried verbatim (R1460 OSS slice remains latest real artifact); roundtrip probe asserted pre-write and post-write; BOM utf-8-sig + indent=2 no trailing newline
CARRY-NOTE post-closeout state 76959B margin 1541B under gate; if post-closeout waterline again crosses 78500B then fold R398 = next-round round-start first-measure decides; round score 1 = ledger maintenance mechanism item
