AC-R1731 pre-op: 81083B dual-gauge, HEAD==disk byte-identical, tick 972, log 64 items, no BOM no trailing LF, canonical form; round-start tree = ['M src/os/backlog.md'] (backlog.md single dirty = own R973 pre-registration row, R972 closeout carry-note product, own write set, honest variance vs clean-tree register note)
AC-R1732 window = [R172 rolling summary + R969..R971 three pairs] 7 rows identified; R972 pair kept (next-window object, R970 pattern); head block 55 items verbatim; window content bytes = 10207, head content bytes = 66941
probe pre  : {"W": 62, "idle": 37, "idle_round": 8, "nop": 5, "wait": 4, "round": 29, "tokens": 12, "sub": 9}  (== R973 read-only probe calibration this round, register method computed before writing; round counter includes tokens-line prefixes; nop 5 carries R969/R971 declaration lines + kept R972; wait 4 carries R969/R970/R971 closeout tags + kept R972)
AC-R1732 post-fold+closeout projection: probe register = {"W": 58, "idle": 37, "idle_round": 8, "nop": 3, "wait": 2, "round": 25, "tokens": 10, "sub": 7}  (asserted pre-write; W 62-7+1+2; round 29-6+2; tokens 12-3+1; sub 9-3+1; nop 5-2 window R969/R971 declaration lines out +0 new; wait 4-3 window R969/R970/R971 closeout tags out +1 R973 closeout tag in)
catalog base: archive R938 section R160 roll summary embedded full list = 286 tokens (tail C-K163a)
AC-R1732 catalog chain: R160 286 + R161 4 + R162 4 + R163 3 + R164 6 + R165 6 + R166 17 + R167 21 + R168 26 + R169 34 + R170 34 + R171 44 = 485 (archive-section mechanical recovery, R161..R165 exact-list asserted, R166..R171 count-asserted)
catalog + R172 roll live embedded 13 new (winA[0]) = 498 total (in-register)
AC-R1732 window new tokens: 2 'O-2026-0930-013/AC-R1721' (regex mechanical zero hand-picked, folded-line extraction vs retained-set diff), catalog 498 -> 500, missing=[] asserted
AC-R1732 compress-precedent list carried mechanically (range end R758..R966 -> R758..R970, latest completed fold before this round, archive pointer kept truthful)
AC-R1731 archive pre-op markers = 165 (in-register expectation per R970 fold close); backup target logs/state-preop-R973.bak
AC-R1734 in-fold projection: post-fold 71598 B, projected final 76053 B margin 2447 B (<= 78,500B gate satisfied in-fold)
S_new 2185 B / E_new 2752 B / T_new 272 B structural constraints all pass (prefixes, tag accounting, no beat/quote/backslash/forbidden tags)
AC-R1733b top fields flat (DEC 131 tokens / ORD 2026-09-28 22:1x / GORD 152 flat round / BENCH 10-03), tick 972->973 only, head region byte-identical except tick digit
probe post : {"W": 58, "idle": 37, "idle_round": 8, "nop": 3, "wait": 2, "round": 25, "tokens": 10, "sub": 7}  (== pre-registered register, zero drift asserted pre-write)
AC-R1731 backup logs/state-preop-R973.bak written byte-identical
AC-R1733c archive pure-append: 14356509 -> 14437673 B; markers 165 -> 166
AC-R1733d state.json written (temp+replace, re-read asserted: tick 973, log 60 items = 55 head + 1 roll + 2 kept-pair + 2 closeout, probe in-register, dual-gauge parse pass)
AC-R1734 final size: 76053 B, margin 2447 B under 78,500B gate; post-fold 71598 B
AC-R1735 delivery: state log R973 lines + backlog R973 done row + commit contains P-2026-09-25-18 (P-51 protocol)
GORD flat companion note: canonical scan sha16 257A6CC1056A1759 same baseline gord_new_rows=0, last_gord_tbl_rows 152 unchanged, CEO physicals zone unchanged (merchant-id/server/domain/filing still pending). D-20260930-19 consumption steps derived pass: (1) decisions dispatch board zero new company rows (DEC 131 tokens flat), (2) CEO physicals zone unchanged. Fold-round write set discipline: backlog + state.json + archive + backup + qa log only.
