[STATE] PASS tick=736 last_order=2026-09-28 22:1x last_decision_rows=165 benchmarks_refreshed=2026-10-01 log_lines=62 state_bytes=82737
[LEDGER] PASS lines=260 atbd_rows=26 conflict=0 lastp=P-2026-09-29-13,P-2026-09-29-10,P-2026-09-29-13
[DEC] FLAG rows=192 known_tokens=112 new_tokens=10 (content-addressed; row baseline=165 secondary)
  dec_new_tok C-20260930-04 : | C-20260930-04 | 2026-09-30（00:00 常务轮票档） | 硅基城市线「反复打回」根治：修法四件〔触发=council §三① 跨 ≥3 司+CEO 直令点名委员会=同窗收口·orders O-2026-0930-011〕 | `cph4/council/C-20260930-04-bill.md`（打回根因四条本日实锚=判据未前置冻结〔U288/U328/U331〕+真包证据缺位〔U328 挂账〕+在飞面互踩〔U321 再证+五棒代理膨胀死〕+CEO 口味门后置〔O-1610/O-1500 整批打回〕+正面进度账〔CitySim v0.1 五断言/音频 V1/灰胶...
  dec_new_tok C-20260930-05 : | C-20260930-05 | 2026-09-30（00:00 常务轮票档） | token 消耗全流程顶层梳理：三面流量普查组织+科学减案四径〔触发=council §三①+CEO 直令=同窗收口·orders O-2026-0930-016〕 | orders O-016 行（三面框架+三源数据面）+`cph4/council/C-20260930-06-bill.md` 实测基线（全集团记忆件 248.8KB/18 件/≈142K tokens·gaming 线窗连吃链 ≈95K tokens）+09-30 16:33 五代理膨胀死判例+合典 60KB 整读禁令已立 | 四径减案全...
  dec_new_tok C-20260930-06 : | C-20260930-05 | 2026-09-30（00:00 常务轮票档） | token 消耗全流程顶层梳理：三面流量普查组织+科学减案四径〔触发=council §三①+CEO 直令=同窗收口·orders O-2026-0930-016〕 | orders O-016 行（三面框架+三源数据面）+`cph4/council/C-20260930-06-bill.md` 实测基线（全集团记忆件 248.8KB/18 件/≈142K tokens·gaming 线窗连吃链 ≈95K tokens）+09-30 16:33 五代理膨胀死判例+合典 60KB 整读禁令已立 | 四径减案全...
  dec_new_tok D-20261001-01 : | 2026-10-01 | D-20261001-01 回执核销批 11+催办域界分（09-30 午后~23:00 收取面） | bigmoney F-20260930-01/02+BigStream F-20260930-01/03/04+BigLife F-20260930-BL01~05+BigCompute BC-F-20260930-14~17+BigDomain R683/R704/R711+MiniGame AI反馈队列 FB-20260930-04/05+夜轮 09-30 03:07/15:07 点名面 | 本轮独立复扫：昨日 overruled=0（台账零驳回行·无再报请件...
  dec_new_tok D-20261001-02 : | 2026-10-01 | D-20261001-01 回执核销批 11+催办域界分（09-30 午后~23:00 收取面） | bigmoney F-20260930-01/02+BigStream F-20260930-01/03/04+BigLife F-20260930-BL01~05+BigCompute BC-F-20260930-14~17+BigDomain R683/R704/R711+MiniGame AI反馈队列 FB-20260930-04/05+夜轮 09-30 03:07/15:07 点名面 | 本轮独立复扫：昨日 overruled=0（台账零驳回行·无再报请件...
  dec_new_tok D-20261001-03 : | **D-20261001-03** | **七司全部（消费步口径）** | 集团台账只读消费正典：`git fetch`+`git show origin/main:<path>`（禁 working-tree pull/rebase/checkout 集团树） | 10-03 12:00 | 派工·本班拍板（双司先例可照抄：BigStream F-20260930-01/BigMoney bm-c） |
  dec_new_tok D-20261001-04 : | 2026-10-01 | D-20261001-01 回执核销批 11+催办域界分（09-30 午后~23:00 收取面） | bigmoney F-20260930-01/02+BigStream F-20260930-01/03/04+BigLife F-20260930-BL01~05+BigCompute BC-F-20260930-14~17+BigDomain R683/R704/R711+MiniGame AI反馈队列 FB-20260930-04/05+夜轮 09-30 03:07/15:07 点名面 | 本轮独立复扫：昨日 overruled=0（台账零驳回行·无再报请件...
  dec_new_tok D-20261001-05 : | 2026-10-01 | D-20261001-01 回执核销批 11+催办域界分（09-30 午后~23:00 收取面） | bigmoney F-20260930-01/02+BigStream F-20260930-01/03/04+BigLife F-20260930-BL01~05+BigCompute BC-F-20260930-14~17+BigDomain R683/R704/R711+MiniGame AI反馈队列 FB-20260930-04/05+夜轮 09-30 03:07/15:07 点名面 | 本轮独立复扫：昨日 overruled=0（台账零驳回行·无再报请件...
  dec_new_tok D-20261001-06 : | **D-20261001-06** | **FluxVerse/City3D** | BigHouse 赋能单 a：数字家宅与家宅街区模块规格书（48 包选件+缺口判定呈报） | 10-03 12:00 | 派工·待回执（SLA 从决策读取步首读起算·D-20260930-19 在飞） |
  dec_new_tok D-20261001-07 : | 2026-10-01 | D-20261001-01 回执核销批 11+催办域界分（09-30 午后~23:00 收取面） | bigmoney F-20260930-01/02+BigStream F-20260930-01/03/04+BigLife F-20260930-BL01~05+BigCompute BC-F-20260930-14~17+BigDomain R683/R704/R711+MiniGame AI反馈队列 FB-20260930-04/05+夜轮 09-30 03:07/15:07 点名面 | 本轮独立复扫：昨日 overruled=0（台账零驳回行·无再报请件...
[GORD] INFO lines=260 tbl_rows=141 atbd=7 sha16=D978090E216C436D
  gord_last_table_row: | 09-30 ~22:2x | 「决策委员会要牵头，让各子公司不停的迭代自己的工作流，让他们的工作流更加顺畅、高效、简洁。然后还要先进和创新。」 | **工作流持续迭代令（委员会牵头·各司不停自我迭代·四标+双翼）**（registry O-2026-0930-025·CEO 直令点名委员会通道·四环周期律执法升格·承接 C-20260928-02 梳理批+流程瘦身日 §8.5）：①**牵头面*...
  gord_last_line: | 09-30 ~22:2x | 「决策委员会要牵头，让各子公司不停的迭代自己的工作流，让他们的工作流更加顺畅、高效、简洁。然后还要先进和创新。」 | **工作流持续迭代令（委员会牵头·各司不停自我迭代·四标+双翼）**（registry O-2026-0930-025·CEO 直令点名委员会通道·四环周期律执法升格·承接 C-20260928-02 梳理批+流程瘦身日 §8.5）：①**牵头面*...
[GROUPSRC] cph4/evolution-ledger.md=origin-main docs/decisions.md=origin-main docs/orders.md=origin-main | canon D-20261001-03: git fetch + git show origin/main:<path>; worktree read = fallback only
[ORD] PASS last=2026-09-28 22:1x baseline=2026-09-28 22:1x
[BENCH] PASS days=0 refreshed=2026-10-01
[QA] PASS today_png=1 today_log=1 bench_today=True
[TASKS] INFO tasks_unchecked=2 backlog_open=3 blocked_on_ceo=1 claimable=2
[EXPORT] PASS age_h=0.2 export_ts=2026-10-01T00:18:39+08:00
[TREE] FLAG dirty=1
  git:  M tools/skills/bigdomain-loop-scan/scripts/scan_five_still.ps1
