R556 self_drive face regression re-run (BD-PROP-001 successor, F3 zero-hardcode check)
criterion: in-window=^2026-09-2[3-9] prefix; paren-format window summaries (incl cross-day 2026-09-2X/2Y) excluded; W=nonparen lines; tokens=^date R<digits> tokens:; P2-receipt=^date R<digits> P2
[ENUM] log_total=63 in_window=62 paren_in_window=33 tokens_in_window=12 nonparen=29 nonround_other=0
[ENUM] idle-fast mention: nonparen=8 all-in-window=38 ; no-pullable mention: nonparen=0 all-in-window=2
--- nonparen enumeration (kind: tok|round|other; flags: I=idle-fast N=no-pullable) ---
[roundI] 2026-09-26 R256 ?????????state.json ??? R2?P-2026-09-25-18 ???????R193 ??? 09-29 ???????=?????? 1,96
[tok] 2026-09-26 R256 tokens: local=unmeasured api=unmeasured api_reason=?? codely ??? token ?????????????
[round] 2026-09-26 R265 dec ????D-20260926-05/06/07/08/09/10/11 ?????????=????????D-05=BigMoney/FluxVerse/Bi
[round] 2026-09-26 R265 gord ???L218 ???????????? P0?4 ???audit ??=09-28 ?????????+L219 BigCompute ?????????
[round] 2026-09-26 R265 P-2026-09-26-03 ???????????? orders L220?@????????????????????ack=???? ~10:0x?orders
[round] 2026-09-26 R265 P2 ?? HQ-FEEDBACK ?????????? discrepancy??D-20260926-11 ???? 3/8?BigLife/CPH4/FluxVe
[roundI] 2026-09-26 R265?~1209 beat?? idle-fast ??????? FLAG/INFO ??????decisions +7 ?=43??????????? R265 dec
[tok] 2026-09-26 R265 tokens: local=unmeasured api=unmeasured api_reason=?? codely ??? token ?????????????
[round] 2026-09-26 R266 P-2026-09-26-03 ??? BD-SD1 ????????????R265 ??????????????????+19.9 ????????????? do
[roundI] 2026-09-26 R266?~1232 beat?? idle-fast ???????=[TASKS] INFO ????BD-SD1 ???+GORD L220 ????????+decisi
[tok] 2026-09-26 R266 tokens: local=unmeasured api=unmeasured api_reason=?? codely ??? token ???????????? 
[roundI] 2026-09-26 R267?~1238 beat?? idle-fast?BD-SD2 ??????????=[TASKS] INFO ??????? BD-SD2 ???+???? PASS?l
[tok] 2026-09-26 R267 tokens: local=unmeasured api=unmeasured api_reason=?? codely ??? token ?????????????
[roundI] 2026-09-26 R268?~1245 beat?? idle-fast?BD-SD3 ??????????=[TASKS] INFO ??????? BD-SD3 ???+???? PASS?l
[tok] 2026-09-26 R268 tokens: local=unmeasured api=unmeasured api_reason=?? codely ??? token ?????????????
[roundI] 2026-09-27 R450?~1944 beat?? idle-fast ???????=state.json ??? R17?P-2026-09-25-18 ????????R449 ?????
[tok] 2026-09-27 R450 tokens: local=unmeasured api=unmeasured api_reason=?? codely ??? token ?????????????
[roundI] 2026-09-27 R460?~2124 beat?? idle-fast ???????=state.json ??? R18?P-2026-09-25-18 ????????R459 ?????
[tok] 2026-09-27 R460 tokens: local=unmeasured api=unmeasured api_reason=?? codely ??? token ?????????????
[roundI] 2026-09-27 R468?~2250 beat?? idle-fast ???????=state.json ??? R19?P-2026-09-25-18 ????????R467 ?????
[tok] 2026-09-27 R468 tokens: local=unmeasured api=unmeasured api_reason=?? codely ??? token ?????????????
[round] 2026-09-29 R545?~0223 beat?????????=state.json ??? R33+??????????????R536 ????P-2026-09-25-18 ??????
[tok] 2026-09-29 R545 tokens: local=unmeasured api=unmeasured api_reason=?? codely ??? token ?????????????
[round] 2026-09-29 R553?~0445 beat?????????=state.json ??? R34+??????????????R545 ????P-2026-09-25-18 ??????
[tok] 2026-09-29 R553 tokens: local=unmeasured api=unmeasured api_reason=?? codely ??? token ?????????????
[round] 2026-09-29 R554?~0505 beat???????????=tech ???????R553 ????????????????? scan exit 0??STATE PASS tic
[tok] 2026-09-29 R554 tokens: local=unmeasured api=unmeasured api_reason=?? codely ??? token ?????????????
[round] 2026-09-29 R555?~0523 beat???????????=tech ? pay V3 ????R554 ??????????????? scan exit 0??STATE PASS
[tok] 2026-09-29 R555 tokens: local=unmeasured api=unmeasured api_reason=?? codely ??? token ?????????????
[ENUM] p2-receipt lines: 1
[CALC] W(nonparen)=29 idle=8 nop=0 ; sub candidates: v1(nonparen-tokens)=17 v2(v1-p2receipt)=16 v3(v1-decl)=9
[FIELD] log_lines_in_window recompute=29 export=29 PASS
[FIELD] idle_fast_mention_lines recompute=8 export=8 PASS
[FIELD] no_pullable_mention_lines recompute=0 export=0 PASS
[FIELD] substantive_non_idle_mention_lines recompute=16 export=16 PASS
[FIELD] proposals_total recompute=1 export=1 PASS
[FIELD] proposals_open recompute=1 export=1 PASS
[FIELD] queue_main_open recompute=10 export=10 PASS
[FIELD] queue_tech_open recompute=5 export=5 PASS
[FIELD] queue_explore_open recompute=10 export=10 PASS
[FIELD] window recompute=2026-09-23..2026-09-29 export=2026-09-23..2026-09-29 PASS
[TICKROW] export_results_tick=552 actual_state_tick=555 drift=YES->fix_at_closeout_to_556
[ROUNDTRIP] bom=True export json.dumps(load) byte-identical=True raw_bytes=70290 dump_bytes=70290
[SUMMARY] 10/10 fields PASS; tick-row drift finding queued for closeout fix; zero new external API touchpoints
[CLOSEOUT] post-append recount W=31 idle=8 nop=0 sub=17 props=1/1 queues=10/4/10 ; export_ts=2026-09-29T05:50:41+08:00 ; tick row 552->556 fixed=1 ; method appended ; results row appended
